Archive member included to satisfy reference by file (symbol)

/home/igor/.pico-sdk/toolchain/14_2_Rel1/bin/../lib/gcc/arm-none-eabi/14.2.1/thumb/v6-m/nofp/libgcc.a(_dvmd_tls.o)
                              CMakeFiles/firmware.dir/home/igor/.pico-sdk/sdk/2.2.0/src/rp2_common/pico_divider/divider_hardware.S.o (__aeabi_idiv0)
/home/igor/.pico-sdk/toolchain/14_2_Rel1/bin/../lib/gcc/arm-none-eabi/14.2.1/../../../../arm-none-eabi/lib/thumb/v6-m/nofp/libg.a(libc_a-atoi.o)
                              CMakeFiles/firmware.dir/home/igor/.pico-sdk/sdk/2.2.0/lib/lwip/src/core/netif.c.o (atoi)
/home/igor/.pico-sdk/toolchain/14_2_Rel1/bin/../lib/gcc/arm-none-eabi/14.2.1/../../../../arm-none-eabi/lib/thumb/v6-m/nofp/libg.a(libc_a-calloc.o)
                              CMakeFiles/firmware.dir/home/igor/.pico-sdk/sdk/2.2.0/src/rp2_common/pico_malloc/malloc.c.o (calloc)
/home/igor/.pico-sdk/toolchain/14_2_Rel1/bin/../lib/gcc/arm-none-eabi/14.2.1/../../../../arm-none-eabi/lib/thumb/v6-m/nofp/libg.a(libc_a-callocr.o)
                              /home/igor/.pico-sdk/toolchain/14_2_Rel1/bin/../lib/gcc/arm-none-eabi/14.2.1/../../../../arm-none-eabi/lib/thumb/v6-m/nofp/libg.a(libc_a-calloc.o) (_calloc_r)
/home/igor/.pico-sdk/toolchain/14_2_Rel1/bin/../lib/gcc/arm-none-eabi/14.2.1/../../../../arm-none-eabi/lib/thumb/v6-m/nofp/libg.a(libc_a-malloc.o)
                              CMakeFiles/firmware.dir/home/igor/.pico-sdk/sdk/2.2.0/src/rp2_common/pico_malloc/malloc.c.o (malloc)
/home/igor/.pico-sdk/toolchain/14_2_Rel1/bin/../lib/gcc/arm-none-eabi/14.2.1/../../../../arm-none-eabi/lib/thumb/v6-m/nofp/libg.a(libc_a-mallocr.o)
                              /home/igor/.pico-sdk/toolchain/14_2_Rel1/bin/../lib/gcc/arm-none-eabi/14.2.1/../../../../arm-none-eabi/lib/thumb/v6-m/nofp/libg.a(libc_a-callocr.o) (_malloc_r)
/home/igor/.pico-sdk/toolchain/14_2_Rel1/bin/../lib/gcc/arm-none-eabi/14.2.1/../../../../arm-none-eabi/lib/thumb/v6-m/nofp/libg.a(libc_a-mlock.o)
                              /home/igor/.pico-sdk/toolchain/14_2_Rel1/bin/../lib/gcc/arm-none-eabi/14.2.1/../../../../arm-none-eabi/lib/thumb/v6-m/nofp/libg.a(libc_a-mallocr.o) (__malloc_lock)
/home/igor/.pico-sdk/toolchain/14_2_Rel1/bin/../lib/gcc/arm-none-eabi/14.2.1/../../../../arm-none-eabi/lib/thumb/v6-m/nofp/libg.a(libc_a-realloc.o)
                              CMakeFiles/firmware.dir/home/igor/.pico-sdk/sdk/2.2.0/src/rp2_common/pico_malloc/malloc.c.o (realloc)
/home/igor/.pico-sdk/toolchain/14_2_Rel1/bin/../lib/gcc/arm-none-eabi/14.2.1/../../../../arm-none-eabi/lib/thumb/v6-m/nofp/libg.a(libc_a-reallocr.o)
                              /home/igor/.pico-sdk/toolchain/14_2_Rel1/bin/../lib/gcc/arm-none-eabi/14.2.1/../../../../arm-none-eabi/lib/thumb/v6-m/nofp/libg.a(libc_a-realloc.o) (_realloc_r)
/home/igor/.pico-sdk/toolchain/14_2_Rel1/bin/../lib/gcc/arm-none-eabi/14.2.1/../../../../arm-none-eabi/lib/thumb/v6-m/nofp/libg.a(libc_a-strtol.o)
                              /home/igor/.pico-sdk/toolchain/14_2_Rel1/bin/../lib/gcc/arm-none-eabi/14.2.1/../../../../arm-none-eabi/lib/thumb/v6-m/nofp/libg.a(libc_a-atoi.o) (_strtol_r)
/home/igor/.pico-sdk/toolchain/14_2_Rel1/bin/../lib/gcc/arm-none-eabi/14.2.1/../../../../arm-none-eabi/lib/thumb/v6-m/nofp/libg.a(libc_a-ctype_.o)
                              CMakeFiles/firmware.dir/home/igor/.pico-sdk/sdk/2.2.0/lib/lwip/src/core/dns.c.o (_ctype_)
/home/igor/.pico-sdk/toolchain/14_2_Rel1/bin/../lib/gcc/arm-none-eabi/14.2.1/../../../../arm-none-eabi/lib/thumb/v6-m/nofp/libg.a(libc_a-memcmp.o)
                              CMakeFiles/firmware.dir/home/igor/.pico-sdk/sdk/2.2.0/src/rp2_common/pico_atomic/atomic.c.o (memcmp)
/home/igor/.pico-sdk/toolchain/14_2_Rel1/bin/../lib/gcc/arm-none-eabi/14.2.1/../../../../arm-none-eabi/lib/thumb/v6-m/nofp/libg.a(libc_a-memmove.o)
                              CMakeFiles/firmware.dir/home/igor/.pico-sdk/sdk/2.2.0/lib/lwip/src/core/def.c.o (memmove)
/home/igor/.pico-sdk/toolchain/14_2_Rel1/bin/../lib/gcc/arm-none-eabi/14.2.1/../../../../arm-none-eabi/lib/thumb/v6-m/nofp/libg.a(libc_a-strncmp.o)
                              CMakeFiles/firmware.dir/home/igor/.pico-sdk/sdk/2.2.0/lib/lwip/src/core/def.c.o (strncmp)
/home/igor/.pico-sdk/toolchain/14_2_Rel1/bin/../lib/gcc/arm-none-eabi/14.2.1/../../../../arm-none-eabi/lib/thumb/v6-m/nofp/libg.a(libc_a-lcltime_r.o)
                              CMakeFiles/firmware.dir/home/igor/.pico-sdk/sdk/2.2.0/src/common/pico_util/datetime.c.o (localtime_r)
/home/igor/.pico-sdk/toolchain/14_2_Rel1/bin/../lib/gcc/arm-none-eabi/14.2.1/../../../../arm-none-eabi/lib/thumb/v6-m/nofp/libg.a(libc_a-mktime.o)
                              CMakeFiles/firmware.dir/home/igor/.pico-sdk/sdk/2.2.0/src/common/pico_util/datetime.c.o (mktime)
/home/igor/.pico-sdk/toolchain/14_2_Rel1/bin/../lib/gcc/arm-none-eabi/14.2.1/../../../../arm-none-eabi/lib/thumb/v6-m/nofp/libg.a(libc_a-month_lengths.o)
[...]
Memory Configuration

Name             Origin             Length             Attributes
FLASH            0x10000000         0x00200000         xr
RAM              0x20000000         0x00040000         xrw
SCRATCH_X        0x20040000         0x00001000         xrw
SCRATCH_Y        0x20041000         0x00001000         xrw
*default*        0x00000000         0xffffffff

Linker script and memory map

LOAD /home/igor/.pico-sdk/toolchain/14_2_Rel1/bin/../lib/gcc/arm-none-eabi/14.2.1/thumb/v6-m/nofp/crti.o
LOAD /home/igor/.pico-sdk/toolchain/14_2_Rel1/bin/../lib/gcc/arm-none-eabi/14.2.1/thumb/v6-m/nofp/crtbegin.o
LOAD /home/igor/.pico-sdk/toolchain/14_2_Rel1/bin/../lib/gcc/arm-none-eabi/14.2.1/../../../../arm-none-eabi/lib/thumb/v6-m/nofp/crt0.o

.flash_begin    0x10000000        0x0
                0x10000000                        __flash_binary_start = .

.boot2          0x10000000      0x100
                0x10000000                        __boot2_start__ = .
 *(.boot2)
 .boot2         0x10000000      0x100 pico-sdk/src/rp2040/boot_stage2/CMakeFiles/bs2_default_library.dir/./bs2_default_padded_checksummed.S.o
                0x10000100                        __boot2_end__ = .
                0x00000001                        ASSERT (((__boot2_end__ - __boot2_start__) == 0x100), ERROR: Pico second stage bootloader must be 256 bytes in size)

.text           0x10000100    0x1a714
                0x10000100                        __logical_binary_start = .
 *(.vectors)
 .vectors       0x10000100       0xd4 CMakeFiles/firmware.dir/home/igor/.pico-sdk/sdk/2.2.0/src/rp2_common/pico_crt0/crt0.S.o
                0x10000100                __vectors
                0x10000100                __VECTOR_TABLE
                0x100001c0                isr_irq30
                0x100001c0                __unhandled_user_irq
                0x100001c0                isr_irq13
                0x100001c0                isr_irq27
                0x100001c0                isr_irq31
                0x100001c0                isr_irq5
                0x100001c0                isr_irq11
                0x100001c0                isr_irq23
                0x100001c0                isr_irq18
                0x100001c0                isr_irq28
                0x100001c0                isr_irq19
                0x100001c0                isr_irq0
                0x100001c0                isr_irq6
                0x100001c0                isr_irq22
                0x100001c0                isr_irq17
                0x100001c0                isr_irq14
                0x100001c0                __vectors_end
                0x100001c0                __default_isrs_start
                0x100001c0                isr_irq2
                0x100001c0                isr_irq10
                0x100001c0                isr_irq8
                0x100001c0                isr_irq24
                0x100001c0                isr_irq1
                0x100001c0                isr_irq7
                0x100001c0                isr_irq21
                0x100001c0                isr_irq20
                0x100001c0                isr_irq15
                0x100001c0                isr_irq25
                0x100001c0                isr_irq4
                0x100001c0                isr_irq16
                0x100001c0                isr_irq29
                0x100001c0                isr_irq26
                0x100001c0                isr_irq3
                0x100001c0                isr_irq12
                0x100001c0                isr_irq9
                0x100001c6                unhandled_user_irq_num_in_r0
                0x100001c8                isr_invalid
                0x100001ca                isr_nmi
                0x100001cc                isr_hardfault
                0x100001ce                isr_svcall
                0x100001d0                isr_pendsv
                0x100001d2                isr_systick
                0x100001d4                __default_isrs_end
 *(.binary_info_header)
 .binary_info_header
                0x100001d4       0x14 CMakeFiles/firmware.dir/home/igor/.pico-sdk/sdk/2.2.0/src/rp2_common/pico_crt0/crt0.S.o
                0x100001e8                        __binary_info_header_end = .
 *(.embedded_block)
                0x100001e8                        __embedded_block_end = .
 *(.reset)
 .reset         0x100001e8       0x9c CMakeFiles/firmware.dir/home/igor/.pico-sdk/sdk/2.2.0/src/rp2_common/pico_crt0/crt0.S.o
                0x100001e8                _entry_point
 *(.init)
 .init          0x10000284        0x4 /home/igor/.pico-sdk/toolchain/14_2_Rel1/bin/../lib/gcc/arm-none-eabi/14.2.1/thumb/v6-m/nofp/crti.o
                0x10000284                _init
 *(EXCLUDE_FILE(*libm.a: *libc.a:*lib_a-mem*.o *libgcc.a:) .text*)
 .text.register_tm_clones
                0x10000288       0x28 /home/igor/.pico-sdk/toolchain/14_2_Rel1/bin/../lib/gcc/arm-none-eabi/14.2.1/thumb/v6-m/nofp/crtbegin.o
 .text.frame_dummy
                0x100002b0       0x24 /home/igor/.pico-sdk/toolchain/14_2_Rel1/bin/../lib/gcc/arm-none-eabi/14.2.1/thumb/v6-m/nofp/crtbegin.o
 .text._Z19mqtt_pub_request_cbPva
                0x100002d4       0x10 CMakeFiles/firmware.dir/firmware.cpp.o
                0x100002d4                mqtt_pub_request_cb(void*, signed char)
 .text._Z19mqtt_sub_request_cbPva
                0x100002e4       0x10 CMakeFiles/firmware.dir/firmware.cpp.o
                0x100002e4                mqtt_sub_request_cb(void*, signed char)
 .text._Z24mqtt_incoming_publish_cbPvPKcm
                0x100002f4       0x10 CMakeFiles/firmware.dir/firmware.cpp.o
                0x100002f4                mqtt_incoming_publish_cb(void*, char const*, unsigned long)
 .text._Z21mqtt_incoming_data_cbPvPKhth
                0x10000304       0x7c CMakeFiles/firmware.dir/firmware.cpp.o
                0x10000304                mqtt_incoming_data_cb(void*, unsigned char const*, unsigned short, unsigned char)
 .text._Z18mqtt_connection_cbP13mqtt_client_sPv24mqtt_connection_status_t
                0x10000380       0x78 CMakeFiles/firmware.dir/firmware.cpp.o
                0x10000380                mqtt_connection_cb(mqtt_client_s*, void*, mqtt_connection_status_t)
 .text._Z13dense_softmaxPKfiS0_S0_iPf.constprop.0
                0x100003f8       0xe4 CMakeFiles/firmware.dir/firmware.cpp.o
 .text._Z17lstm_forward_stepPKfiS0_S0_iS0_S0_S0_PfS1_.constprop.0
                0x100004dc      0x1e8 CMakeFiles/firmware.dir/firmware.cpp.o
 .text._Z17lstm_forward_stepPKfiS0_S0_iS0_S0_S0_PfS1_.constprop.1
                0x100006c4      0x1c4 CMakeFiles/firmware.dir/firmware.cpp.o
 .text._Z14run_predictionPA1_fi.constprop.0
                0x10000888      0x2dc CMakeFiles/firmware.dir/firmware.cpp.o
 .text._Z11core1_entryv
                0x10000b64       0x20 CMakeFiles/firmware.dir/firmware.cpp.o
                0x10000b64                core1_entry()
 .text.startup.main
                0x10000b84      0x52c CMakeFiles/firmware.dir/firmware.cpp.o
                0x10000b84                main
 .text.gpio_set_function
                0x100010b0       0x34 CMakeFiles/firmware.dir/home/igor/.pico-sdk/sdk/2.2.0/src/rp2_common/hardware_gpio/gpio.c.o
                0x100010b0                gpio_set_function
 .text.gpio_set_pulls
                0x100010e4       0x28 CMakeFiles/firmware.dir/home/igor/.pico-sdk/sdk/2.2.0/src/rp2_common/hardware_gpio/gpio.c.o
                0x100010e4                gpio_set_pulls
 .text.gpio_set_input_hysteresis_enabled
                0x1000110c       0x28 CMakeFiles/firmware.dir/home/igor/.pico-sdk/sdk/2.2.0/src/rp2_common/hardware_gpio/gpio.c.o
                0x1000110c                gpio_set_input_hysteresis_enabled
 .text.gpio_set_irq_enabled
                0x10001134       0x58 CMakeFiles/firmware.dir/home/igor/.pico-sdk/sdk/2.2.0/src/rp2_common/hardware_gpio/gpio.c.o
                0x10001134                gpio_set_irq_enabled
 .text.gpio_add_raw_irq_handler_with_order_priority_masked
                0x1000118c       0x44 CMakeFiles/firmware.dir/home/igor/.pico-sdk/sdk/2.2.0/src/rp2_common/hardware_gpio/gpio.c.o
                0x1000118c                gpio_add_raw_irq_handler_with_order_priority_masked
 .text.gpio_remove_raw_irq_handler_masked
                0x100011d0       0x20 CMakeFiles/firmware.dir/home/igor/.pico-sdk/sdk/2.2.0/src/rp2_common/hardware_gpio/gpio.c.o
                0x100011d0                gpio_remove_raw_irq_handler_masked
 .text.gpio_init
                0x100011f0       0x40 CMakeFiles/firmware.dir/home/igor/.pico-sdk/sdk/2.2.0/src/rp2_common/hardware_gpio/gpio.c.o
                0x100011f0                gpio_init
 .text.rp2040_chip_version
                0x10001230        0xc CMakeFiles/firmware.dir/home/igor/.pico-sdk/sdk/2.2.0/src/rp2040/pico_platform/platform.c.o
                0x10001230                rp2040_chip_version
 .text.panic    0x1000123c       0x30 CMakeFiles/firmware.dir/home/igor/.pico-sdk/sdk/2.2.0/src/rp2_common/pico_platform_panic/panic.c.o
                0x1000123c                panic
 .text.hw_claim_lock
                0x1000126c       0x18 CMakeFiles/firmware.dir/home/igor/.pico-sdk/sdk/2.2.0/src/common/hardware_claim/claim.c.o
                0x1000126c                hw_claim_lock
 .text.hw_claim_unlock
                0x10001284       0x14 CMakeFiles/firmware.dir/home/igor/.pico-sdk/sdk/2.2.0/src/common/hardware_claim/claim.c.o
                0x10001284                hw_claim_unlock
 .text.hw_claim_or_assert
                0x10001298       0x44 CMakeFiles/firmware.dir/home/igor/.pico-sdk/sdk/2.2.0/src/common/hardware_claim/claim.c.o
                0x10001298                hw_claim_or_assert
 .text.hw_claim_unused_from_range
                0x100012dc       0x88 CMakeFiles/firmware.dir/home/igor/.pico-sdk/sdk/2.2.0/src/common/hardware_claim/claim.c.o
                0x100012dc                hw_claim_unused_from_range
 .text.hw_claim_clear
                0x10001364       0x38 CMakeFiles/firmware.dir/home/igor/.pico-sdk/sdk/2.2.0/src/common/hardware_claim/claim.c.o
                0x10001364                hw_claim_clear
 .text.next_striped_spin_lock_num
                0x1000139c       0x18 CMakeFiles/firmware.dir/home/igor/.pico-sdk/sdk/2.2.0/src/rp2_common/hardware_sync/sync.c.o
                0x1000139c                next_striped_spin_lock_num
 .text.spin_lock_claim_unused
                0x100013b4       0x24 CMakeFiles/firmware.dir/home/igor/.pico-sdk/sdk/2.2.0/src/rp2_common/hardware_sync/sync.c.o
                0x100013b4                spin_lock_claim_unused
 .text.spin_locks_reset
                0x100013d8       0x1c CMakeFiles/firmware.dir/home/igor/.pico-sdk/sdk/2.2.0/src/rp2_common/hardware_sync_spin_lock/sync_spin_lock.c.o
                0x100013d8                spin_locks_reset
 .text.runtime_init_per_core_irq_priorities
                0x100013f4       0x24 CMakeFiles/firmware.dir/home/igor/.pico-sdk/sdk/2.2.0/src/rp2_common/hardware_irq/irq.c.o
                0x100013f4                runtime_init_per_core_irq_priorities
 .text.irq_set_enabled
                0x10001418       0x24 CMakeFiles/firmware.dir/home/igor/.pico-sdk/sdk/2.2.0/src/rp2_common/hardware_irq/irq.c.o
                0x10001418                irq_set_enabled
 .text.irq_is_enabled
                0x1000143c       0x18 CMakeFiles/firmware.dir/home/igor/.pico-sdk/sdk/2.2.0/src/rp2_common/hardware_irq/irq.c.o
                0x1000143c                irq_is_enabled
 .text.irq_set_pending
                0x10001454       0x10 CMakeFiles/firmware.dir/home/igor/.pico-sdk/sdk/2.2.0/src/rp2_common/hardware_irq/irq.c.o
                0x10001454                irq_set_pending
 .text.irq_has_shared_handler
                0x10001464       0x24 CMakeFiles/firmware.dir/home/igor/.pico-sdk/sdk/2.2.0/src/rp2_common/hardware_irq/irq.c.o
                0x10001464                irq_has_shared_handler
 .text.irq_set_exclusive_handler
                0x10001488       0x54 CMakeFiles/firmware.dir/home/igor/.pico-sdk/sdk/2.2.0/src/rp2_common/hardware_irq/irq.c.o
                0x10001488                irq_set_exclusive_handler
 .text.irq_add_shared_handler
                0x100014dc      0x1f4 CMakeFiles/firmware.dir/home/igor/.pico-sdk/sdk/2.2.0/src/rp2_common/hardware_irq/irq.c.o
                0x100014dc                irq_add_shared_handler
 .text.irq_remove_handler
                0x100016d0      0x1d4 CMakeFiles/firmware.dir/home/igor/.pico-sdk/sdk/2.2.0/src/rp2_common/hardware_irq/irq.c.o
                0x100016d0                irq_remove_handler
 .text.irq_set_priority
                0x100018a4       0x28 CMakeFiles/firmware.dir/home/igor/.pico-sdk/sdk/2.2.0/src/rp2_common/hardware_irq/irq.c.o
                0x100018a4                irq_set_priority
 .text.irq_add_tail_to_free_list
                0x100018cc       0xb4 CMakeFiles/firmware.dir/home/igor/.pico-sdk/sdk/2.2.0/src/rp2_common/hardware_irq/irq.c.o
                0x100018cc                irq_add_tail_to_free_list
 .text.user_irq_unclaim
                0x10001980       0x14 CMakeFiles/firmware.dir/home/igor/.pico-sdk/sdk/2.2.0/src/rp2_common/hardware_irq/irq.c.o
                0x10001980                user_irq_unclaim
 .text.user_irq_claim_unused
                0x10001994       0x2c CMakeFiles/firmware.dir/home/igor/.pico-sdk/sdk/2.2.0/src/rp2_common/hardware_irq/irq.c.o
                0x10001994                user_irq_claim_unused
 .text.sem_init
                0x100019c0       0x20 CMakeFiles/firmware.dir/home/igor/.pico-sdk/sdk/2.2.0/src/common/pico_sync/sem.c.o
                0x100019c0                sem_init
 .text.lock_init
                0x100019e0       0x10 CMakeFiles/firmware.dir/home/igor/.pico-sdk/sdk/2.2.0/src/common/pico_sync/lock_core.c.o
                0x100019e0                lock_init
 .text.runtime_init_mutex
                0x100019f0       0x50 CMakeFiles/firmware.dir/home/igor/.pico-sdk/sdk/2.2.0/src/common/pico_sync/mutex.c.o
                0x100019f0                runtime_init_mutex
 .text.mutex_init
                0x10001a40       0x1c CMakeFiles/firmware.dir/home/igor/.pico-sdk/sdk/2.2.0/src/common/pico_sync/mutex.c.o
                0x10001a40                mutex_init
 .text.recursive_mutex_init
                0x10001a5c       0x1c CMakeFiles/firmware.dir/home/igor/.pico-sdk/sdk/2.2.0/src/common/pico_sync/mutex.c.o
                0x10001a5c                recursive_mutex_init
 .text.critical_section_init
                0x10001a78       0x1c CMakeFiles/firmware.dir/home/igor/.pico-sdk/sdk/2.2.0/src/common/pico_sync/critical_section.c.o
                0x10001a78                critical_section_init
 .text.critical_section_init_with_lock_num
                0x10001a94       0x14 CMakeFiles/firmware.dir/home/igor/.pico-sdk/sdk/2.2.0/src/common/pico_sync/critical_section.c.o
                0x10001a94                critical_section_init_with_lock_num
 .text.sleep_until_callback
                0x10001aa8       0x30 CMakeFiles/firmware.dir/home/igor/.pico-sdk/sdk/2.2.0/src/common/pico_time/time.c.o
 .text.alarm_pool_irq_handler
                0x10001ad8      0x300 CMakeFiles/firmware.dir/home/igor/.pico-sdk/sdk/2.2.0/src/common/pico_time/time.c.o
 .text.runtime_init_default_alarm_pool
                0x10001dd8       0xdc CMakeFiles/firmware.dir/home/igor/.pico-sdk/sdk/2.2.0/src/common/pico_time/time.c.o
                0x10001dd8                runtime_init_default_alarm_pool
 .text.alarm_pool_get_default
                0x10001eb4        0x8 CMakeFiles/firmware.dir/home/igor/.pico-sdk/sdk/2.2.0/src/common/pico_time/time.c.o
                0x10001eb4                alarm_pool_get_default
 .text.alarm_pool_create_on_timer_with_unused_hardware_alarm
                0x10001ebc       0xa8 CMakeFiles/firmware.dir/home/igor/.pico-sdk/sdk/2.2.0/src/common/pico_time/time.c.o
                0x10001ebc                alarm_pool_create_on_timer_with_unused_hardware_alarm
 .text.alarm_pool_destroy
                0x10001f64       0x5c CMakeFiles/firmware.dir/home/igor/.pico-sdk/sdk/2.2.0/src/common/pico_time/time.c.o
                0x10001f64                alarm_pool_destroy
 .text.alarm_pool_add_alarm_at
                0x10001fc0       0xd0 CMakeFiles/firmware.dir/home/igor/.pico-sdk/sdk/2.2.0/src/common/pico_time/time.c.o
                0x10001fc0                alarm_pool_add_alarm_at
 .text.alarm_pool_add_alarm_at_force_in_context
                0x10002090       0xb0 CMakeFiles/firmware.dir/home/igor/.pico-sdk/sdk/2.2.0/src/common/pico_time/time.c.o
                0x10002090                alarm_pool_add_alarm_at_force_in_context
 .text.alarm_pool_cancel_alarm
                0x10002140       0x74 CMakeFiles/firmware.dir/home/igor/.pico-sdk/sdk/2.2.0/src/common/pico_time/time.c.o
                0x10002140                alarm_pool_cancel_alarm
 .text.alarm_pool_core_num
                0x100021b4        0x4 CMakeFiles/firmware.dir/home/igor/.pico-sdk/sdk/2.2.0/src/common/pico_time/time.c.o
                0x100021b4                alarm_pool_core_num
 .text.sleep_until
                0x100021b8       0xd0 CMakeFiles/firmware.dir/home/igor/.pico-sdk/sdk/2.2.0/src/common/pico_time/time.c.o
                0x100021b8                sleep_until
 .text.sleep_ms
                0x10002288       0xfc CMakeFiles/firmware.dir/home/igor/.pico-sdk/sdk/2.2.0/src/common/pico_time/time.c.o
                0x10002288                sleep_ms
 .text.best_effort_wfe_or_timeout
                0x10002384      0x10c CMakeFiles/firmware.dir/home/igor/.pico-sdk/sdk/2.2.0/src/common/pico_time/time.c.o
                0x10002384                best_effort_wfe_or_timeout
 .text.alarm_pool_get_default_timer
                0x10002490        0x8 CMakeFiles/firmware.dir/home/igor/.pico-sdk/sdk/2.2.0/src/common/pico_time/time.c.o
                0x10002490                alarm_pool_get_default_timer
 .text.timer_hardware_alarm_claim
                0x10002498       0x14 CMakeFiles/firmware.dir/home/igor/.pico-sdk/sdk/2.2.0/src/rp2_common/hardware_timer/timer.c.o
                0x10002498                timer_hardware_alarm_claim
 .text.timer_hardware_alarm_unclaim
                0x100024ac       0x10 CMakeFiles/firmware.dir/home/igor/.pico-sdk/sdk/2.2.0/src/rp2_common/hardware_timer/timer.c.o
                0x100024ac                timer_hardware_alarm_unclaim
 .text.timer_hardware_alarm_claim_unused
                0x100024bc       0x20 CMakeFiles/firmware.dir/home/igor/.pico-sdk/sdk/2.2.0/src/rp2_common/hardware_timer/timer.c.o
                0x100024bc                timer_hardware_alarm_claim_unused
 .text.timer_time_us_64
                0x100024dc       0x10 CMakeFiles/firmware.dir/home/igor/.pico-sdk/sdk/2.2.0/src/rp2_common/hardware_timer/timer.c.o
                0x100024dc                timer_time_us_64
 .text.time_us_64
                0x100024ec       0x14 CMakeFiles/firmware.dir/home/igor/.pico-sdk/sdk/2.2.0/src/rp2_common/hardware_timer/timer.c.o
                0x100024ec                time_us_64
 .text.busy_wait_until
                0x10002500       0x20 CMakeFiles/firmware.dir/home/igor/.pico-sdk/sdk/2.2.0/src/rp2_common/hardware_timer/timer.c.o
                0x10002500                busy_wait_until
 .text.clock_configure_int_divider
                0x10002520       0xf4 CMakeFiles/firmware.dir/home/igor/.pico-sdk/sdk/2.2.0/src/rp2_common/hardware_clocks/clocks.c.o
                0x10002520                clock_configure_int_divider
 .text.clock_configure_undivided
                0x10002614       0xe8 CMakeFiles/firmware.dir/home/igor/.pico-sdk/sdk/2.2.0/src/rp2_common/hardware_clocks/clocks.c.o
                0x10002614                clock_configure_undivided
 .text.clock_get_hz
                0x100026fc        0xc CMakeFiles/firmware.dir/home/igor/.pico-sdk/sdk/2.2.0/src/rp2_common/hardware_clocks/clocks.c.o
                0x100026fc                clock_get_hz
 .text.pll_init
                0x10002708       0xa4 CMakeFiles/firmware.dir/home/igor/.pico-sdk/sdk/2.2.0/src/rp2_common/hardware_pll/pll.c.o
                0x10002708                pll_init
 .text.watchdog_reboot
                0x100027ac       0x9c CMakeFiles/firmware.dir/home/igor/.pico-sdk/sdk/2.2.0/src/rp2_common/hardware_watchdog/watchdog.c.o
                0x100027ac                watchdog_reboot
 .text.tick_start
                0x10002848       0x10 CMakeFiles/firmware.dir/home/igor/.pico-sdk/sdk/2.2.0/src/rp2_common/hardware_ticks/ticks.c.o
                0x10002848                tick_start
 .text.rom_func_lookup
                0x10002858       0x10 CMakeFiles/firmware.dir/home/igor/.pico-sdk/sdk/2.2.0/src/rp2_common/pico_bootrom/bootrom.c.o
                0x10002858                rom_func_lookup
 .text.rom_data_lookup
                0x10002868       0x10 CMakeFiles/firmware.dir/home/igor/.pico-sdk/sdk/2.2.0/src/rp2_common/pico_bootrom/bootrom.c.o
                0x10002868                rom_data_lookup
 .text.rom_funcs_lookup
                0x10002878       0x44 CMakeFiles/firmware.dir/home/igor/.pico-sdk/sdk/2.2.0/src/rp2_common/pico_bootrom/bootrom.c.o
                0x10002878                rom_funcs_lookup
 .text.rom_reset_usb_boot_extra
                0x100028bc       0x24 CMakeFiles/firmware.dir/home/igor/.pico-sdk/sdk/2.2.0/src/rp2_common/pico_bootrom/bootrom.c.o
                0x100028bc                rom_reset_usb_boot_extra
 .text.xosc_init
                0x100028e0       0x28 CMakeFiles/firmware.dir/home/igor/.pico-sdk/sdk/2.2.0/src/rp2_common/hardware_xosc/xosc.c.o
                0x100028e0                xosc_init
 .text.first_per_core_initializer
                0x10002908        0x4 CMakeFiles/firmware.dir/home/igor/.pico-sdk/sdk/2.2.0/src/rp2_common/pico_runtime/runtime.c.o
 .text.hard_assertion_failure
                0x1000290c        0xc CMakeFiles/firmware.dir/home/igor/.pico-sdk/sdk/2.2.0/src/rp2_common/pico_runtime/runtime.c.o
                0x1000290c                hard_assertion_failure
 .text.runtime_run_initializers
                0x10002918       0x28 CMakeFiles/firmware.dir/home/igor/.pico-sdk/sdk/2.2.0/src/rp2_common/pico_runtime/runtime.c.o
                0x10002918                runtime_run_initializers
 .text.runtime_run_per_core_initializers
                0x10002940       0x28 CMakeFiles/firmware.dir/home/igor/.pico-sdk/sdk/2.2.0/src/rp2_common/pico_runtime/runtime.c.o
                0x10002940                runtime_run_per_core_initializers
 .text.runtime_init_early_resets
                0x10002968       0x2c CMakeFiles/firmware.dir/home/igor/.pico-sdk/sdk/2.2.0/src/rp2_common/pico_runtime_init/runtime_init.c.o
                0x10002968                runtime_init_early_resets
 .text.runtime_init_usb_power_down
                0x10002994       0x1c CMakeFiles/firmware.dir/home/igor/.pico-sdk/sdk/2.2.0/src/rp2_common/pico_runtime_init/runtime_init.c.o
                0x10002994                runtime_init_usb_power_down
 .text.runtime_init_post_clock_resets
                0x100029b0       0x20 CMakeFiles/firmware.dir/home/igor/.pico-sdk/sdk/2.2.0/src/rp2_common/pico_runtime_init/runtime_init.c.o
                0x100029b0                runtime_init_post_clock_resets
 .text.runtime_init_rp2040_gpio_ie_disable
                0x100029d0       0x14 CMakeFiles/firmware.dir/home/igor/.pico-sdk/sdk/2.2.0/src/rp2_common/pico_runtime_init/runtime_init.c.o
                0x100029d0                runtime_init_rp2040_gpio_ie_disable
 .text.runtime_init_spin_locks_reset
                0x100029e4        0x8 CMakeFiles/firmware.dir/home/igor/.pico-sdk/sdk/2.2.0/src/rp2_common/pico_runtime_init/runtime_init.c.o
                0x100029e4                runtime_init_spin_locks_reset
 .text.runtime_init_install_ram_vector_table
                0x100029ec       0xb4 CMakeFiles/firmware.dir/home/igor/.pico-sdk/sdk/2.2.0/src/rp2_common/pico_runtime_init/runtime_init.c.o
                0x100029ec                runtime_init_install_ram_vector_table
 .text.runtime_init_clocks
                0x10002aa0       0xd8 CMakeFiles/firmware.dir/home/igor/.pico-sdk/sdk/2.2.0/src/rp2_common/pico_runtime_init/runtime_init_clocks.c.o
                0x10002aa0                runtime_init_clocks
 .text          0x10002b78       0x10 CMakeFiles/firmware.dir/home/igor/.pico-sdk/sdk/2.2.0/src/rp2_common/pico_bit_ops/bit_ops_aeabi.S.o
 .text.ctzsi    0x10002b88        0xc CMakeFiles/firmware.dir/home/igor/.pico-sdk/sdk/2.2.0/src/rp2_common/pico_bit_ops/bit_ops_aeabi.S.o
                0x10002b88                __wrap___ctzsi2
 .text.__wrap___aeabi_idiv
                0x10002b94       0x50 CMakeFiles/firmware.dir/home/igor/.pico-sdk/sdk/2.2.0/src/rp2_common/pico_divider/divider_hardware.S.o
                0x10002b94                __wrap___aeabi_idivmod
                0x10002b94                divmod_s32s32
                0x10002b94                div_s32s32
                0x10002b94                __wrap___aeabi_idiv
                0x10002b9c                divmod_s32s32_unsafe
                0x10002bc8                divmod_s32s32_savestate
 .text.__wrap___aeabi_uidiv
                0x10002be4       0x4c CMakeFiles/firmware.dir/home/igor/.pico-sdk/sdk/2.2.0/src/rp2_common/pico_divider/divider_hardware.S.o
                0x10002be4                __wrap___aeabi_uidiv
                0x10002be4                __wrap___aeabi_uidivmod
                0x10002be4                div_u32u32
                0x10002be4                divmod_u32u32
                0x10002bec                divmod_u32u32_unsafe
                0x10002c14                divmod_u32u32_savestate
 .text.__wrap___aeabi_ldiv
                0x10002c30      0x424 CMakeFiles/firmware.dir/home/igor/.pico-sdk/sdk/2.2.0/src/rp2_common/pico_divider/divider_hardware.S.o
                0x10002c30                div_s64s64
                0x10002c30                divmod_s64s64
                0x10002c30                __wrap___aeabi_ldivmod
                0x10002c60                div_u64u64
                0x10002c60                divmod_u64u64
                0x10002c60                __wrap___aeabi_uldivmod
                0x10002c70                divmod_u64u64_savestate
                0x10002c90                divmod_s64s64_unsafe
                0x10002d18                divmod_u64u64_unsafe
 .text.__wrap___aeabi_darithmetic
                0x10003054       0x60 CMakeFiles/firmware.dir/home/igor/.pico-sdk/sdk/2.2.0/src/rp2_common/pico_double/double_aeabi_rp2040.S.o
                0x10003054                __wrap___aeabi_drsub
                0x1000305a                __wrap___aeabi_dsub
                0x10003064                __wrap___aeabi_dadd
                0x1000306e                __wrap___aeabi_ddiv
                0x100030a2                __wrap___aeabi_dmul
 .text.__wrap___aeabi_cdcmple
                0x100030b4       0x6c CMakeFiles/firmware.dir/home/igor/.pico-sdk/sdk/2.2.0/src/rp2_common/pico_double/double_aeabi_rp2040.S.o
                0x100030b4                __wrap___aeabi_cdrcmple
                0x100030c4                __wrap___aeabi_cdcmple
                0x100030c4                __wrap___aeabi_cdcmpeq
 .text.__wrap___aeabi_dcmplt
                0x10003120        0xc CMakeFiles/firmware.dir/home/igor/.pico-sdk/sdk/2.2.0/src/rp2_common/pico_double/double_aeabi_rp2040.S.o
                0x10003120                __wrap___aeabi_dcmplt
 .text.__wrap___aeabi_dcmple
                0x1000312c       0x10 CMakeFiles/firmware.dir/home/igor/.pico-sdk/sdk/2.2.0/src/rp2_common/pico_double/double_aeabi_rp2040.S.o
                0x1000312c                __wrap___aeabi_dcmple
 .text.__wrap___aeabi_dcmpge
                0x1000313c       0x10 CMakeFiles/firmware.dir/home/igor/.pico-sdk/sdk/2.2.0/src/rp2_common/pico_double/double_aeabi_rp2040.S.o
                0x1000313c                __wrap___aeabi_dcmpge
 .text.__wrap___aeabi_dcmpgt
                0x1000314c        0xa CMakeFiles/firmware.dir/home/igor/.pico-sdk/sdk/2.2.0/src/rp2_common/pico_double/double_aeabi_rp2040.S.o
                0x1000314c                __wrap___aeabi_dcmpgt
 .text.__wrap___aeabi_dcmpun
                0x10003156       0x18 CMakeFiles/firmware.dir/home/igor/.pico-sdk/sdk/2.2.0/src/rp2_common/pico_double/double_aeabi_rp2040.S.o
                0x10003156                __wrap___aeabi_dcmpun
 *fill*         0x1000316e        0x2 
 .text.__wrap___aeabi_i2d
                0x10003170       0x38 CMakeFiles/firmware.dir/home/igor/.pico-sdk/sdk/2.2.0/src/rp2_common/pico_double/double_aeabi_rp2040.S.o
                0x10003170                __wrap___aeabi_ui2d
                0x10003170                uint2double
                0x10003178                __wrap___aeabi_i2d
                0x10003178                int2double
 .text.__wrap___aeabi_d2iz
                0x100031a8       0x48 CMakeFiles/firmware.dir/home/igor/.pico-sdk/sdk/2.2.0/src/rp2_common/pico_double/double_aeabi_rp2040.S.o
                0x100031a8                __wrap___aeabi_d2iz
                0x100031a8                double2int_z
 .text.__wrap___aeabi_d2uiz
                0x100031f0       0x10 CMakeFiles/firmware.dir/home/igor/.pico-sdk/sdk/2.2.0/src/rp2_common/pico_double/double_aeabi_rp2040.S.o
                0x100031f0                double2uint_z
                0x100031f0                double2uint
                0x100031f0                __wrap___aeabi_d2uiz
 .text.missing_double_func_shim
                0x10003200        0xc CMakeFiles/firmware.dir/home/igor/.pico-sdk/sdk/2.2.0/src/rp2_common/pico_double/double_init_rom_rp2040.c.o
 .text.__aeabi_double_init
                0x1000320c       0xa0 CMakeFiles/firmware.dir/home/igor/.pico-sdk/sdk/2.2.0/src/rp2_common/pico_double/double_init_rom_rp2040.c.o
                0x1000320c                __aeabi_double_init
 .text.double_table_shim_on_use_helper
                0x100032ac       0x2c CMakeFiles/firmware.dir/home/igor/.pico-sdk/sdk/2.2.0/src/rp2_common/pico_double/double_v1_rom_shim_rp2040.S.o
                0x100032ac                double_table_shim_on_use_helper
 .text.__aeabi_lmul
                0x100032d8       0x32 CMakeFiles/firmware.dir/home/igor/.pico-sdk/sdk/2.2.0/src/rp2_common/pico_int64_ops/pico_int64_ops_aeabi.S.o
                0x100032d8                __wrap___aeabi_lmul
 *fill*         0x1000330a        0x2 
 .text.__wrap___aeabi_farithmetic
                0x1000330c       0x48 CMakeFiles/firmware.dir/home/igor/.pico-sdk/sdk/2.2.0/src/rp2_common/pico_float/float_aeabi_rp2040.S.o
                0x1000330c                __wrap___aeabi_frsub
                0x10003312                __wrap___aeabi_fsub
                0x10003318                __wrap___aeabi_fadd
                0x1000331e                __wrap___aeabi_fdiv
                0x10003346                __wrap___aeabi_fmul
 .text.__wrap___aeabi_cfcmple
                0x10003354       0x50 CMakeFiles/firmware.dir/home/igor/.pico-sdk/sdk/2.2.0/src/rp2_common/pico_float/float_aeabi_rp2040.S.o
                0x10003354                __wrap___aeabi_cfrcmple
                0x10003360                __wrap___aeabi_cfcmpeq
                0x10003360                __wrap___aeabi_cfcmple
 .text.__wrap___aeabi_fcmplt
                0x100033a4        0xc CMakeFiles/firmware.dir/home/igor/.pico-sdk/sdk/2.2.0/src/rp2_common/pico_float/float_aeabi_rp2040.S.o
                0x100033a4                __wrap___aeabi_fcmplt
 .text.__wrap___aeabi_fcmpgt
                0x100033b0        0xa CMakeFiles/firmware.dir/home/igor/.pico-sdk/sdk/2.2.0/src/rp2_common/pico_float/float_aeabi_rp2040.S.o
                0x100033b0                __wrap___aeabi_fcmpgt
 *fill*         0x100033ba        0x2 
 .text.__wrap___aeabi_i2f
                0x100033bc       0x44 CMakeFiles/firmware.dir/home/igor/.pico-sdk/sdk/2.2.0/src/rp2_common/pico_float/float_aeabi_rp2040.S.o
                0x100033bc                int2float
                0x100033bc                __wrap___aeabi_i2f
 .text.__wrap___aeabi_f2d
                0x10003400        0xc CMakeFiles/firmware.dir/home/igor/.pico-sdk/sdk/2.2.0/src/rp2_common/pico_float/float_aeabi_rp2040.S.o
                0x10003400                __wrap___aeabi_f2d
 .text.__wrap_expf
                0x1000340c        0xc CMakeFiles/firmware.dir/home/igor/.pico-sdk/sdk/2.2.0/src/rp2_common/pico_float/float_aeabi_rp2040.S.o
                0x1000340c                __wrap_expf
 .text.missing_float_func_shim
                0x10003418        0xc CMakeFiles/firmware.dir/home/igor/.pico-sdk/sdk/2.2.0/src/rp2_common/pico_float/float_init_rom_rp2040.c.o
 .text.__aeabi_float_init
                0x10003424       0x5c CMakeFiles/firmware.dir/home/igor/.pico-sdk/sdk/2.2.0/src/rp2_common/pico_float/float_init_rom_rp2040.c.o
                0x10003424                __aeabi_float_init
 .text.__wrap_tanhf
                0x10003480       0x4c CMakeFiles/firmware.dir/home/igor/.pico-sdk/sdk/2.2.0/src/rp2_common/pico_float/float_math.c.o
                0x10003480                __wrap_tanhf
 .text.__wrap_malloc
                0x100034cc       0x3c CMakeFiles/firmware.dir/home/igor/.pico-sdk/sdk/2.2.0/src/rp2_common/pico_malloc/malloc.c.o
                0x100034cc                __wrap_malloc
 .text.__wrap_calloc
                0x10003508       0x44 CMakeFiles/firmware.dir/home/igor/.pico-sdk/sdk/2.2.0/src/rp2_common/pico_malloc/malloc.c.o
                0x10003508                __wrap_calloc
 .text.__wrap_free
                0x1000354c       0x20 CMakeFiles/firmware.dir/home/igor/.pico-sdk/sdk/2.2.0/src/rp2_common/pico_malloc/malloc.c.o
                0x1000354c                __wrap_free
 .text          0x1000356c       0x10 CMakeFiles/firmware.dir/home/igor/.pico-sdk/sdk/2.2.0/src/rp2_common/pico_mem_ops/mem_ops_aeabi.S.o
                0x1000356c                __aeabi_mem_init
 .text.memset   0x1000357c        0xc CMakeFiles/firmware.dir/home/igor/.pico-sdk/sdk/2.2.0/src/rp2_common/pico_mem_ops/mem_ops_aeabi.S.o
                0x1000357c                __wrap_memset
 .text.memcpy   0x10003588        0xc CMakeFiles/firmware.dir/home/igor/.pico-sdk/sdk/2.2.0/src/rp2_common/pico_mem_ops/mem_ops_aeabi.S.o
                0x10003588                __wrap___aeabi_memcpy
                0x10003588                __wrap_memcpy
 .text._out_buffer
                0x10003594        0x8 CMakeFiles/firmware.dir/home/igor/.pico-sdk/sdk/2.2.0/src/rp2_common/pico_printf/printf.c.o
 .text._out_null
                0x1000359c        0x4 CMakeFiles/firmware.dir/home/igor/.pico-sdk/sdk/2.2.0/src/rp2_common/pico_printf/printf.c.o
 .text._out_rev
                0x100035a0       0xac CMakeFiles/firmware.dir/home/igor/.pico-sdk/sdk/2.2.0/src/rp2_common/pico_printf/printf.c.o
 .text._ntoa_format
                0x1000364c      0x1cc CMakeFiles/firmware.dir/home/igor/.pico-sdk/sdk/2.2.0/src/rp2_common/pico_printf/printf.c.o
 .text._out_char
                0x10003818       0x10 CMakeFiles/firmware.dir/home/igor/.pico-sdk/sdk/2.2.0/src/rp2_common/pico_printf/printf.c.o
 .text._out_fct
                0x10003828       0x10 CMakeFiles/firmware.dir/home/igor/.pico-sdk/sdk/2.2.0/src/rp2_common/pico_printf/printf.c.o
 .text._ftoa    0x10003838      0x4a8 CMakeFiles/firmware.dir/home/igor/.pico-sdk/sdk/2.2.0/src/rp2_common/pico_printf/printf.c.o
 .text._etoa    0x10003ce0      0x57c CMakeFiles/firmware.dir/home/igor/.pico-sdk/sdk/2.2.0/src/rp2_common/pico_printf/printf.c.o
 .text._vsnprintf
                0x1000425c      0xbe0 CMakeFiles/firmware.dir/home/igor/.pico-sdk/sdk/2.2.0/src/rp2_common/pico_printf/printf.c.o
 .text.__wrap_snprintf
                0x10004e3c       0x28 CMakeFiles/firmware.dir/home/igor/.pico-sdk/sdk/2.2.0/src/rp2_common/pico_printf/printf.c.o
                0x10004e3c                __wrap_snprintf
 .text.vfctprintf
                0x10004e64       0x24 CMakeFiles/firmware.dir/home/igor/.pico-sdk/sdk/2.2.0/src/rp2_common/pico_printf/printf.c.o
                0x10004e64                vfctprintf
 .text.weak_raw_vprintf
                0x10004e88       0x30 CMakeFiles/firmware.dir/home/igor/.pico-sdk/sdk/2.2.0/src/rp2_common/pico_printf/printf.c.o
                0x10004e88                weak_raw_vprintf
 .text._exit    0x10004eb8        0x4 CMakeFiles/firmware.dir/home/igor/.pico-sdk/sdk/2.2.0/src/rp2_common/pico_clib_interface/newlib_interface.c.o
                0x10004eb8                _exit
 .text._sbrk    0x10004ebc       0x34 CMakeFiles/firmware.dir/home/igor/.pico-sdk/sdk/2.2.0/src/rp2_common/pico_clib_interface/newlib_interface.c.o
                0x10004ebc                _sbrk
 .text.exit     0x10004ef0        0x8 CMakeFiles/firmware.dir/home/igor/.pico-sdk/sdk/2.2.0/src/rp2_common/pico_clib_interface/newlib_interface.c.o
                0x10004ef0                exit
 .text.runtime_init
                0x10004ef8       0x2c CMakeFiles/firmware.dir/home/igor/.pico-sdk/sdk/2.2.0/src/rp2_common/pico_clib_interface/newlib_interface.c.o
                0x10004ef8                runtime_init
 .text.stdio_out_chars_no_crlf
                0x10004f24       0x10 CMakeFiles/firmware.dir/home/igor/.pico-sdk/sdk/2.2.0/src/rp2_common/pico_stdio/stdio.c.o
 .text.stdio_out_chars_crlf
                0x10004f34       0xb0 CMakeFiles/firmware.dir/home/igor/.pico-sdk/sdk/2.2.0/src/rp2_common/pico_stdio/stdio.c.o
 .text.stdio_buffered_printer
                0x10004fe4       0x64 CMakeFiles/firmware.dir/home/igor/.pico-sdk/sdk/2.2.0/src/rp2_common/pico_stdio/stdio.c.o
 .text.stdio_put_string
                0x10005048       0xfc CMakeFiles/firmware.dir/home/igor/.pico-sdk/sdk/2.2.0/src/rp2_common/pico_stdio/stdio.c.o
                0x10005048                stdio_put_string
 .text.stdio_set_driver_enabled
                0x10005144       0x30 CMakeFiles/firmware.dir/home/igor/.pico-sdk/sdk/2.2.0/src/rp2_common/pico_stdio/stdio.c.o
                0x10005144                stdio_set_driver_enabled
 .text.stdio_init_all
                0x10005174        0x8 CMakeFiles/firmware.dir/home/igor/.pico-sdk/sdk/2.2.0/src/rp2_common/pico_stdio/stdio.c.o
                0x10005174                stdio_init_all
 .text.__wrap_putchar
                0x1000517c       0x94 CMakeFiles/firmware.dir/home/igor/.pico-sdk/sdk/2.2.0/src/rp2_common/pico_stdio/stdio.c.o
                0x1000517c                stdio_putchar
                0x1000517c                __wrap_putchar
 .text.__wrap_puts
                0x10005210       0x3c CMakeFiles/firmware.dir/home/igor/.pico-sdk/sdk/2.2.0/src/rp2_common/pico_stdio/stdio.c.o
                0x10005210                __wrap_puts
                0x10005210                stdio_puts
 .text.__wrap_vprintf
                0x1000524c       0xcc CMakeFiles/firmware.dir/home/igor/.pico-sdk/sdk/2.2.0/src/rp2_common/pico_stdio/stdio.c.o
                0x1000524c                __wrap_vprintf
                0x1000524c                stdio_vprintf
 .text.__wrap_printf
                0x10005318       0x18 CMakeFiles/firmware.dir/home/igor/.pico-sdk/sdk/2.2.0/src/rp2_common/pico_stdio/stdio.c.o
                0x10005318                stdio_printf
                0x10005318                __wrap_printf
 .text.resetd_init
                0x10005330        0x4 CMakeFiles/firmware.dir/home/igor/.pico-sdk/sdk/2.2.0/src/rp2_common/pico_stdio_usb/reset_interface.c.o
 .text.resetd_reset
                0x10005334        0xc CMakeFiles/firmware.dir/home/igor/.pico-sdk/sdk/2.2.0/src/rp2_common/pico_stdio_usb/reset_interface.c.o
 .text.resetd_open
                0x10005340       0x28 CMakeFiles/firmware.dir/home/igor/.pico-sdk/sdk/2.2.0/src/rp2_common/pico_stdio_usb/reset_interface.c.o
 .text.resetd_xfer_cb
                0x10005368        0x4 CMakeFiles/firmware.dir/home/igor/.pico-sdk/sdk/2.2.0/src/rp2_common/pico_stdio_usb/reset_interface.c.o
 .text.resetd_control_xfer_cb
                0x1000536c       0x54 CMakeFiles/firmware.dir/home/igor/.pico-sdk/sdk/2.2.0/src/rp2_common/pico_stdio_usb/reset_interface.c.o
 .text.tud_descriptor_bos_cb
                0x100053c0        0x8 CMakeFiles/firmware.dir/home/igor/.pico-sdk/sdk/2.2.0/src/rp2_common/pico_stdio_usb/reset_interface.c.o
                0x100053c0                tud_descriptor_bos_cb
 .text.tud_vendor_control_xfer_cb
                0x100053c8       0x34 CMakeFiles/firmware.dir/home/igor/.pico-sdk/sdk/2.2.0/src/rp2_common/pico_stdio_usb/reset_interface.c.o
                0x100053c8                tud_vendor_control_xfer_cb
 .text.usbd_app_driver_get_cb
                0x100053fc        0xc CMakeFiles/firmware.dir/home/igor/.pico-sdk/sdk/2.2.0/src/rp2_common/pico_stdio_usb/reset_interface.c.o
                0x100053fc                usbd_app_driver_get_cb
 .text.tud_cdc_line_coding_cb
                0x10005408       0x2c CMakeFiles/firmware.dir/home/igor/.pico-sdk/sdk/2.2.0/src/rp2_common/pico_stdio_usb/reset_interface.c.o
                0x10005408                tud_cdc_line_coding_cb
 .text.stdio_usb_set_chars_available_callback
                0x10005434       0x14 CMakeFiles/firmware.dir/home/igor/.pico-sdk/sdk/2.2.0/src/rp2_common/pico_stdio_usb/stdio_usb.c.o
                0x10005434                stdio_usb_set_chars_available_callback
 .text.usb_irq  0x10005448       0x10 CMakeFiles/firmware.dir/home/igor/.pico-sdk/sdk/2.2.0/src/rp2_common/pico_stdio_usb/stdio_usb.c.o
 .text.timer_task
                0x10005458       0x64 CMakeFiles/firmware.dir/home/igor/.pico-sdk/sdk/2.2.0/src/rp2_common/pico_stdio_usb/stdio_usb.c.o
 .text.stdio_usb_in_chars
                0x100054bc       0x8c CMakeFiles/firmware.dir/home/igor/.pico-sdk/sdk/2.2.0/src/rp2_common/pico_stdio_usb/stdio_usb.c.o
                0x100054bc                stdio_usb_in_chars
 .text.stdio_usb_out_flush
                0x10005548       0x4c CMakeFiles/firmware.dir/home/igor/.pico-sdk/sdk/2.2.0/src/rp2_common/pico_stdio_usb/stdio_usb.c.o
 .text.stdio_usb_out_chars
                0x10005594      0x100 CMakeFiles/firmware.dir/home/igor/.pico-sdk/sdk/2.2.0/src/rp2_common/pico_stdio_usb/stdio_usb.c.o
 .text.low_priority_worker_irq
                0x10005694       0xc8 CMakeFiles/firmware.dir/home/igor/.pico-sdk/sdk/2.2.0/src/rp2_common/pico_stdio_usb/stdio_usb.c.o
 .text.stdio_usb_init
                0x1000575c       0xe8 CMakeFiles/firmware.dir/home/igor/.pico-sdk/sdk/2.2.0/src/rp2_common/pico_stdio_usb/stdio_usb.c.o
                0x1000575c                stdio_usb_init
 .text.tud_descriptor_device_cb
                0x10005844        0x8 CMakeFiles/firmware.dir/home/igor/.pico-sdk/sdk/2.2.0/src/rp2_common/pico_stdio_usb/stdio_usb_descriptors.c.o
                0x10005844                tud_descriptor_device_cb
 .text.tud_descriptor_configuration_cb
                0x1000584c        0x8 CMakeFiles/firmware.dir/home/igor/.pico-sdk/sdk/2.2.0/src/rp2_common/pico_stdio_usb/stdio_usb_descriptors.c.o
                0x1000584c                tud_descriptor_configuration_cb
 .text.tud_descriptor_string_cb
                0x10005854       0x78 CMakeFiles/firmware.dir/home/igor/.pico-sdk/sdk/2.2.0/src/rp2_common/pico_stdio_usb/stdio_usb_descriptors.c.o
                0x10005854                tud_descriptor_string_cb
 .text.startup._retrieve_unique_id_on_boot
                0x100058cc       0x10 CMakeFiles/firmware.dir/home/igor/.pico-sdk/sdk/2.2.0/src/rp2_common/pico_unique_id/unique_id.c.o
 .text.pico_get_unique_board_id
                0x100058dc       0x10 CMakeFiles/firmware.dir/home/igor/.pico-sdk/sdk/2.2.0/src/rp2_common/pico_unique_id/unique_id.c.o
                0x100058dc                pico_get_unique_board_id
 .text.pico_get_unique_board_id_string
                0x100058ec      0x1a8 CMakeFiles/firmware.dir/home/igor/.pico-sdk/sdk/2.2.0/src/rp2_common/pico_unique_id/unique_id.c.o
                0x100058ec                pico_get_unique_board_id_string
 .text.flash_get_unique_id
                0x10005a94       0x3c CMakeFiles/firmware.dir/home/igor/.pico-sdk/sdk/2.2.0/src/rp2_common/hardware_flash/flash.c.o
                0x10005a94                flash_get_unique_id
 .text.dcd_init
                0x10005ad0       0x90 CMakeFiles/firmware.dir/home/igor/.pico-sdk/sdk/2.2.0/lib/tinyusb/src/portable/raspberrypi/rp2040/dcd_rp2040.c.o
                0x10005ad0                dcd_init
 .text.dcd_int_enable
                0x10005b60        0xc CMakeFiles/firmware.dir/home/igor/.pico-sdk/sdk/2.2.0/lib/tinyusb/src/portable/raspberrypi/rp2040/dcd_rp2040.c.o
                0x10005b60                dcd_int_enable
 .text.dcd_set_address
                0x10005b6c       0x14 CMakeFiles/firmware.dir/home/igor/.pico-sdk/sdk/2.2.0/lib/tinyusb/src/portable/raspberrypi/rp2040/dcd_rp2040.c.o
                0x10005b6c                dcd_set_address
 .text.dcd_sof_enable
                0x10005b80       0x1c CMakeFiles/firmware.dir/home/igor/.pico-sdk/sdk/2.2.0/lib/tinyusb/src/portable/raspberrypi/rp2040/dcd_rp2040.c.o
                0x10005b80                dcd_sof_enable
 .text.dcd_edpt0_status_complete
                0x10005b9c       0x1c CMakeFiles/firmware.dir/home/igor/.pico-sdk/sdk/2.2.0/lib/tinyusb/src/portable/raspberrypi/rp2040/dcd_rp2040.c.o
                0x10005b9c                dcd_edpt0_status_complete
 .text.dcd_edpt_open
                0x10005bb8      0x114 CMakeFiles/firmware.dir/home/igor/.pico-sdk/sdk/2.2.0/lib/tinyusb/src/portable/raspberrypi/rp2040/dcd_rp2040.c.o
                0x10005bb8                dcd_edpt_open
 .text.dcd_edpt_close_all
                0x10005ccc        0x8 CMakeFiles/firmware.dir/home/igor/.pico-sdk/sdk/2.2.0/lib/tinyusb/src/portable/raspberrypi/rp2040/dcd_rp2040.c.o
                0x10005ccc                dcd_edpt_close_all
 .text.dcd_edpt_xfer
                0x10005cd4       0x24 CMakeFiles/firmware.dir/home/igor/.pico-sdk/sdk/2.2.0/lib/tinyusb/src/portable/raspberrypi/rp2040/dcd_rp2040.c.o
                0x10005cd4                dcd_edpt_xfer
 .text.dcd_edpt_stall
                0x10005cf8       0x3c CMakeFiles/firmware.dir/home/igor/.pico-sdk/sdk/2.2.0/lib/tinyusb/src/portable/raspberrypi/rp2040/dcd_rp2040.c.o
                0x10005cf8                dcd_edpt_stall
 .text.dcd_edpt_clear_stall
                0x10005d34       0x30 CMakeFiles/firmware.dir/home/igor/.pico-sdk/sdk/2.2.0/lib/tinyusb/src/portable/raspberrypi/rp2040/dcd_rp2040.c.o
                0x10005d34                dcd_edpt_clear_stall
 .text.rp2040_usb_init
                0x10005d64       0x40 CMakeFiles/firmware.dir/home/igor/.pico-sdk/sdk/2.2.0/lib/tinyusb/src/portable/raspberrypi/rp2040/rp2040_usb.c.o
                0x10005d64                rp2040_usb_init
 .text.hw_endpoint_xfer_start
                0x10005da4       0x40 CMakeFiles/firmware.dir/home/igor/.pico-sdk/sdk/2.2.0/lib/tinyusb/src/portable/raspberrypi/rp2040/rp2040_usb.c.o
                0x10005da4                hw_endpoint_xfer_start
 .text.tud_event_hook_cb
                0x10005de4        0x4 CMakeFiles/firmware.dir/home/igor/.pico-sdk/sdk/2.2.0/lib/tinyusb/src/device/usbd.c.o
                0x10005de4                tud_event_hook_cb
 .text.tud_sof_cb
                0x10005de8        0x4 CMakeFiles/firmware.dir/home/igor/.pico-sdk/sdk/2.2.0/lib/tinyusb/src/device/usbd.c.o
                0x10005de8                tud_sof_cb
 .text.tud_descriptor_device_qualifier_cb
                0x10005dec        0x4 CMakeFiles/firmware.dir/home/igor/.pico-sdk/sdk/2.2.0/lib/tinyusb/src/device/usbd.c.o
                0x10005dec                tud_descriptor_device_qualifier_cb
 .text.tud_descriptor_other_speed_configuration_cb
                0x10005df0        0x4 CMakeFiles/firmware.dir/home/igor/.pico-sdk/sdk/2.2.0/lib/tinyusb/src/device/usbd.c.o
                0x10005df0                tud_descriptor_other_speed_configuration_cb
 .text.tud_mount_cb
                0x10005df4        0x4 CMakeFiles/firmware.dir/home/igor/.pico-sdk/sdk/2.2.0/lib/tinyusb/src/device/usbd.c.o
                0x10005df4                tud_mount_cb
 .text.tud_umount_cb
                0x10005df8        0x4 CMakeFiles/firmware.dir/home/igor/.pico-sdk/sdk/2.2.0/lib/tinyusb/src/device/usbd.c.o
                0x10005df8                tud_umount_cb
 .text.tud_suspend_cb
                0x10005dfc        0x4 CMakeFiles/firmware.dir/home/igor/.pico-sdk/sdk/2.2.0/lib/tinyusb/src/device/usbd.c.o
                0x10005dfc                tud_suspend_cb
 .text.tud_resume_cb
                0x10005e00        0x4 CMakeFiles/firmware.dir/home/igor/.pico-sdk/sdk/2.2.0/lib/tinyusb/src/device/usbd.c.o
                0x10005e00                tud_resume_cb
 .text.tud_mounted
                0x10005e04       0x10 CMakeFiles/firmware.dir/home/igor/.pico-sdk/sdk/2.2.0/lib/tinyusb/src/device/usbd.c.o
                0x10005e04                tud_mounted
 .text.tud_suspended
                0x10005e14       0x10 CMakeFiles/firmware.dir/home/igor/.pico-sdk/sdk/2.2.0/lib/tinyusb/src/device/usbd.c.o
                0x10005e14                tud_suspended
 .text.tud_rhport_init
                0x10005e24       0xf4 CMakeFiles/firmware.dir/home/igor/.pico-sdk/sdk/2.2.0/lib/tinyusb/src/device/usbd.c.o
                0x10005e24                tud_rhport_init
 .text.tud_task_ext
                0x10005f18      0x800 CMakeFiles/firmware.dir/home/igor/.pico-sdk/sdk/2.2.0/lib/tinyusb/src/device/usbd.c.o
                0x10005f18                tud_task_ext
 .text.usbd_open_edpt_pair
                0x10006718       0x9c CMakeFiles/firmware.dir/home/igor/.pico-sdk/sdk/2.2.0/lib/tinyusb/src/device/usbd.c.o
                0x10006718                usbd_open_edpt_pair
 .text.usbd_edpt_open
                0x100067b4       0x34 CMakeFiles/firmware.dir/home/igor/.pico-sdk/sdk/2.2.0/lib/tinyusb/src/device/usbd.c.o
                0x100067b4                usbd_edpt_open
 .text.usbd_edpt_claim
                0x100067e8       0x28 CMakeFiles/firmware.dir/home/igor/.pico-sdk/sdk/2.2.0/lib/tinyusb/src/device/usbd.c.o
                0x100067e8                usbd_edpt_claim
 .text.usbd_edpt_release
                0x10006810       0x28 CMakeFiles/firmware.dir/home/igor/.pico-sdk/sdk/2.2.0/lib/tinyusb/src/device/usbd.c.o
                0x10006810                usbd_edpt_release
 .text.usbd_edpt_xfer
                0x10006838       0x4c CMakeFiles/firmware.dir/home/igor/.pico-sdk/sdk/2.2.0/lib/tinyusb/src/device/usbd.c.o
                0x10006838                usbd_edpt_xfer
 .text.tud_control_status
                0x10006884       0x2c CMakeFiles/firmware.dir/home/igor/.pico-sdk/sdk/2.2.0/lib/tinyusb/src/device/usbd_control.c.o
                0x10006884                tud_control_status
 .text.tud_control_xfer
                0x100068b0       0xa8 CMakeFiles/firmware.dir/home/igor/.pico-sdk/sdk/2.2.0/lib/tinyusb/src/device/usbd_control.c.o
                0x100068b0                tud_control_xfer
 .text.usbd_control_reset
                0x10006958       0x14 CMakeFiles/firmware.dir/home/igor/.pico-sdk/sdk/2.2.0/lib/tinyusb/src/device/usbd_control.c.o
                0x10006958                usbd_control_reset
 .text.usbd_control_set_complete_callback
                0x1000696c        0xc CMakeFiles/firmware.dir/home/igor/.pico-sdk/sdk/2.2.0/lib/tinyusb/src/device/usbd_control.c.o
                0x1000696c                usbd_control_set_complete_callback
 .text.usbd_control_set_request
                0x10006978       0x1c CMakeFiles/firmware.dir/home/igor/.pico-sdk/sdk/2.2.0/lib/tinyusb/src/device/usbd_control.c.o
                0x10006978                usbd_control_set_request
 .text.usbd_control_xfer_cb
                0x10006994       0xec CMakeFiles/firmware.dir/home/igor/.pico-sdk/sdk/2.2.0/lib/tinyusb/src/device/usbd_control.c.o
                0x10006994                usbd_control_xfer_cb
 .text._prep_out_transaction.isra.0
                0x10006a80       0x6c CMakeFiles/firmware.dir/home/igor/.pico-sdk/sdk/2.2.0/lib/tinyusb/src/class/cdc/cdc_device.c.o
 .text.tud_cdc_n_connected
                0x10006aec       0x2c CMakeFiles/firmware.dir/home/igor/.pico-sdk/sdk/2.2.0/lib/tinyusb/src/class/cdc/cdc_device.c.o
                0x10006aec                tud_cdc_n_connected
 .text.tud_cdc_n_available
                0x10006b18       0x14 CMakeFiles/firmware.dir/home/igor/.pico-sdk/sdk/2.2.0/lib/tinyusb/src/class/cdc/cdc_device.c.o
                0x10006b18                tud_cdc_n_available
 .text.tud_cdc_n_read
                0x10006b2c       0x88 CMakeFiles/firmware.dir/home/igor/.pico-sdk/sdk/2.2.0/lib/tinyusb/src/class/cdc/cdc_device.c.o
                0x10006b2c                tud_cdc_n_read
 .text.tud_cdc_n_write_flush
                0x10006bb4       0x74 CMakeFiles/firmware.dir/home/igor/.pico-sdk/sdk/2.2.0/lib/tinyusb/src/class/cdc/cdc_device.c.o
                0x10006bb4                tud_cdc_n_write_flush
 .text.tud_cdc_n_write
                0x10006c28       0x40 CMakeFiles/firmware.dir/home/igor/.pico-sdk/sdk/2.2.0/lib/tinyusb/src/class/cdc/cdc_device.c.o
                0x10006c28                tud_cdc_n_write
 .text.tud_cdc_n_write_available
                0x10006c68       0x14 CMakeFiles/firmware.dir/home/igor/.pico-sdk/sdk/2.2.0/lib/tinyusb/src/class/cdc/cdc_device.c.o
                0x10006c68                tud_cdc_n_write_available
 .text.cdcd_init
                0x10006c7c       0x70 CMakeFiles/firmware.dir/home/igor/.pico-sdk/sdk/2.2.0/lib/tinyusb/src/class/cdc/cdc_device.c.o
                0x10006c7c                cdcd_init
 .text.cdcd_deinit
                0x10006cec       0x30 CMakeFiles/firmware.dir/home/igor/.pico-sdk/sdk/2.2.0/lib/tinyusb/src/class/cdc/cdc_device.c.o
                0x10006cec                cdcd_deinit
 .text.cdcd_reset
                0x10006d1c       0x4c CMakeFiles/firmware.dir/home/igor/.pico-sdk/sdk/2.2.0/lib/tinyusb/src/class/cdc/cdc_device.c.o
                0x10006d1c                cdcd_reset
 .text.cdcd_open
                0x10006d68       0xa4 CMakeFiles/firmware.dir/home/igor/.pico-sdk/sdk/2.2.0/lib/tinyusb/src/class/cdc/cdc_device.c.o
                0x10006d68                cdcd_open
 .text.cdcd_control_xfer_cb
                0x10006e0c       0xe8 CMakeFiles/firmware.dir/home/igor/.pico-sdk/sdk/2.2.0/lib/tinyusb/src/class/cdc/cdc_device.c.o
                0x10006e0c                cdcd_control_xfer_cb
 .text.cdcd_xfer_cb
                0x10006ef4      0x100 CMakeFiles/firmware.dir/home/igor/.pico-sdk/sdk/2.2.0/lib/tinyusb/src/class/cdc/cdc_device.c.o
                0x10006ef4                cdcd_xfer_cb
 .text.vendord_init
                0x10006ff4       0x5c CMakeFiles/firmware.dir/home/igor/.pico-sdk/sdk/2.2.0/lib/tinyusb/src/class/vendor/vendor_device.c.o
                0x10006ff4                vendord_init
 .text.vendord_deinit
                0x10007050       0x1c CMakeFiles/firmware.dir/home/igor/.pico-sdk/sdk/2.2.0/lib/tinyusb/src/class/vendor/vendor_device.c.o
                0x10007050                vendord_deinit
 .text.vendord_reset
                0x1000706c       0x28 CMakeFiles/firmware.dir/home/igor/.pico-sdk/sdk/2.2.0/lib/tinyusb/src/class/vendor/vendor_device.c.o
                0x1000706c                vendord_reset
 .text.vendord_open
                0x10007094      0x120 CMakeFiles/firmware.dir/home/igor/.pico-sdk/sdk/2.2.0/lib/tinyusb/src/class/vendor/vendor_device.c.o
                0x10007094                vendord_open
 .text.vendord_xfer_cb
                0x100071b4       0x9c CMakeFiles/firmware.dir/home/igor/.pico-sdk/sdk/2.2.0/lib/tinyusb/src/class/vendor/vendor_device.c.o
                0x100071b4                vendord_xfer_cb
 .text.tusb_rhport_init
                0x10007250       0x4c CMakeFiles/firmware.dir/home/igor/.pico-sdk/sdk/2.2.0/lib/tinyusb/src/tusb.c.o
                0x10007250                tusb_rhport_init
 .text.tu_edpt_claim
                0x1000729c       0x50 CMakeFiles/firmware.dir/home/igor/.pico-sdk/sdk/2.2.0/lib/tinyusb/src/tusb.c.o
                0x1000729c                tu_edpt_claim
 .text.tu_edpt_release
                0x100072ec       0x38 CMakeFiles/firmware.dir/home/igor/.pico-sdk/sdk/2.2.0/lib/tinyusb/src/tusb.c.o
                0x100072ec                tu_edpt_release
 .text.tu_edpt_validate
                0x10007324       0x7c CMakeFiles/firmware.dir/home/igor/.pico-sdk/sdk/2.2.0/lib/tinyusb/src/tusb.c.o
                0x10007324                tu_edpt_validate
 .text.tu_edpt_bind_driver
                0x100073a0       0x34 CMakeFiles/firmware.dir/home/igor/.pico-sdk/sdk/2.2.0/lib/tinyusb/src/tusb.c.o
                0x100073a0                tu_edpt_bind_driver
 .text.tu_edpt_stream_init
                0x100073d4       0x6c CMakeFiles/firmware.dir/home/igor/.pico-sdk/sdk/2.2.0/lib/tinyusb/src/tusb.c.o
                0x100073d4                tu_edpt_stream_init
 .text.tu_edpt_stream_deinit
                0x10007440        0x4 CMakeFiles/firmware.dir/home/igor/.pico-sdk/sdk/2.2.0/lib/tinyusb/src/tusb.c.o
                0x10007440                tu_edpt_stream_deinit
 .text.tu_edpt_stream_write_zlp_if_needed
                0x10007444       0x68 CMakeFiles/firmware.dir/home/igor/.pico-sdk/sdk/2.2.0/lib/tinyusb/src/tusb.c.o
                0x10007444                tu_edpt_stream_write_zlp_if_needed
 .text.tu_edpt_stream_write_xfer
                0x100074ac       0x68 CMakeFiles/firmware.dir/home/igor/.pico-sdk/sdk/2.2.0/lib/tinyusb/src/tusb.c.o
                0x100074ac                tu_edpt_stream_write_xfer
 .text.tu_edpt_stream_read_xfer
                0x10007514       0xd8 CMakeFiles/firmware.dir/home/igor/.pico-sdk/sdk/2.2.0/lib/tinyusb/src/tusb.c.o
                0x10007514                tu_edpt_stream_read_xfer
 .text.tu_fifo_config
                0x100075ec       0x6c CMakeFiles/firmware.dir/home/igor/.pico-sdk/sdk/2.2.0/lib/tinyusb/src/common/tusb_fifo.c.o
                0x100075ec                tu_fifo_config
 .text.tu_fifo_count
                0x10007658       0x2c CMakeFiles/firmware.dir/home/igor/.pico-sdk/sdk/2.2.0/lib/tinyusb/src/common/tusb_fifo.c.o
                0x10007658                tu_fifo_count
 .text.tu_fifo_empty
                0x10007684       0x10 CMakeFiles/firmware.dir/home/igor/.pico-sdk/sdk/2.2.0/lib/tinyusb/src/common/tusb_fifo.c.o
                0x10007684                tu_fifo_empty
 .text.tu_fifo_remaining
                0x10007694       0x2c CMakeFiles/firmware.dir/home/igor/.pico-sdk/sdk/2.2.0/lib/tinyusb/src/common/tusb_fifo.c.o
                0x10007694                tu_fifo_remaining
 .text.tu_fifo_read
                0x100076c0       0x9c CMakeFiles/firmware.dir/home/igor/.pico-sdk/sdk/2.2.0/lib/tinyusb/src/common/tusb_fifo.c.o
                0x100076c0                tu_fifo_read
 .text.tu_fifo_read_n
                0x1000775c       0xe8 CMakeFiles/firmware.dir/home/igor/.pico-sdk/sdk/2.2.0/lib/tinyusb/src/common/tusb_fifo.c.o
                0x1000775c                tu_fifo_read_n
 .text.tu_fifo_write
                0x10007844       0xa4 CMakeFiles/firmware.dir/home/igor/.pico-sdk/sdk/2.2.0/lib/tinyusb/src/common/tusb_fifo.c.o
                0x10007844                tu_fifo_write
 .text.tu_fifo_write_n
                0x100078e8      0x178 CMakeFiles/firmware.dir/home/igor/.pico-sdk/sdk/2.2.0/lib/tinyusb/src/common/tusb_fifo.c.o
                0x100078e8                tu_fifo_write_n
 .text.tu_fifo_clear
                0x10007a60       0x40 CMakeFiles/firmware.dir/home/igor/.pico-sdk/sdk/2.2.0/lib/tinyusb/src/common/tusb_fifo.c.o
                0x10007a60                tu_fifo_clear
 .text.tu_fifo_set_overwritable
                0x10007aa0       0x48 CMakeFiles/firmware.dir/home/igor/.pico-sdk/sdk/2.2.0/lib/tinyusb/src/common/tusb_fifo.c.o
                0x10007aa0                tu_fifo_set_overwritable
 .text.i2c_read_blocking_internal.constprop.0
                0x10007ae8       0x98 CMakeFiles/firmware.dir/home/igor/.pico-sdk/sdk/2.2.0/src/rp2_common/hardware_i2c/i2c.c.o
 .text.i2c_write_blocking_internal.constprop.0
                0x10007b80       0xf8 CMakeFiles/firmware.dir/home/igor/.pico-sdk/sdk/2.2.0/src/rp2_common/hardware_i2c/i2c.c.o
 .text.i2c_set_baudrate
                0x10007c78       0xc0 CMakeFiles/firmware.dir/home/igor/.pico-sdk/sdk/2.2.0/src/rp2_common/hardware_i2c/i2c.c.o
                0x10007c78                i2c_set_baudrate
 .text.i2c_init
                0x10007d38       0x50 CMakeFiles/firmware.dir/home/igor/.pico-sdk/sdk/2.2.0/src/rp2_common/hardware_i2c/i2c.c.o
                0x10007d38                i2c_init
 .text.i2c_write_blocking
                0x10007d88       0x14 CMakeFiles/firmware.dir/home/igor/.pico-sdk/sdk/2.2.0/src/rp2_common/hardware_i2c/i2c.c.o
                0x10007d88                i2c_write_blocking
 .text.i2c_read_blocking
                0x10007d9c       0x14 CMakeFiles/firmware.dir/home/igor/.pico-sdk/sdk/2.2.0/src/rp2_common/hardware_i2c/i2c.c.o
                0x10007d9c                i2c_read_blocking
 .text.lwip_timeout_reached
                0x10007db0        0x8 CMakeFiles/firmware.dir/home/igor/.pico-sdk/sdk/2.2.0/src/rp2_common/pico_lwip/lwip_nosys.c.o
 .text.update_next_timeout
                0x10007db8       0x5c CMakeFiles/firmware.dir/home/igor/.pico-sdk/sdk/2.2.0/src/rp2_common/pico_lwip/lwip_nosys.c.o
 .text.lwip_nosys_init
                0x10007e14       0x30 CMakeFiles/firmware.dir/home/igor/.pico-sdk/sdk/2.2.0/src/rp2_common/pico_lwip/lwip_nosys.c.o
                0x10007e14                lwip_nosys_init
 .text.lwip_nosys_deinit
                0x10007e44       0x20 CMakeFiles/firmware.dir/home/igor/.pico-sdk/sdk/2.2.0/src/rp2_common/pico_lwip/lwip_nosys.c.o
                0x10007e44                lwip_nosys_deinit
 .text.sys_arch_protect
                0x10007e64        0x4 CMakeFiles/firmware.dir/home/igor/.pico-sdk/sdk/2.2.0/src/rp2_common/pico_lwip/lwip_nosys.c.o
                0x10007e64                sys_arch_protect
 .text.sys_arch_unprotect
                0x10007e68        0x4 CMakeFiles/firmware.dir/home/igor/.pico-sdk/sdk/2.2.0/src/rp2_common/pico_lwip/lwip_nosys.c.o
                0x10007e68                sys_arch_unprotect
 .text.sys_now  0x10007e6c       0x20 CMakeFiles/firmware.dir/home/igor/.pico-sdk/sdk/2.2.0/src/rp2_common/pico_lwip/lwip_nosys.c.o
                0x10007e6c                sys_now
 .text.async_context_base_add_at_time_worker
                0x10007e8c       0x28 CMakeFiles/firmware.dir/home/igor/.pico-sdk/sdk/2.2.0/src/rp2_common/pico_async_context/async_context_base.c.o
                0x10007e8c                async_context_base_add_at_time_worker
 .text.async_context_base_remove_at_time_worker
                0x10007eb4       0x24 CMakeFiles/firmware.dir/home/igor/.pico-sdk/sdk/2.2.0/src/rp2_common/pico_async_context/async_context_base.c.o
                0x10007eb4                async_context_base_remove_at_time_worker
 .text.async_context_base_add_when_pending_worker
                0x10007ed8       0x24 CMakeFiles/firmware.dir/home/igor/.pico-sdk/sdk/2.2.0/src/rp2_common/pico_async_context/async_context_base.c.o
                0x10007ed8                async_context_base_add_when_pending_worker
 .text.async_context_base_remove_when_pending_worker
                0x10007efc       0x24 CMakeFiles/firmware.dir/home/igor/.pico-sdk/sdk/2.2.0/src/rp2_common/pico_async_context/async_context_base.c.o
                0x10007efc                async_context_base_remove_when_pending_worker
 .text.async_context_base_execute_once
                0x10007f20      0x108 CMakeFiles/firmware.dir/home/igor/.pico-sdk/sdk/2.2.0/src/rp2_common/pico_async_context/async_context_base.c.o
                0x10007f20                async_context_base_execute_once
 .text.async_context_base_needs_servicing
                0x10008028       0x54 CMakeFiles/firmware.dir/home/igor/.pico-sdk/sdk/2.2.0/src/rp2_common/pico_async_context/async_context_base.c.o
                0x10008028                async_context_base_needs_servicing
 .text.splitmix64
                0x1000807c       0x58 CMakeFiles/firmware.dir/home/igor/.pico-sdk/sdk/2.2.0/src/rp2_common/pico_rand/rand.c.o
 .text.xoroshiro128ss
                0x100080d4       0x90 CMakeFiles/firmware.dir/home/igor/.pico-sdk/sdk/2.2.0/src/rp2_common/pico_rand/rand.c.o
 .text.get_rand_64
                0x10008164      0x47c CMakeFiles/firmware.dir/home/igor/.pico-sdk/sdk/2.2.0/src/rp2_common/pico_rand/rand.c.o
                0x10008164                get_rand_64
 .text.get_rand_32
                0x100085e0        0x8 CMakeFiles/firmware.dir/home/igor/.pico-sdk/sdk/2.2.0/src/rp2_common/pico_rand/rand.c.o
                0x100085e0                get_rand_32
 .text.lwip_init
                0x100085e8       0x24 CMakeFiles/firmware.dir/home/igor/.pico-sdk/sdk/2.2.0/lib/lwip/src/core/init.c.o
                0x100085e8                lwip_init
 .text.lwip_htons
                0x1000860c        0x8 CMakeFiles/firmware.dir/home/igor/.pico-sdk/sdk/2.2.0/lib/lwip/src/core/def.c.o
                0x1000860c                lwip_htons
 .text.lwip_htonl
                0x10008614        0x4 CMakeFiles/firmware.dir/home/igor/.pico-sdk/sdk/2.2.0/lib/lwip/src/core/def.c.o
                0x10008614                lwip_htonl
 .text.dns_call_found
                0x10008618      0x184 CMakeFiles/firmware.dir/home/igor/.pico-sdk/sdk/2.2.0/lib/lwip/src/core/dns.c.o
 .text.dns_send.isra.0
                0x1000879c      0x174 CMakeFiles/firmware.dir/home/igor/.pico-sdk/sdk/2.2.0/lib/lwip/src/core/dns.c.o
 .text.dns_init
                0x10008910        0x4 CMakeFiles/firmware.dir/home/igor/.pico-sdk/sdk/2.2.0/lib/lwip/src/core/dns.c.o
                0x10008910                dns_init
 .text.dns_setserver
                0x10008914       0x24 CMakeFiles/firmware.dir/home/igor/.pico-sdk/sdk/2.2.0/lib/lwip/src/core/dns.c.o
                0x10008914                dns_setserver
 .text.dns_tmr  0x10008938      0x130 CMakeFiles/firmware.dir/home/igor/.pico-sdk/sdk/2.2.0/lib/lwip/src/core/dns.c.o
                0x10008938                dns_tmr
 .text.lwip_standard_chksum
                0x10008a68       0xf4 CMakeFiles/firmware.dir/home/igor/.pico-sdk/sdk/2.2.0/lib/lwip/src/core/inet_chksum.c.o
                0x10008a68                lwip_standard_chksum
 .text.inet_chksum_pseudo
                0x10008b5c       0xbc CMakeFiles/firmware.dir/home/igor/.pico-sdk/sdk/2.2.0/lib/lwip/src/core/inet_chksum.c.o
                0x10008b5c                inet_chksum_pseudo
 .text.ip_chksum_pseudo
                0x10008c18       0x10 CMakeFiles/firmware.dir/home/igor/.pico-sdk/sdk/2.2.0/lib/lwip/src/core/inet_chksum.c.o
                0x10008c18                ip_chksum_pseudo
 .text.inet_chksum
                0x10008c28        0xc CMakeFiles/firmware.dir/home/igor/.pico-sdk/sdk/2.2.0/lib/lwip/src/core/inet_chksum.c.o
                0x10008c28                inet_chksum
 .text.inet_chksum_pbuf
                0x10008c34       0x78 CMakeFiles/firmware.dir/home/igor/.pico-sdk/sdk/2.2.0/lib/lwip/src/core/inet_chksum.c.o
                0x10008c34                inet_chksum_pbuf
 .text.mem_init
                0x10008cac       0x3c CMakeFiles/firmware.dir/home/igor/.pico-sdk/sdk/2.2.0/lib/lwip/src/core/mem.c.o
                0x10008cac                mem_init
 .text.mem_free
                0x10008ce8      0x13c CMakeFiles/firmware.dir/home/igor/.pico-sdk/sdk/2.2.0/lib/lwip/src/core/mem.c.o
                0x10008ce8                mem_free
 .text.mem_trim
                0x10008e24      0x104 CMakeFiles/firmware.dir/home/igor/.pico-sdk/sdk/2.2.0/lib/lwip/src/core/mem.c.o
                0x10008e24                mem_trim
 .text.mem_malloc
                0x10008f28      0x130 CMakeFiles/firmware.dir/home/igor/.pico-sdk/sdk/2.2.0/lib/lwip/src/core/mem.c.o
                0x10008f28                mem_malloc
 .text.mem_calloc
                0x10009058       0x28 CMakeFiles/firmware.dir/home/igor/.pico-sdk/sdk/2.2.0/lib/lwip/src/core/mem.c.o
                0x10009058                mem_calloc
 .text.memp_init
                0x10009080       0x6c CMakeFiles/firmware.dir/home/igor/.pico-sdk/sdk/2.2.0/lib/lwip/src/core/memp.c.o
                0x10009080                memp_init
 .text.memp_malloc
                0x100090ec       0x40 CMakeFiles/firmware.dir/home/igor/.pico-sdk/sdk/2.2.0/lib/lwip/src/core/memp.c.o
                0x100090ec                memp_malloc
 .text.memp_free
                0x1000912c       0x38 CMakeFiles/firmware.dir/home/igor/.pico-sdk/sdk/2.2.0/lib/lwip/src/core/memp.c.o
                0x1000912c                memp_free
 .text.netif_null_output_ip4
                0x10009164        0x8 CMakeFiles/firmware.dir/home/igor/.pico-sdk/sdk/2.2.0/lib/lwip/src/core/netif.c.o
 .text.netif_do_set_ipaddr.isra.0
                0x1000916c       0x70 CMakeFiles/firmware.dir/home/igor/.pico-sdk/sdk/2.2.0/lib/lwip/src/core/netif.c.o
 .text.netif_init
                0x100091dc        0x4 CMakeFiles/firmware.dir/home/igor/.pico-sdk/sdk/2.2.0/lib/lwip/src/core/netif.c.o
                0x100091dc                netif_init
 .text.netif_add
                0x100091e0      0x174 CMakeFiles/firmware.dir/home/igor/.pico-sdk/sdk/2.2.0/lib/lwip/src/core/netif.c.o
                0x100091e0                netif_add
 .text.netif_set_addr
                0x10009354       0xb8 CMakeFiles/firmware.dir/home/igor/.pico-sdk/sdk/2.2.0/lib/lwip/src/core/netif.c.o
                0x10009354                netif_set_addr
 .text.netif_remove
                0x1000940c       0x94 CMakeFiles/firmware.dir/home/igor/.pico-sdk/sdk/2.2.0/lib/lwip/src/core/netif.c.o
                0x1000940c                netif_remove
 .text.netif_set_default
                0x100094a0        0xc CMakeFiles/firmware.dir/home/igor/.pico-sdk/sdk/2.2.0/lib/lwip/src/core/netif.c.o
                0x100094a0                netif_set_default
 .text.netif_set_up
                0x100094ac       0x40 CMakeFiles/firmware.dir/home/igor/.pico-sdk/sdk/2.2.0/lib/lwip/src/core/netif.c.o
                0x100094ac                netif_set_up
 .text.netif_set_link_up
                0x100094ec       0x44 CMakeFiles/firmware.dir/home/igor/.pico-sdk/sdk/2.2.0/lib/lwip/src/core/netif.c.o
                0x100094ec                netif_set_link_up
 .text.netif_set_link_down
                0x10009530       0x20 CMakeFiles/firmware.dir/home/igor/.pico-sdk/sdk/2.2.0/lib/lwip/src/core/netif.c.o
                0x10009530                netif_set_link_down
 .text.netif_get_by_index
                0x10009550       0x2c CMakeFiles/firmware.dir/home/igor/.pico-sdk/sdk/2.2.0/lib/lwip/src/core/netif.c.o
                0x10009550                netif_get_by_index
 .text.pbuf_free.part.0
                0x1000957c       0x7c CMakeFiles/firmware.dir/home/igor/.pico-sdk/sdk/2.2.0/lib/lwip/src/core/pbuf.c.o
 .text.pbuf_free_ooseq
                0x100095f8       0x34 CMakeFiles/firmware.dir/home/igor/.pico-sdk/sdk/2.2.0/lib/lwip/src/core/pbuf.c.o
                0x100095f8                pbuf_free_ooseq
 .text.pbuf_alloc
                0x1000962c      0x134 CMakeFiles/firmware.dir/home/igor/.pico-sdk/sdk/2.2.0/lib/lwip/src/core/pbuf.c.o
                0x1000962c                pbuf_alloc
 .text.pbuf_realloc
                0x10009760       0x84 CMakeFiles/firmware.dir/home/igor/.pico-sdk/sdk/2.2.0/lib/lwip/src/core/pbuf.c.o
                0x10009760                pbuf_realloc
 .text.pbuf_add_header
                0x100097e4       0x54 CMakeFiles/firmware.dir/home/igor/.pico-sdk/sdk/2.2.0/lib/lwip/src/core/pbuf.c.o
                0x100097e4                pbuf_add_header
 .text.pbuf_remove_header
                0x10009838       0x3c CMakeFiles/firmware.dir/home/igor/.pico-sdk/sdk/2.2.0/lib/lwip/src/core/pbuf.c.o
                0x10009838                pbuf_remove_header
 .text.pbuf_header_force
                0x10009874       0x68 CMakeFiles/firmware.dir/home/igor/.pico-sdk/sdk/2.2.0/lib/lwip/src/core/pbuf.c.o
                0x10009874                pbuf_header_force
 .text.pbuf_free
                0x100098dc       0x18 CMakeFiles/firmware.dir/home/igor/.pico-sdk/sdk/2.2.0/lib/lwip/src/core/pbuf.c.o
                0x100098dc                pbuf_free
 .text.pbuf_clen
                0x100098f4       0x14 CMakeFiles/firmware.dir/home/igor/.pico-sdk/sdk/2.2.0/lib/lwip/src/core/pbuf.c.o
                0x100098f4                pbuf_clen
 .text.pbuf_ref
                0x10009908       0x28 CMakeFiles/firmware.dir/home/igor/.pico-sdk/sdk/2.2.0/lib/lwip/src/core/pbuf.c.o
                0x10009908                pbuf_ref
 .text.pbuf_cat
                0x10009930       0x54 CMakeFiles/firmware.dir/home/igor/.pico-sdk/sdk/2.2.0/lib/lwip/src/core/pbuf.c.o
                0x10009930                pbuf_cat
 .text.pbuf_chain
                0x10009984       0x70 CMakeFiles/firmware.dir/home/igor/.pico-sdk/sdk/2.2.0/lib/lwip/src/core/pbuf.c.o
                0x10009984                pbuf_chain
 .text.pbuf_copy_partial_pbuf
                0x100099f4      0x158 CMakeFiles/firmware.dir/home/igor/.pico-sdk/sdk/2.2.0/lib/lwip/src/core/pbuf.c.o
                0x100099f4                pbuf_copy_partial_pbuf
 .text.pbuf_copy
                0x10009b4c       0x18 CMakeFiles/firmware.dir/home/igor/.pico-sdk/sdk/2.2.0/lib/lwip/src/core/pbuf.c.o
                0x10009b4c                pbuf_copy
 .text.pbuf_copy_partial
                0x10009b64       0x70 CMakeFiles/firmware.dir/home/igor/.pico-sdk/sdk/2.2.0/lib/lwip/src/core/pbuf.c.o
                0x10009b64                pbuf_copy_partial
 .text.pbuf_get_contiguous
                0x10009bd4       0xa8 CMakeFiles/firmware.dir/home/igor/.pico-sdk/sdk/2.2.0/lib/lwip/src/core/pbuf.c.o
                0x10009bd4                pbuf_get_contiguous
 .text.pbuf_take
                0x10009c7c       0x78 CMakeFiles/firmware.dir/home/igor/.pico-sdk/sdk/2.2.0/lib/lwip/src/core/pbuf.c.o
                0x10009c7c                pbuf_take
 .text.pbuf_take_at
                0x10009cf4       0xc0 CMakeFiles/firmware.dir/home/igor/.pico-sdk/sdk/2.2.0/lib/lwip/src/core/pbuf.c.o
                0x10009cf4                pbuf_take_at
 .text.pbuf_clone
                0x10009db4       0x30 CMakeFiles/firmware.dir/home/igor/.pico-sdk/sdk/2.2.0/lib/lwip/src/core/pbuf.c.o
                0x10009db4                pbuf_clone
 .text.pbuf_get_at
                0x10009de4       0x20 CMakeFiles/firmware.dir/home/igor/.pico-sdk/sdk/2.2.0/lib/lwip/src/core/pbuf.c.o
                0x10009de4                pbuf_get_at
 .text.pbuf_put_at
                0x10009e04       0x1c CMakeFiles/firmware.dir/home/igor/.pico-sdk/sdk/2.2.0/lib/lwip/src/core/pbuf.c.o
                0x10009e04                pbuf_put_at
 .text.raw_input
                0x10009e20      0x164 CMakeFiles/firmware.dir/home/igor/.pico-sdk/sdk/2.2.0/lib/lwip/src/core/raw.c.o
                0x10009e20                raw_input
 .text.raw_netif_ip_addr_changed
                0x10009f84       0x40 CMakeFiles/firmware.dir/home/igor/.pico-sdk/sdk/2.2.0/lib/lwip/src/core/raw.c.o
                0x10009f84                raw_netif_ip_addr_changed
 .text.stats_init
                0x10009fc4        0x4 CMakeFiles/firmware.dir/home/igor/.pico-sdk/sdk/2.2.0/lib/lwip/src/core/stats.c.o
                0x10009fc4                stats_init
 .text.tcp_close_shutdown_fin
                0x10009fc8       0x54 CMakeFiles/firmware.dir/home/igor/.pico-sdk/sdk/2.2.0/lib/lwip/src/core/tcp.c.o
 .text.tcp_pcb_purge.part.0
                0x1000a01c       0xc4 CMakeFiles/firmware.dir/home/igor/.pico-sdk/sdk/2.2.0/lib/lwip/src/core/tcp.c.o
 .text.tcp_init
                0x1000a0e0       0x20 CMakeFiles/firmware.dir/home/igor/.pico-sdk/sdk/2.2.0/lib/lwip/src/core/tcp.c.o
                0x1000a0e0                tcp_init
 .text.tcp_free
                0x1000a100       0x1c CMakeFiles/firmware.dir/home/igor/.pico-sdk/sdk/2.2.0/lib/lwip/src/core/tcp.c.o
                0x1000a100                tcp_free
 .text.tcp_bind
                0x1000a11c       0xf4 CMakeFiles/firmware.dir/home/igor/.pico-sdk/sdk/2.2.0/lib/lwip/src/core/tcp.c.o
                0x1000a11c                tcp_bind
 .text.tcp_update_rcv_ann_wnd
                0x1000a210       0x58 CMakeFiles/firmware.dir/home/igor/.pico-sdk/sdk/2.2.0/lib/lwip/src/core/tcp.c.o
                0x1000a210                tcp_update_rcv_ann_wnd
 .text.tcp_recved
                0x1000a268       0x98 CMakeFiles/firmware.dir/home/igor/.pico-sdk/sdk/2.2.0/lib/lwip/src/core/tcp.c.o
                0x1000a268                tcp_recved
 .text.tcp_connect
                0x1000a300      0x1bc CMakeFiles/firmware.dir/home/igor/.pico-sdk/sdk/2.2.0/lib/lwip/src/core/tcp.c.o
                0x1000a300                tcp_connect
 .text.tcp_slowtmr
                0x1000a4bc      0x514 CMakeFiles/firmware.dir/home/igor/.pico-sdk/sdk/2.2.0/lib/lwip/src/core/tcp.c.o
                0x1000a4bc                tcp_slowtmr
 .text.tcp_segs_free
                0x1000a9d0       0x38 CMakeFiles/firmware.dir/home/igor/.pico-sdk/sdk/2.2.0/lib/lwip/src/core/tcp.c.o
                0x1000a9d0                tcp_segs_free
 .text.tcp_seg_free
                0x1000aa08       0x1c CMakeFiles/firmware.dir/home/igor/.pico-sdk/sdk/2.2.0/lib/lwip/src/core/tcp.c.o
                0x1000aa08                tcp_seg_free
 .text.tcp_seg_copy
                0x1000aa24       0x2c CMakeFiles/firmware.dir/home/igor/.pico-sdk/sdk/2.2.0/lib/lwip/src/core/tcp.c.o
                0x1000aa24                tcp_seg_copy
 .text.tcp_arg  0x1000aa50        0x8 CMakeFiles/firmware.dir/home/igor/.pico-sdk/sdk/2.2.0/lib/lwip/src/core/tcp.c.o
                0x1000aa50                tcp_arg
 .text.tcp_recv
                0x1000aa58       0x1c CMakeFiles/firmware.dir/home/igor/.pico-sdk/sdk/2.2.0/lib/lwip/src/core/tcp.c.o
                0x1000aa58                tcp_recv
 .text.tcp_sent
                0x1000aa74       0x1c CMakeFiles/firmware.dir/home/igor/.pico-sdk/sdk/2.2.0/lib/lwip/src/core/tcp.c.o
                0x1000aa74                tcp_sent
 .text.tcp_err  0x1000aa90       0x1c CMakeFiles/firmware.dir/home/igor/.pico-sdk/sdk/2.2.0/lib/lwip/src/core/tcp.c.o
                0x1000aa90                tcp_err
 .text.tcp_poll
                0x1000aaac       0x20 CMakeFiles/firmware.dir/home/igor/.pico-sdk/sdk/2.2.0/lib/lwip/src/core/tcp.c.o
                0x1000aaac                tcp_poll
 .text.tcp_pcb_purge
                0x1000aacc       0x18 CMakeFiles/firmware.dir/home/igor/.pico-sdk/sdk/2.2.0/lib/lwip/src/core/tcp.c.o
                0x1000aacc                tcp_pcb_purge
 .text.tcp_pcb_remove
                0x1000aae4       0xc8 CMakeFiles/firmware.dir/home/igor/.pico-sdk/sdk/2.2.0/lib/lwip/src/core/tcp.c.o
                0x1000aae4                tcp_pcb_remove
 .text.tcp_abandon
                0x1000abac      0x1a0 CMakeFiles/firmware.dir/home/igor/.pico-sdk/sdk/2.2.0/lib/lwip/src/core/tcp.c.o
                0x1000abac                tcp_abandon
 .text.tcp_abort
                0x1000ad4c        0xc CMakeFiles/firmware.dir/home/igor/.pico-sdk/sdk/2.2.0/lib/lwip/src/core/tcp.c.o
                0x1000ad4c                tcp_abort
 .text.tcp_alloc
                0x1000ad58      0x1d4 CMakeFiles/firmware.dir/home/igor/.pico-sdk/sdk/2.2.0/lib/lwip/src/core/tcp.c.o
                0x1000ad58                tcp_alloc
 .text.tcp_new_ip_type
                0x1000af2c        0xc CMakeFiles/firmware.dir/home/igor/.pico-sdk/sdk/2.2.0/lib/lwip/src/core/tcp.c.o
                0x1000af2c                tcp_new_ip_type
 .text.tcp_close_shutdown
                0x1000af38      0x188 CMakeFiles/firmware.dir/home/igor/.pico-sdk/sdk/2.2.0/lib/lwip/src/core/tcp.c.o
 .text.tcp_recv_null
                0x1000b0c0       0xcc CMakeFiles/firmware.dir/home/igor/.pico-sdk/sdk/2.2.0/lib/lwip/src/core/tcp.c.o
                0x1000b0c0                tcp_recv_null
 .text.tcp_process_refused_data
                0x1000b18c       0x78 CMakeFiles/firmware.dir/home/igor/.pico-sdk/sdk/2.2.0/lib/lwip/src/core/tcp.c.o
                0x1000b18c                tcp_process_refused_data
 .text.tcp_fasttmr
                0x1000b204       0x98 CMakeFiles/firmware.dir/home/igor/.pico-sdk/sdk/2.2.0/lib/lwip/src/core/tcp.c.o
                0x1000b204                tcp_fasttmr
 .text.tcp_tmr  0x1000b29c       0x20 CMakeFiles/firmware.dir/home/igor/.pico-sdk/sdk/2.2.0/lib/lwip/src/core/tcp.c.o
                0x1000b29c                tcp_tmr
 .text.tcp_close
                0x1000b2bc      0x170 CMakeFiles/firmware.dir/home/igor/.pico-sdk/sdk/2.2.0/lib/lwip/src/core/tcp.c.o
                0x1000b2bc                tcp_close
 .text.tcp_next_iss
                0x1000b42c       0x28 CMakeFiles/firmware.dir/home/igor/.pico-sdk/sdk/2.2.0/lib/lwip/src/core/tcp.c.o
                0x1000b42c                tcp_next_iss
 .text.tcp_eff_send_mss_netif
                0x1000b454       0x34 CMakeFiles/firmware.dir/home/igor/.pico-sdk/sdk/2.2.0/lib/lwip/src/core/tcp.c.o
                0x1000b454                tcp_eff_send_mss_netif
 .text.tcp_netif_ip_addr_changed
                0x1000b488       0x94 CMakeFiles/firmware.dir/home/igor/.pico-sdk/sdk/2.2.0/lib/lwip/src/core/tcp.c.o
                0x1000b488                tcp_netif_ip_addr_changed
 .text.tcp_free_ooseq
                0x1000b51c       0x40 CMakeFiles/firmware.dir/home/igor/.pico-sdk/sdk/2.2.0/lib/lwip/src/core/tcp.c.o
                0x1000b51c                tcp_free_ooseq
 .text.tcp_parseopt
                0x1000b55c      0x1b0 CMakeFiles/firmware.dir/home/igor/.pico-sdk/sdk/2.2.0/lib/lwip/src/core/tcp_in.c.o
 .text.tcp_oos_insert_segment
                0x1000b70c       0xcc CMakeFiles/firmware.dir/home/igor/.pico-sdk/sdk/2.2.0/lib/lwip/src/core/tcp_in.c.o
 .text.tcp_free_acked_segments.isra.0
                0x1000b7d8       0xdc CMakeFiles/firmware.dir/home/igor/.pico-sdk/sdk/2.2.0/lib/lwip/src/core/tcp_in.c.o
 .text.tcp_receive
                0x1000b8b4      0xa34 CMakeFiles/firmware.dir/home/igor/.pico-sdk/sdk/2.2.0/lib/lwip/src/core/tcp_in.c.o
 .text.tcp_input
                0x1000c2e8      0xe3c CMakeFiles/firmware.dir/home/igor/.pico-sdk/sdk/2.2.0/lib/lwip/src/core/tcp_in.c.o
                0x1000c2e8                tcp_input
 .text.tcp_trigger_input_pcb_close
                0x1000d124       0x10 CMakeFiles/firmware.dir/home/igor/.pico-sdk/sdk/2.2.0/lib/lwip/src/core/tcp_in.c.o
                0x1000d124                tcp_trigger_input_pcb_close
 .text.tcp_create_segment
                0x1000d134       0xe8 CMakeFiles/firmware.dir/home/igor/.pico-sdk/sdk/2.2.0/lib/lwip/src/core/tcp_out.c.o
 .text.tcp_output_control_segment
                0x1000d21c       0xb4 CMakeFiles/firmware.dir/home/igor/.pico-sdk/sdk/2.2.0/lib/lwip/src/core/tcp_out.c.o
 .text.tcp_write
                0x1000d2d0      0x470 CMakeFiles/firmware.dir/home/igor/.pico-sdk/sdk/2.2.0/lib/lwip/src/core/tcp_out.c.o
                0x1000d2d0                tcp_write
 .text.tcp_split_unsent_seg
                0x1000d740      0x1b4 CMakeFiles/firmware.dir/home/igor/.pico-sdk/sdk/2.2.0/lib/lwip/src/core/tcp_out.c.o
                0x1000d740                tcp_split_unsent_seg
 .text.tcp_send_fin
                0x1000d8f4      0x118 CMakeFiles/firmware.dir/home/igor/.pico-sdk/sdk/2.2.0/lib/lwip/src/core/tcp_out.c.o
                0x1000d8f4                tcp_send_fin
 .text.tcp_enqueue_flags
                0x1000da0c      0x12c CMakeFiles/firmware.dir/home/igor/.pico-sdk/sdk/2.2.0/lib/lwip/src/core/tcp_out.c.o
                0x1000da0c                tcp_enqueue_flags
 .text.tcp_rexmit_rto_prepare
                0x1000db38       0x9c CMakeFiles/firmware.dir/home/igor/.pico-sdk/sdk/2.2.0/lib/lwip/src/core/tcp_out.c.o
                0x1000db38                tcp_rexmit_rto_prepare
 .text.tcp_rexmit
                0x1000dbd4       0x9c CMakeFiles/firmware.dir/home/igor/.pico-sdk/sdk/2.2.0/lib/lwip/src/core/tcp_out.c.o
                0x1000dbd4                tcp_rexmit
 .text.tcp_rexmit_fast
                0x1000dc70       0x64 CMakeFiles/firmware.dir/home/igor/.pico-sdk/sdk/2.2.0/lib/lwip/src/core/tcp_out.c.o
                0x1000dc70                tcp_rexmit_fast
 .text.tcp_rst  0x1000dcd4       0xe8 CMakeFiles/firmware.dir/home/igor/.pico-sdk/sdk/2.2.0/lib/lwip/src/core/tcp_out.c.o
                0x1000dcd4                tcp_rst
 .text.tcp_rst_netif
                0x1000ddbc      0x130 CMakeFiles/firmware.dir/home/igor/.pico-sdk/sdk/2.2.0/lib/lwip/src/core/tcp_out.c.o
                0x1000ddbc                tcp_rst_netif
 .text.tcp_send_empty_ack
                0x1000deec       0xf0 CMakeFiles/firmware.dir/home/igor/.pico-sdk/sdk/2.2.0/lib/lwip/src/core/tcp_out.c.o
                0x1000deec                tcp_send_empty_ack
 .text.tcp_output
                0x1000dfdc      0x44c CMakeFiles/firmware.dir/home/igor/.pico-sdk/sdk/2.2.0/lib/lwip/src/core/tcp_out.c.o
                0x1000dfdc                tcp_output
 .text.tcp_rexmit_rto_commit
                0x1000e428       0x24 CMakeFiles/firmware.dir/home/igor/.pico-sdk/sdk/2.2.0/lib/lwip/src/core/tcp_out.c.o
                0x1000e428                tcp_rexmit_rto_commit
 .text.tcp_rexmit_rto
                0x1000e44c       0xa4 CMakeFiles/firmware.dir/home/igor/.pico-sdk/sdk/2.2.0/lib/lwip/src/core/tcp_out.c.o
                0x1000e44c                tcp_rexmit_rto
 .text.tcp_keepalive
                0x1000e4f0       0xdc CMakeFiles/firmware.dir/home/igor/.pico-sdk/sdk/2.2.0/lib/lwip/src/core/tcp_out.c.o
                0x1000e4f0                tcp_keepalive
 .text.tcp_zero_window_probe
                0x1000e5cc      0x1a8 CMakeFiles/firmware.dir/home/igor/.pico-sdk/sdk/2.2.0/lib/lwip/src/core/tcp_out.c.o
                0x1000e5cc                tcp_zero_window_probe
 .text.tcpip_tcp_timer
                0x1000e774       0x78 CMakeFiles/firmware.dir/home/igor/.pico-sdk/sdk/2.2.0/lib/lwip/src/core/timeouts.c.o
 .text.lwip_cyclic_timer
                0x1000e7ec       0x98 CMakeFiles/firmware.dir/home/igor/.pico-sdk/sdk/2.2.0/lib/lwip/src/core/timeouts.c.o
 .text.tcp_timer_needed
                0x1000e884       0x7c CMakeFiles/firmware.dir/home/igor/.pico-sdk/sdk/2.2.0/lib/lwip/src/core/timeouts.c.o
                0x1000e884                tcp_timer_needed
 .text.sys_timeouts_init
                0x1000e900       0x8c CMakeFiles/firmware.dir/home/igor/.pico-sdk/sdk/2.2.0/lib/lwip/src/core/timeouts.c.o
                0x1000e900                sys_timeouts_init
 .text.sys_timeout
                0x1000e98c       0x60 CMakeFiles/firmware.dir/home/igor/.pico-sdk/sdk/2.2.0/lib/lwip/src/core/timeouts.c.o
                0x1000e98c                sys_timeout
 .text.sys_untimeout
                0x1000e9ec       0x40 CMakeFiles/firmware.dir/home/igor/.pico-sdk/sdk/2.2.0/lib/lwip/src/core/timeouts.c.o
                0x1000e9ec                sys_untimeout
 .text.sys_check_timeouts
                0x1000ea2c       0x68 CMakeFiles/firmware.dir/home/igor/.pico-sdk/sdk/2.2.0/lib/lwip/src/core/timeouts.c.o
                0x1000ea2c                sys_check_timeouts
 .text.sys_timeouts_sleeptime
                0x1000ea94       0x28 CMakeFiles/firmware.dir/home/igor/.pico-sdk/sdk/2.2.0/lib/lwip/src/core/timeouts.c.o
                0x1000ea94                sys_timeouts_sleeptime
 .text.udp_init
                0x1000eabc       0x20 CMakeFiles/firmware.dir/home/igor/.pico-sdk/sdk/2.2.0/lib/lwip/src/core/udp.c.o
                0x1000eabc                udp_init
 .text.udp_input
                0x1000eadc      0x350 CMakeFiles/firmware.dir/home/igor/.pico-sdk/sdk/2.2.0/lib/lwip/src/core/udp.c.o
                0x1000eadc                udp_input
 .text.udp_bind
                0x1000ee2c      0x10c CMakeFiles/firmware.dir/home/igor/.pico-sdk/sdk/2.2.0/lib/lwip/src/core/udp.c.o
                0x1000ee2c                udp_bind
 .text.udp_sendto_if_src
                0x1000ef38      0x130 CMakeFiles/firmware.dir/home/igor/.pico-sdk/sdk/2.2.0/lib/lwip/src/core/udp.c.o
                0x1000ef38                udp_sendto_if_src
 .text.udp_sendto_if
                0x1000f068       0x48 CMakeFiles/firmware.dir/home/igor/.pico-sdk/sdk/2.2.0/lib/lwip/src/core/udp.c.o
                0x1000f068                udp_sendto_if
 .text.udp_sendto
                0x1000f0b0       0x78 CMakeFiles/firmware.dir/home/igor/.pico-sdk/sdk/2.2.0/lib/lwip/src/core/udp.c.o
                0x1000f0b0                udp_sendto
 .text.udp_connect
                0x1000f128       0x5c CMakeFiles/firmware.dir/home/igor/.pico-sdk/sdk/2.2.0/lib/lwip/src/core/udp.c.o
                0x1000f128                udp_connect
 .text.udp_recv
                0x1000f184        0xc CMakeFiles/firmware.dir/home/igor/.pico-sdk/sdk/2.2.0/lib/lwip/src/core/udp.c.o
                0x1000f184                udp_recv
 .text.udp_remove
                0x1000f190       0x3c CMakeFiles/firmware.dir/home/igor/.pico-sdk/sdk/2.2.0/lib/lwip/src/core/udp.c.o
                0x1000f190                udp_remove
 .text.udp_new  0x1000f1cc       0x1c CMakeFiles/firmware.dir/home/igor/.pico-sdk/sdk/2.2.0/lib/lwip/src/core/udp.c.o
                0x1000f1cc                udp_new
 .text.udp_netif_ip_addr_changed
                0x1000f1e8       0x40 CMakeFiles/firmware.dir/home/igor/.pico-sdk/sdk/2.2.0/lib/lwip/src/core/udp.c.o
                0x1000f1e8                udp_netif_ip_addr_changed
 .text.dhcp_create_msg
                0x1000f228      0x160 CMakeFiles/firmware.dir/home/igor/.pico-sdk/sdk/2.2.0/lib/lwip/src/core/ipv4/dhcp.c.o
 .text.dhcp_inc_pcb_refcount
                0x1000f388       0x6c CMakeFiles/firmware.dir/home/igor/.pico-sdk/sdk/2.2.0/lib/lwip/src/core/ipv4/dhcp.c.o
 .text.dhcp_bind
                0x1000f3f4      0x144 CMakeFiles/firmware.dir/home/igor/.pico-sdk/sdk/2.2.0/lib/lwip/src/core/ipv4/dhcp.c.o
 .text.dhcp_option_hostname.isra.0
                0x1000f538       0x74 CMakeFiles/firmware.dir/home/igor/.pico-sdk/sdk/2.2.0/lib/lwip/src/core/ipv4/dhcp.c.o
 .text.dhcp_handle_ack.isra.0
                0x1000f5ac       0xcc CMakeFiles/firmware.dir/home/igor/.pico-sdk/sdk/2.2.0/lib/lwip/src/core/ipv4/dhcp.c.o
 .text.dhcp_reboot.isra.0
                0x1000f678      0x17c CMakeFiles/firmware.dir/home/igor/.pico-sdk/sdk/2.2.0/lib/lwip/src/core/ipv4/dhcp.c.o
 .text.dhcp_discover.isra.0
                0x1000f7f4      0x14c CMakeFiles/firmware.dir/home/igor/.pico-sdk/sdk/2.2.0/lib/lwip/src/core/ipv4/dhcp.c.o
 .text.dhcp_select.isra.0
                0x1000f940      0x1e0 CMakeFiles/firmware.dir/home/igor/.pico-sdk/sdk/2.2.0/lib/lwip/src/core/ipv4/dhcp.c.o
 .text.dhcp_recv
                0x1000fb20      0x4a8 CMakeFiles/firmware.dir/home/igor/.pico-sdk/sdk/2.2.0/lib/lwip/src/core/ipv4/dhcp.c.o
 .text.dhcp_set_struct
                0x1000ffc8       0x44 CMakeFiles/firmware.dir/home/igor/.pico-sdk/sdk/2.2.0/lib/lwip/src/core/ipv4/dhcp.c.o
                0x1000ffc8                dhcp_set_struct
 .text.dhcp_start
                0x1001000c       0xa8 CMakeFiles/firmware.dir/home/igor/.pico-sdk/sdk/2.2.0/lib/lwip/src/core/ipv4/dhcp.c.o
                0x1001000c                dhcp_start
 .text.dhcp_network_changed_link_up
                0x100100b4       0x40 CMakeFiles/firmware.dir/home/igor/.pico-sdk/sdk/2.2.0/lib/lwip/src/core/ipv4/dhcp.c.o
                0x100100b4                dhcp_network_changed_link_up
 .text.dhcp_renew
                0x100100f4      0x13c CMakeFiles/firmware.dir/home/igor/.pico-sdk/sdk/2.2.0/lib/lwip/src/core/ipv4/dhcp.c.o
                0x100100f4                dhcp_renew
 .text.dhcp_release_and_stop
                0x10010230      0x158 CMakeFiles/firmware.dir/home/igor/.pico-sdk/sdk/2.2.0/lib/lwip/src/core/ipv4/dhcp.c.o
                0x10010230                dhcp_release_and_stop
 .text.dhcp_coarse_tmr
                0x10010388      0x1e0 CMakeFiles/firmware.dir/home/igor/.pico-sdk/sdk/2.2.0/lib/lwip/src/core/ipv4/dhcp.c.o
                0x10010388                dhcp_coarse_tmr
 .text.dhcp_fine_tmr
                0x10010568       0x78 CMakeFiles/firmware.dir/home/igor/.pico-sdk/sdk/2.2.0/lib/lwip/src/core/ipv4/dhcp.c.o
                0x10010568                dhcp_fine_tmr
 .text.dhcp_stop
                0x100105e0      0x158 CMakeFiles/firmware.dir/home/igor/.pico-sdk/sdk/2.2.0/lib/lwip/src/core/ipv4/dhcp.c.o
                0x100105e0                dhcp_stop
 .text.etharp_find_entry
                0x10010738      0x3a0 CMakeFiles/firmware.dir/home/igor/.pico-sdk/sdk/2.2.0/lib/lwip/src/core/ipv4/etharp.c.o
 .text.etharp_raw
                0x10010ad8       0xec CMakeFiles/firmware.dir/home/igor/.pico-sdk/sdk/2.2.0/lib/lwip/src/core/ipv4/etharp.c.o
 .text.etharp_output_to_arp_index
                0x10010bc4       0xd0 CMakeFiles/firmware.dir/home/igor/.pico-sdk/sdk/2.2.0/lib/lwip/src/core/ipv4/etharp.c.o
 .text.etharp_tmr
                0x10010c94       0x94 CMakeFiles/firmware.dir/home/igor/.pico-sdk/sdk/2.2.0/lib/lwip/src/core/ipv4/etharp.c.o
                0x10010c94                etharp_tmr
 .text.etharp_cleanup_netif
                0x10010d28      0x188 CMakeFiles/firmware.dir/home/igor/.pico-sdk/sdk/2.2.0/lib/lwip/src/core/ipv4/etharp.c.o
                0x10010d28                etharp_cleanup_netif
 .text.etharp_input
                0x10010eb0      0x1b8 CMakeFiles/firmware.dir/home/igor/.pico-sdk/sdk/2.2.0/lib/lwip/src/core/ipv4/etharp.c.o
                0x10010eb0                etharp_input
 .text.etharp_query
                0x10011068      0x190 CMakeFiles/firmware.dir/home/igor/.pico-sdk/sdk/2.2.0/lib/lwip/src/core/ipv4/etharp.c.o
                0x10011068                etharp_query
 .text.etharp_output
                0x100111f8      0x24c CMakeFiles/firmware.dir/home/igor/.pico-sdk/sdk/2.2.0/lib/lwip/src/core/ipv4/etharp.c.o
                0x100111f8                etharp_output
 .text.etharp_request
                0x10011444       0x2c CMakeFiles/firmware.dir/home/igor/.pico-sdk/sdk/2.2.0/lib/lwip/src/core/ipv4/etharp.c.o
                0x10011444                etharp_request
 .text.icmp_input
                0x10011470      0x1f0 CMakeFiles/firmware.dir/home/igor/.pico-sdk/sdk/2.2.0/lib/lwip/src/core/ipv4/icmp.c.o
                0x10011470                icmp_input
 .text.icmp_dest_unreach
                0x10011660       0xcc CMakeFiles/firmware.dir/home/igor/.pico-sdk/sdk/2.2.0/lib/lwip/src/core/ipv4/icmp.c.o
                0x10011660                icmp_dest_unreach
 .text.icmp_time_exceeded
                0x1001172c       0xcc CMakeFiles/firmware.dir/home/igor/.pico-sdk/sdk/2.2.0/lib/lwip/src/core/ipv4/icmp.c.o
                0x1001172c                icmp_time_exceeded