Archive member included to satisfy reference by file (symbol)

/home/igor/.pico-sdk/toolchain/14_2_Rel1/bin/../lib/gcc/arm-none-eabi/14.2.1/thumb/v6-m/nofp/libgcc.a(_dvmd_tls.o)
                              CMakeFiles/firmware.dir/home/igor/.pico-sdk/sdk/2.2.0/src/rp2_common/pico_divider/divider_hardware.S.o (__aeabi_idiv0)
/home/igor/.pico-sdk/toolchain/14_2_Rel1/bin/../lib/gcc/arm-none-eabi/14.2.1/../../../../arm-none-eabi/lib/thumb/v6-m/nofp/libg.a(libc_a-atoi.o)
                              CMakeFiles/firmware.dir/home/igor/.pico-sdk/sdk/2.2.0/lib/lwip/src/core/netif.c.o (atoi)
/home/igor/.pico-sdk/toolchain/14_2_Rel1/bin/../lib/gcc/arm-none-eabi/14.2.1/../../../../arm-none-eabi/lib/thumb/v6-m/nofp/libg.a(libc_a-calloc.o)
                              CMakeFiles/firmware.dir/home/igor/.pico-sdk/sdk/2.2.0/src/rp2_common/pico_malloc/malloc.c.o (calloc)
/home/igor/.pico-sdk/toolchain/14_2_Rel1/bin/../lib/gcc/arm-none-eabi/14.2.1/../../../../arm-none-eabi/lib/thumb/v6-m/nofp/libg.a(libc_a-callocr.o)
                              /home/igor/.pico-sdk/toolchain/14_2_Rel1/bin/../lib/gcc/arm-none-eabi/14.2.1/../../../../arm-none-eabi/lib/thumb/v6-m/nofp/libg.a(libc_a-calloc.o) (_calloc_r)
/home/igor/.pico-sdk/toolchain/14_2_Rel1/bin/../lib/gcc/arm-none-eabi/14.2.1/../../../../arm-none-eabi/lib/thumb/v6-m/nofp/libg.a(libc_a-malloc.o)
                              CMakeFiles/firmware.dir/home/igor/.pico-sdk/sdk/2.2.0/src/rp2_common/pico_malloc/malloc.c.o (malloc)
/home/igor/.pico-sdk/toolchain/14_2_Rel1/bin/../lib/gcc/arm-none-eabi/14.2.1/../../../../arm-none-eabi/lib/thumb/v6-m/nofp/libg.a(libc_a-mallocr.o)
                              /home/igor/.pico-sdk/toolchain/14_2_Rel1/bin/../lib/gcc/arm-none-eabi/14.2.1/../../../../arm-none-eabi/lib/thumb/v6-m/nofp/libg.a(libc_a-callocr.o) (_malloc_r)
/home/igor/.pico-sdk/toolchain/14_2_Rel1/bin/../lib/gcc/arm-none-eabi/14.2.1/../../../../arm-none-eabi/lib/thumb/v6-m/nofp/libg.a(libc_a-mlock.o)
                              /home/igor/.pico-sdk/toolchain/14_2_Rel1/bin/../lib/gcc/arm-none-eabi/14.2.1/../../../../arm-none-eabi/lib/thumb/v6-m/nofp/libg.a(libc_a-mallocr.o) (__malloc_lock)
/home/igor/.pico-sdk/toolchain/14_2_Rel1/bin/../lib/gcc/arm-none-eabi/14.2.1/../../../../arm-none-eabi/lib/thumb/v6-m/nofp/libg.a(libc_a-realloc.o)
                              CMakeFiles/firmware.dir/home/igor/.pico-sdk/sdk/2.2.0/src/rp2_common/pico_malloc/malloc.c.o (realloc)
/home/igor/.pico-sdk/toolchain/14_2_Rel1/bin/../lib/gcc/arm-none-eabi/14.2.1/../../../../arm-none-eabi/lib/thumb/v6-m/nofp/libg.a(libc_a-reallocr.o)
                              /home/igor/.pico-sdk/toolchain/14_2_Rel1/bin/../lib/gcc/arm-none-eabi/14.2.1/../../../../arm-none-eabi/lib/thumb/v6-m/nofp/libg.a(libc_a-realloc.o) (_realloc_r)
/home/igor/.pico-sdk/toolchain/14_2_Rel1/bin/../lib/gcc/arm-none-eabi/14.2.1/../../../../arm-none-eabi/lib/thumb/v6-m/nofp/libg.a(libc_a-strtol.o)
                              /home/igor/.pico-sdk/toolchain/14_2_Rel1/bin/../lib/gcc/arm-none-eabi/14.2.1/../../../../arm-none-eabi/lib/thumb/v6-m/nofp/libg.a(libc_a-atoi.o) (_strtol_r)
/home/igor/.pico-sdk/toolchain/14_2_Rel1/bin/../lib/gcc/arm-none-eabi/14.2.1/../../../../arm-none-eabi/lib/thumb/v6-m/nofp/libg.a(libc_a-ctype_.o)
                              CMakeFiles/firmware.dir/home/igor/.pico-sdk/sdk/2.2.0/lib/lwip/src/core/dns.c.o (_ctype_)
/home/igor/.pico-sdk/toolchain/14_2_Rel1/bin/../lib/gcc/arm-none-eabi/14.2.1/../../../../arm-none-eabi/lib/thumb/v6-m/nofp/libg.a(libc_a-memcmp.o)
                              CMakeFiles/firmware.dir/home/igor/.pico-sdk/sdk/2.2.0/lib/lwip/src/netif/ethernet.c.o (memcmp)
/home/igor/.pico-sdk/toolchain/14_2_Rel1/bin/../lib/gcc/arm-none-eabi/14.2.1/../../../../arm-none-eabi/lib/thumb/v6-m/nofp/libg.a(libc_a-memmove.o)
                              CMakeFiles/firmware.dir/home/igor/.pico-sdk/sdk/2.2.0/lib/lwip/src/core/def.c.o (memmove)
/home/igor/.pico-sdk/toolchain/14_2_Rel1/bin/../lib/gcc/arm-none-eabi/14.2.1/../../../../arm-none-eabi/lib/thumb/v6-m/nofp/libg.a(libc_a-strncmp.o)
                              CMakeFiles/firmware.dir/home/igor/.pico-sdk/sdk/2.2.0/lib/lwip/src/core/def.c.o (strncmp)
/home/igor/.pico-sdk/toolchain/14_2_Rel1/bin/../lib/gcc/arm-none-eabi/14.2.1/../../../../arm-none-eabi/lib/thumb/v6-m/nofp/libg.a(libc_a-lcltime_r.o)
                              CMakeFiles/firmware.dir/home/igor/.pico-sdk/sdk/2.2.0/src/common/pico_util/datetime.c.o (localtime_r)
/home/igor/.pico-sdk/toolchain/14_2_Rel1/bin/../lib/gcc/arm-none-eabi/14.2.1/../../../../arm-none-eabi/lib/thumb/v6-m/nofp/libg.a(libc_a-mktime.o)
                              CMakeFiles/firmware.dir/home/igor/.pico-sdk/sdk/2.2.0/src/common/pico_util/datetime.c.o (mktime)
/home/igor/.pico-sdk/toolchain/14_2_Rel1/bin/../lib/gcc/arm-none-eabi/14.2.1/../../../../arm-none-eabi/lib/thumb/v6-m/nofp/libg.a(libc_a-month_lengths.o)
[...]
Memory Configuration

Name             Origin             Length             Attributes
FLASH            0x10000000         0x00200000         xr
RAM              0x20000000         0x00040000         xrw
SCRATCH_X        0x20040000         0x00001000         xrw
SCRATCH_Y        0x20041000         0x00001000         xrw
*default*        0x00000000         0xffffffff

Linker script and memory map

LOAD /home/igor/.pico-sdk/toolchain/14_2_Rel1/bin/../lib/gcc/arm-none-eabi/14.2.1/thumb/v6-m/nofp/crti.o
LOAD /home/igor/.pico-sdk/toolchain/14_2_Rel1/bin/../lib/gcc/arm-none-eabi/14.2.1/thumb/v6-m/nofp/crtbegin.o
LOAD /home/igor/.pico-sdk/toolchain/14_2_Rel1/bin/../lib/gcc/arm-none-eabi/14.2.1/../../../../arm-none-eabi/lib/thumb/v6-m/nofp/crt0.o

.flash_begin    0x10000000        0x0
                0x10000000                        __flash_binary_start = .

.boot2          0x10000000      0x100
                0x10000000                        __boot2_start__ = .
 *(.boot2)
 .boot2         0x10000000      0x100 pico-sdk/src/rp2040/boot_stage2/CMakeFiles/bs2_default_library.dir/./bs2_default_padded_checksummed.S.o
                0x10000100                        __boot2_end__ = .
                0x00000001                        ASSERT (((__boot2_end__ - __boot2_start__) == 0x100), ERROR: Pico second stage bootloader must be 256 bytes in size)

.text           0x10000100    0x1a89c
                0x10000100                        __logical_binary_start = .
 *(.vectors)
 .vectors       0x10000100       0xd4 CMakeFiles/firmware.dir/home/igor/.pico-sdk/sdk/2.2.0/src/rp2_common/pico_crt0/crt0.S.o
                0x10000100                __vectors
                0x10000100                __VECTOR_TABLE
                0x100001c0                isr_irq30
                0x100001c0                __unhandled_user_irq
                0x100001c0                isr_irq13
                0x100001c0                isr_irq27
                0x100001c0                isr_irq31
                0x100001c0                isr_irq5
                0x100001c0                isr_irq11
                0x100001c0                isr_irq23
                0x100001c0                isr_irq18
                0x100001c0                isr_irq28
                0x100001c0                isr_irq19
                0x100001c0                isr_irq0
                0x100001c0                isr_irq6
                0x100001c0                isr_irq22
                0x100001c0                isr_irq17
                0x100001c0                isr_irq14
                0x100001c0                __vectors_end
                0x100001c0                __default_isrs_start
                0x100001c0                isr_irq2
                0x100001c0                isr_irq10
                0x100001c0                isr_irq8
                0x100001c0                isr_irq24
                0x100001c0                isr_irq1
                0x100001c0                isr_irq7
                0x100001c0                isr_irq21
                0x100001c0                isr_irq20
                0x100001c0                isr_irq15
                0x100001c0                isr_irq25
                0x100001c0                isr_irq4
                0x100001c0                isr_irq16
                0x100001c0                isr_irq29
                0x100001c0                isr_irq26
                0x100001c0                isr_irq3
                0x100001c0                isr_irq12
                0x100001c0                isr_irq9
                0x100001c6                unhandled_user_irq_num_in_r0
                0x100001c8                isr_invalid
                0x100001ca                isr_nmi
                0x100001cc                isr_hardfault
                0x100001ce                isr_svcall
                0x100001d0                isr_pendsv
                0x100001d2                isr_systick
                0x100001d4                __default_isrs_end
 *(.binary_info_header)
 .binary_info_header
                0x100001d4       0x14 CMakeFiles/firmware.dir/home/igor/.pico-sdk/sdk/2.2.0/src/rp2_common/pico_crt0/crt0.S.o
                0x100001e8                        __binary_info_header_end = .
 *(.embedded_block)
                0x100001e8                        __embedded_block_end = .
 *(.reset)
 .reset         0x100001e8       0x9c CMakeFiles/firmware.dir/home/igor/.pico-sdk/sdk/2.2.0/src/rp2_common/pico_crt0/crt0.S.o
                0x100001e8                _entry_point
 *(.init)
 .init          0x10000284        0x4 /home/igor/.pico-sdk/toolchain/14_2_Rel1/bin/../lib/gcc/arm-none-eabi/14.2.1/thumb/v6-m/nofp/crti.o
                0x10000284                _init
 *(EXCLUDE_FILE(*libm.a: *libc.a:*lib_a-mem*.o *libgcc.a:) .text*)
 .text.register_tm_clones
                0x10000288       0x28 /home/igor/.pico-sdk/toolchain/14_2_Rel1/bin/../lib/gcc/arm-none-eabi/14.2.1/thumb/v6-m/nofp/crtbegin.o
 .text.frame_dummy
                0x100002b0       0x24 /home/igor/.pico-sdk/toolchain/14_2_Rel1/bin/../lib/gcc/arm-none-eabi/14.2.1/thumb/v6-m/nofp/crtbegin.o
 .text._Z19mqtt_pub_request_cbPva
                0x100002d4       0x10 CMakeFiles/firmware.dir/firmware.cpp.o
                0x100002d4                mqtt_pub_request_cb(void*, signed char)
 .text._Z19mqtt_sub_request_cbPva
                0x100002e4       0x10 CMakeFiles/firmware.dir/firmware.cpp.o
                0x100002e4                mqtt_sub_request_cb(void*, signed char)
 .text._Z24mqtt_incoming_publish_cbPvPKcm
                0x100002f4       0x10 CMakeFiles/firmware.dir/firmware.cpp.o
                0x100002f4                mqtt_incoming_publish_cb(void*, char const*, unsigned long)
 .text._Z21mqtt_incoming_data_cbPvPKhth
                0x10000304       0x7c CMakeFiles/firmware.dir/firmware.cpp.o
                0x10000304                mqtt_incoming_data_cb(void*, unsigned char const*, unsigned short, unsigned char)
 .text._Z18mqtt_connection_cbP13mqtt_client_sPv24mqtt_connection_status_t
                0x10000380       0x78 CMakeFiles/firmware.dir/firmware.cpp.o
                0x10000380                mqtt_connection_cb(mqtt_client_s*, void*, mqtt_connection_status_t)
 .text._Z13dense_softmaxPKfiS0_S0_iPf.constprop.0
                0x100003f8       0xe4 CMakeFiles/firmware.dir/firmware.cpp.o
 .text._Z17lstm_forward_stepPKfiS0_S0_iS0_S0_S0_PfS1_.constprop.0
                0x100004dc      0x1e8 CMakeFiles/firmware.dir/firmware.cpp.o
 .text._Z17lstm_forward_stepPKfiS0_S0_iS0_S0_S0_PfS1_.constprop.1
                0x100006c4      0x1c4 CMakeFiles/firmware.dir/firmware.cpp.o
 .text._Z14run_predictionPA1_fi.constprop.0
                0x10000888      0x210 CMakeFiles/firmware.dir/firmware.cpp.o
 .text._Z11core1_entryv
                0x10000a98       0x20 CMakeFiles/firmware.dir/firmware.cpp.o
                0x10000a98                core1_entry()
 .text._Z14run_predictionPA1_fi
                0x10000ab8      0x20c CMakeFiles/firmware.dir/firmware.cpp.o
                0x10000ab8                run_prediction(float (*) [1], int)
 .text.startup.main
                0x10000cc4      0x5b8 CMakeFiles/firmware.dir/firmware.cpp.o
                0x10000cc4                main
 .text.i2c_read_blocking_internal.constprop.0
                0x1000127c       0x98 CMakeFiles/firmware.dir/home/igor/.pico-sdk/sdk/2.2.0/src/rp2_common/hardware_i2c/i2c.c.o
 .text.i2c_write_blocking_internal.constprop.0
                0x10001314       0xf8 CMakeFiles/firmware.dir/home/igor/.pico-sdk/sdk/2.2.0/src/rp2_common/hardware_i2c/i2c.c.o
 .text.i2c_set_baudrate
                0x1000140c       0xc0 CMakeFiles/firmware.dir/home/igor/.pico-sdk/sdk/2.2.0/src/rp2_common/hardware_i2c/i2c.c.o
                0x1000140c                i2c_set_baudrate
 .text.i2c_init
                0x100014cc       0x50 CMakeFiles/firmware.dir/home/igor/.pico-sdk/sdk/2.2.0/src/rp2_common/hardware_i2c/i2c.c.o
                0x100014cc                i2c_init
 .text.i2c_write_blocking
                0x1000151c       0x14 CMakeFiles/firmware.dir/home/igor/.pico-sdk/sdk/2.2.0/src/rp2_common/hardware_i2c/i2c.c.o
                0x1000151c                i2c_write_blocking
 .text.i2c_read_blocking
                0x10001530       0x14 CMakeFiles/firmware.dir/home/igor/.pico-sdk/sdk/2.2.0/src/rp2_common/hardware_i2c/i2c.c.o
                0x10001530                i2c_read_blocking
 .text.rp2040_chip_version
                0x10001544        0xc CMakeFiles/firmware.dir/home/igor/.pico-sdk/sdk/2.2.0/src/rp2040/pico_platform/platform.c.o
                0x10001544                rp2040_chip_version
 .text.panic    0x10001550       0x30 CMakeFiles/firmware.dir/home/igor/.pico-sdk/sdk/2.2.0/src/rp2_common/pico_platform_panic/panic.c.o
                0x10001550                panic
 .text.hw_claim_lock
                0x10001580       0x18 CMakeFiles/firmware.dir/home/igor/.pico-sdk/sdk/2.2.0/src/common/hardware_claim/claim.c.o
                0x10001580                hw_claim_lock
 .text.hw_claim_unlock
                0x10001598       0x14 CMakeFiles/firmware.dir/home/igor/.pico-sdk/sdk/2.2.0/src/common/hardware_claim/claim.c.o
                0x10001598                hw_claim_unlock
 .text.hw_claim_or_assert
                0x100015ac       0x44 CMakeFiles/firmware.dir/home/igor/.pico-sdk/sdk/2.2.0/src/common/hardware_claim/claim.c.o
                0x100015ac                hw_claim_or_assert
 .text.hw_claim_unused_from_range
                0x100015f0       0x88 CMakeFiles/firmware.dir/home/igor/.pico-sdk/sdk/2.2.0/src/common/hardware_claim/claim.c.o
                0x100015f0                hw_claim_unused_from_range
 .text.hw_claim_clear
                0x10001678       0x38 CMakeFiles/firmware.dir/home/igor/.pico-sdk/sdk/2.2.0/src/common/hardware_claim/claim.c.o
                0x10001678                hw_claim_clear
 .text.next_striped_spin_lock_num
                0x100016b0       0x18 CMakeFiles/firmware.dir/home/igor/.pico-sdk/sdk/2.2.0/src/rp2_common/hardware_sync/sync.c.o
                0x100016b0                next_striped_spin_lock_num
 .text.spin_lock_claim_unused
                0x100016c8       0x24 CMakeFiles/firmware.dir/home/igor/.pico-sdk/sdk/2.2.0/src/rp2_common/hardware_sync/sync.c.o
                0x100016c8                spin_lock_claim_unused
 .text.spin_locks_reset
                0x100016ec       0x1c CMakeFiles/firmware.dir/home/igor/.pico-sdk/sdk/2.2.0/src/rp2_common/hardware_sync_spin_lock/sync_spin_lock.c.o
                0x100016ec                spin_locks_reset
 .text.sleep_until_callback
                0x10001708       0x30 CMakeFiles/firmware.dir/home/igor/.pico-sdk/sdk/2.2.0/src/common/pico_time/time.c.o
 .text.alarm_pool_irq_handler
                0x10001738      0x300 CMakeFiles/firmware.dir/home/igor/.pico-sdk/sdk/2.2.0/src/common/pico_time/time.c.o
 .text.runtime_init_default_alarm_pool
                0x10001a38       0xdc CMakeFiles/firmware.dir/home/igor/.pico-sdk/sdk/2.2.0/src/common/pico_time/time.c.o
                0x10001a38                runtime_init_default_alarm_pool
 .text.alarm_pool_get_default
                0x10001b14        0x8 CMakeFiles/firmware.dir/home/igor/.pico-sdk/sdk/2.2.0/src/common/pico_time/time.c.o
                0x10001b14                alarm_pool_get_default
 .text.alarm_pool_create_on_timer_with_unused_hardware_alarm
                0x10001b1c       0xa8 CMakeFiles/firmware.dir/home/igor/.pico-sdk/sdk/2.2.0/src/common/pico_time/time.c.o
                0x10001b1c                alarm_pool_create_on_timer_with_unused_hardware_alarm
 .text.alarm_pool_destroy
                0x10001bc4       0x5c CMakeFiles/firmware.dir/home/igor/.pico-sdk/sdk/2.2.0/src/common/pico_time/time.c.o
                0x10001bc4                alarm_pool_destroy
 .text.alarm_pool_add_alarm_at
                0x10001c20       0xd0 CMakeFiles/firmware.dir/home/igor/.pico-sdk/sdk/2.2.0/src/common/pico_time/time.c.o
                0x10001c20                alarm_pool_add_alarm_at
 .text.alarm_pool_add_alarm_at_force_in_context
                0x10001cf0       0xb0 CMakeFiles/firmware.dir/home/igor/.pico-sdk/sdk/2.2.0/src/common/pico_time/time.c.o
                0x10001cf0                alarm_pool_add_alarm_at_force_in_context
 .text.alarm_pool_cancel_alarm
                0x10001da0       0x74 CMakeFiles/firmware.dir/home/igor/.pico-sdk/sdk/2.2.0/src/common/pico_time/time.c.o
                0x10001da0                alarm_pool_cancel_alarm
 .text.alarm_pool_core_num
                0x10001e14        0x4 CMakeFiles/firmware.dir/home/igor/.pico-sdk/sdk/2.2.0/src/common/pico_time/time.c.o
                0x10001e14                alarm_pool_core_num
 .text.sleep_until
                0x10001e18       0xd0 CMakeFiles/firmware.dir/home/igor/.pico-sdk/sdk/2.2.0/src/common/pico_time/time.c.o
                0x10001e18                sleep_until
 .text.sleep_ms
                0x10001ee8       0xfc CMakeFiles/firmware.dir/home/igor/.pico-sdk/sdk/2.2.0/src/common/pico_time/time.c.o
                0x10001ee8                sleep_ms
 .text.best_effort_wfe_or_timeout
                0x10001fe4      0x10c CMakeFiles/firmware.dir/home/igor/.pico-sdk/sdk/2.2.0/src/common/pico_time/time.c.o
                0x10001fe4                best_effort_wfe_or_timeout
 .text.alarm_pool_get_default_timer
                0x100020f0        0x8 CMakeFiles/firmware.dir/home/igor/.pico-sdk/sdk/2.2.0/src/common/pico_time/time.c.o
                0x100020f0                alarm_pool_get_default_timer
 .text.timer_hardware_alarm_claim
                0x100020f8       0x14 CMakeFiles/firmware.dir/home/igor/.pico-sdk/sdk/2.2.0/src/rp2_common/hardware_timer/timer.c.o
                0x100020f8                timer_hardware_alarm_claim
 .text.timer_hardware_alarm_unclaim
                0x1000210c       0x10 CMakeFiles/firmware.dir/home/igor/.pico-sdk/sdk/2.2.0/src/rp2_common/hardware_timer/timer.c.o
                0x1000210c                timer_hardware_alarm_unclaim
 .text.timer_hardware_alarm_claim_unused
                0x1000211c       0x20 CMakeFiles/firmware.dir/home/igor/.pico-sdk/sdk/2.2.0/src/rp2_common/hardware_timer/timer.c.o
                0x1000211c                timer_hardware_alarm_claim_unused
 .text.timer_time_us_64
                0x1000213c       0x10 CMakeFiles/firmware.dir/home/igor/.pico-sdk/sdk/2.2.0/src/rp2_common/hardware_timer/timer.c.o
                0x1000213c                timer_time_us_64
 .text.time_us_64
                0x1000214c       0x14 CMakeFiles/firmware.dir/home/igor/.pico-sdk/sdk/2.2.0/src/rp2_common/hardware_timer/timer.c.o
                0x1000214c                time_us_64
 .text.busy_wait_until
                0x10002160       0x20 CMakeFiles/firmware.dir/home/igor/.pico-sdk/sdk/2.2.0/src/rp2_common/hardware_timer/timer.c.o
                0x10002160                busy_wait_until
 .text.runtime_init_per_core_irq_priorities
                0x10002180       0x24 CMakeFiles/firmware.dir/home/igor/.pico-sdk/sdk/2.2.0/src/rp2_common/hardware_irq/irq.c.o
                0x10002180                runtime_init_per_core_irq_priorities
 .text.irq_set_enabled
                0x100021a4       0x24 CMakeFiles/firmware.dir/home/igor/.pico-sdk/sdk/2.2.0/src/rp2_common/hardware_irq/irq.c.o
                0x100021a4                irq_set_enabled
 .text.irq_is_enabled
                0x100021c8       0x18 CMakeFiles/firmware.dir/home/igor/.pico-sdk/sdk/2.2.0/src/rp2_common/hardware_irq/irq.c.o
                0x100021c8                irq_is_enabled
 .text.irq_set_pending
                0x100021e0       0x10 CMakeFiles/firmware.dir/home/igor/.pico-sdk/sdk/2.2.0/src/rp2_common/hardware_irq/irq.c.o
                0x100021e0                irq_set_pending
 .text.irq_has_shared_handler
                0x100021f0       0x24 CMakeFiles/firmware.dir/home/igor/.pico-sdk/sdk/2.2.0/src/rp2_common/hardware_irq/irq.c.o
                0x100021f0                irq_has_shared_handler
 .text.irq_set_exclusive_handler
                0x10002214       0x54 CMakeFiles/firmware.dir/home/igor/.pico-sdk/sdk/2.2.0/src/rp2_common/hardware_irq/irq.c.o
                0x10002214                irq_set_exclusive_handler
 .text.irq_add_shared_handler
                0x10002268      0x1f4 CMakeFiles/firmware.dir/home/igor/.pico-sdk/sdk/2.2.0/src/rp2_common/hardware_irq/irq.c.o
                0x10002268                irq_add_shared_handler
 .text.irq_remove_handler
                0x1000245c      0x1d4 CMakeFiles/firmware.dir/home/igor/.pico-sdk/sdk/2.2.0/src/rp2_common/hardware_irq/irq.c.o
                0x1000245c                irq_remove_handler
 .text.irq_set_priority
                0x10002630       0x28 CMakeFiles/firmware.dir/home/igor/.pico-sdk/sdk/2.2.0/src/rp2_common/hardware_irq/irq.c.o
                0x10002630                irq_set_priority
 .text.irq_add_tail_to_free_list
                0x10002658       0xb4 CMakeFiles/firmware.dir/home/igor/.pico-sdk/sdk/2.2.0/src/rp2_common/hardware_irq/irq.c.o
                0x10002658                irq_add_tail_to_free_list
 .text.user_irq_unclaim
                0x1000270c       0x14 CMakeFiles/firmware.dir/home/igor/.pico-sdk/sdk/2.2.0/src/rp2_common/hardware_irq/irq.c.o
                0x1000270c                user_irq_unclaim
 .text.user_irq_claim_unused
                0x10002720       0x2c CMakeFiles/firmware.dir/home/igor/.pico-sdk/sdk/2.2.0/src/rp2_common/hardware_irq/irq.c.o
                0x10002720                user_irq_claim_unused
 .text.sem_init
                0x1000274c       0x20 CMakeFiles/firmware.dir/home/igor/.pico-sdk/sdk/2.2.0/src/common/pico_sync/sem.c.o
                0x1000274c                sem_init
 .text.lock_init
                0x1000276c       0x10 CMakeFiles/firmware.dir/home/igor/.pico-sdk/sdk/2.2.0/src/common/pico_sync/lock_core.c.o
                0x1000276c                lock_init
 .text.runtime_init_mutex
                0x1000277c       0x50 CMakeFiles/firmware.dir/home/igor/.pico-sdk/sdk/2.2.0/src/common/pico_sync/mutex.c.o
                0x1000277c                runtime_init_mutex
 .text.mutex_init
                0x100027cc       0x1c CMakeFiles/firmware.dir/home/igor/.pico-sdk/sdk/2.2.0/src/common/pico_sync/mutex.c.o
                0x100027cc                mutex_init
 .text.recursive_mutex_init
                0x100027e8       0x1c CMakeFiles/firmware.dir/home/igor/.pico-sdk/sdk/2.2.0/src/common/pico_sync/mutex.c.o
                0x100027e8                recursive_mutex_init
 .text.critical_section_init
                0x10002804       0x1c CMakeFiles/firmware.dir/home/igor/.pico-sdk/sdk/2.2.0/src/common/pico_sync/critical_section.c.o
                0x10002804                critical_section_init
 .text.critical_section_init_with_lock_num
                0x10002820       0x14 CMakeFiles/firmware.dir/home/igor/.pico-sdk/sdk/2.2.0/src/common/pico_sync/critical_section.c.o
                0x10002820                critical_section_init_with_lock_num
 .text.clock_configure_int_divider
                0x10002834       0xf4 CMakeFiles/firmware.dir/home/igor/.pico-sdk/sdk/2.2.0/src/rp2_common/hardware_clocks/clocks.c.o
                0x10002834                clock_configure_int_divider
 .text.clock_configure_undivided
                0x10002928       0xe8 CMakeFiles/firmware.dir/home/igor/.pico-sdk/sdk/2.2.0/src/rp2_common/hardware_clocks/clocks.c.o
                0x10002928                clock_configure_undivided
 .text.clock_get_hz
                0x10002a10        0xc CMakeFiles/firmware.dir/home/igor/.pico-sdk/sdk/2.2.0/src/rp2_common/hardware_clocks/clocks.c.o
                0x10002a10                clock_get_hz
 .text.gpio_set_function
                0x10002a1c       0x34 CMakeFiles/firmware.dir/home/igor/.pico-sdk/sdk/2.2.0/src/rp2_common/hardware_gpio/gpio.c.o
                0x10002a1c                gpio_set_function
 .text.gpio_set_pulls
                0x10002a50       0x28 CMakeFiles/firmware.dir/home/igor/.pico-sdk/sdk/2.2.0/src/rp2_common/hardware_gpio/gpio.c.o
                0x10002a50                gpio_set_pulls
 .text.gpio_set_input_hysteresis_enabled
                0x10002a78       0x28 CMakeFiles/firmware.dir/home/igor/.pico-sdk/sdk/2.2.0/src/rp2_common/hardware_gpio/gpio.c.o
                0x10002a78                gpio_set_input_hysteresis_enabled
 .text.gpio_set_irq_enabled
                0x10002aa0       0x58 CMakeFiles/firmware.dir/home/igor/.pico-sdk/sdk/2.2.0/src/rp2_common/hardware_gpio/gpio.c.o
                0x10002aa0                gpio_set_irq_enabled
 .text.gpio_add_raw_irq_handler_with_order_priority_masked
                0x10002af8       0x44 CMakeFiles/firmware.dir/home/igor/.pico-sdk/sdk/2.2.0/src/rp2_common/hardware_gpio/gpio.c.o
                0x10002af8                gpio_add_raw_irq_handler_with_order_priority_masked
 .text.gpio_remove_raw_irq_handler_masked
                0x10002b3c       0x20 CMakeFiles/firmware.dir/home/igor/.pico-sdk/sdk/2.2.0/src/rp2_common/hardware_gpio/gpio.c.o
                0x10002b3c                gpio_remove_raw_irq_handler_masked
 .text.gpio_init
                0x10002b5c       0x40 CMakeFiles/firmware.dir/home/igor/.pico-sdk/sdk/2.2.0/src/rp2_common/hardware_gpio/gpio.c.o
                0x10002b5c                gpio_init
 .text.pll_init
                0x10002b9c       0xa4 CMakeFiles/firmware.dir/home/igor/.pico-sdk/sdk/2.2.0/src/rp2_common/hardware_pll/pll.c.o
                0x10002b9c                pll_init
 .text.watchdog_reboot
                0x10002c40       0x9c CMakeFiles/firmware.dir/home/igor/.pico-sdk/sdk/2.2.0/src/rp2_common/hardware_watchdog/watchdog.c.o
                0x10002c40                watchdog_reboot
 .text.tick_start
                0x10002cdc       0x10 CMakeFiles/firmware.dir/home/igor/.pico-sdk/sdk/2.2.0/src/rp2_common/hardware_ticks/ticks.c.o
                0x10002cdc                tick_start
 .text.rom_func_lookup
                0x10002cec       0x10 CMakeFiles/firmware.dir/home/igor/.pico-sdk/sdk/2.2.0/src/rp2_common/pico_bootrom/bootrom.c.o
                0x10002cec                rom_func_lookup
 .text.rom_data_lookup
                0x10002cfc       0x10 CMakeFiles/firmware.dir/home/igor/.pico-sdk/sdk/2.2.0/src/rp2_common/pico_bootrom/bootrom.c.o
                0x10002cfc                rom_data_lookup
 .text.rom_funcs_lookup
                0x10002d0c       0x44 CMakeFiles/firmware.dir/home/igor/.pico-sdk/sdk/2.2.0/src/rp2_common/pico_bootrom/bootrom.c.o
                0x10002d0c                rom_funcs_lookup
 .text.rom_reset_usb_boot_extra
                0x10002d50       0x24 CMakeFiles/firmware.dir/home/igor/.pico-sdk/sdk/2.2.0/src/rp2_common/pico_bootrom/bootrom.c.o
                0x10002d50                rom_reset_usb_boot_extra
 .text.xosc_init
                0x10002d74       0x28 CMakeFiles/firmware.dir/home/igor/.pico-sdk/sdk/2.2.0/src/rp2_common/hardware_xosc/xosc.c.o
                0x10002d74                xosc_init
 .text.lwip_timeout_reached
                0x10002d9c        0x8 CMakeFiles/firmware.dir/home/igor/.pico-sdk/sdk/2.2.0/src/rp2_common/pico_lwip/lwip_nosys.c.o
 .text.update_next_timeout
                0x10002da4       0x5c CMakeFiles/firmware.dir/home/igor/.pico-sdk/sdk/2.2.0/src/rp2_common/pico_lwip/lwip_nosys.c.o
 .text.lwip_nosys_init
                0x10002e00       0x30 CMakeFiles/firmware.dir/home/igor/.pico-sdk/sdk/2.2.0/src/rp2_common/pico_lwip/lwip_nosys.c.o
                0x10002e00                lwip_nosys_init
 .text.lwip_nosys_deinit
                0x10002e30       0x20 CMakeFiles/firmware.dir/home/igor/.pico-sdk/sdk/2.2.0/src/rp2_common/pico_lwip/lwip_nosys.c.o
                0x10002e30                lwip_nosys_deinit
 .text.sys_arch_protect
                0x10002e50        0x4 CMakeFiles/firmware.dir/home/igor/.pico-sdk/sdk/2.2.0/src/rp2_common/pico_lwip/lwip_nosys.c.o
                0x10002e50                sys_arch_protect
 .text.sys_arch_unprotect
                0x10002e54        0x4 CMakeFiles/firmware.dir/home/igor/.pico-sdk/sdk/2.2.0/src/rp2_common/pico_lwip/lwip_nosys.c.o
                0x10002e54                sys_arch_unprotect
 .text.sys_now  0x10002e58       0x20 CMakeFiles/firmware.dir/home/igor/.pico-sdk/sdk/2.2.0/src/rp2_common/pico_lwip/lwip_nosys.c.o
                0x10002e58                sys_now
 .text.async_context_base_add_at_time_worker
                0x10002e78       0x28 CMakeFiles/firmware.dir/home/igor/.pico-sdk/sdk/2.2.0/src/rp2_common/pico_async_context/async_context_base.c.o
                0x10002e78                async_context_base_add_at_time_worker
 .text.async_context_base_remove_at_time_worker
                0x10002ea0       0x24 CMakeFiles/firmware.dir/home/igor/.pico-sdk/sdk/2.2.0/src/rp2_common/pico_async_context/async_context_base.c.o
                0x10002ea0                async_context_base_remove_at_time_worker
 .text.async_context_base_add_when_pending_worker
                0x10002ec4       0x24 CMakeFiles/firmware.dir/home/igor/.pico-sdk/sdk/2.2.0/src/rp2_common/pico_async_context/async_context_base.c.o
                0x10002ec4                async_context_base_add_when_pending_worker
 .text.async_context_base_remove_when_pending_worker
                0x10002ee8       0x24 CMakeFiles/firmware.dir/home/igor/.pico-sdk/sdk/2.2.0/src/rp2_common/pico_async_context/async_context_base.c.o
                0x10002ee8                async_context_base_remove_when_pending_worker
 .text.async_context_base_execute_once
                0x10002f0c      0x108 CMakeFiles/firmware.dir/home/igor/.pico-sdk/sdk/2.2.0/src/rp2_common/pico_async_context/async_context_base.c.o
                0x10002f0c                async_context_base_execute_once
 .text.async_context_base_needs_servicing
                0x10003014       0x54 CMakeFiles/firmware.dir/home/igor/.pico-sdk/sdk/2.2.0/src/rp2_common/pico_async_context/async_context_base.c.o
                0x10003014                async_context_base_needs_servicing
 .text.splitmix64
                0x10003068       0x58 CMakeFiles/firmware.dir/home/igor/.pico-sdk/sdk/2.2.0/src/rp2_common/pico_rand/rand.c.o
 .text.xoroshiro128ss
                0x100030c0       0x90 CMakeFiles/firmware.dir/home/igor/.pico-sdk/sdk/2.2.0/src/rp2_common/pico_rand/rand.c.o
 .text.get_rand_64
                0x10003150      0x47c CMakeFiles/firmware.dir/home/igor/.pico-sdk/sdk/2.2.0/src/rp2_common/pico_rand/rand.c.o
                0x10003150                get_rand_64
 .text.get_rand_32
                0x100035cc        0x8 CMakeFiles/firmware.dir/home/igor/.pico-sdk/sdk/2.2.0/src/rp2_common/pico_rand/rand.c.o
                0x100035cc                get_rand_32
 .text.startup._retrieve_unique_id_on_boot
                0x100035d4       0x10 CMakeFiles/firmware.dir/home/igor/.pico-sdk/sdk/2.2.0/src/rp2_common/pico_unique_id/unique_id.c.o
 .text.pico_get_unique_board_id
                0x100035e4       0x10 CMakeFiles/firmware.dir/home/igor/.pico-sdk/sdk/2.2.0/src/rp2_common/pico_unique_id/unique_id.c.o
                0x100035e4                pico_get_unique_board_id
 .text.pico_get_unique_board_id_string
                0x100035f4      0x1a8 CMakeFiles/firmware.dir/home/igor/.pico-sdk/sdk/2.2.0/src/rp2_common/pico_unique_id/unique_id.c.o
                0x100035f4                pico_get_unique_board_id_string
 .text.flash_get_unique_id
                0x1000379c       0x3c CMakeFiles/firmware.dir/home/igor/.pico-sdk/sdk/2.2.0/src/rp2_common/hardware_flash/flash.c.o
                0x1000379c                flash_get_unique_id
 .text.lwip_init
                0x100037d8       0x24 CMakeFiles/firmware.dir/home/igor/.pico-sdk/sdk/2.2.0/lib/lwip/src/core/init.c.o
                0x100037d8                lwip_init
 .text.lwip_htons
                0x100037fc        0x8 CMakeFiles/firmware.dir/home/igor/.pico-sdk/sdk/2.2.0/lib/lwip/src/core/def.c.o
                0x100037fc                lwip_htons
 .text.lwip_htonl
                0x10003804        0x4 CMakeFiles/firmware.dir/home/igor/.pico-sdk/sdk/2.2.0/lib/lwip/src/core/def.c.o
                0x10003804                lwip_htonl
 .text.dns_call_found
                0x10003808      0x184 CMakeFiles/firmware.dir/home/igor/.pico-sdk/sdk/2.2.0/lib/lwip/src/core/dns.c.o
 .text.dns_send.isra.0
                0x1000398c      0x174 CMakeFiles/firmware.dir/home/igor/.pico-sdk/sdk/2.2.0/lib/lwip/src/core/dns.c.o
 .text.dns_init
                0x10003b00        0x4 CMakeFiles/firmware.dir/home/igor/.pico-sdk/sdk/2.2.0/lib/lwip/src/core/dns.c.o
                0x10003b00                dns_init
 .text.dns_setserver
                0x10003b04       0x24 CMakeFiles/firmware.dir/home/igor/.pico-sdk/sdk/2.2.0/lib/lwip/src/core/dns.c.o
                0x10003b04                dns_setserver
 .text.dns_tmr  0x10003b28      0x130 CMakeFiles/firmware.dir/home/igor/.pico-sdk/sdk/2.2.0/lib/lwip/src/core/dns.c.o
                0x10003b28                dns_tmr
 .text.lwip_standard_chksum
                0x10003c58       0xf4 CMakeFiles/firmware.dir/home/igor/.pico-sdk/sdk/2.2.0/lib/lwip/src/core/inet_chksum.c.o
                0x10003c58                lwip_standard_chksum
 .text.inet_chksum_pseudo
                0x10003d4c       0xbc CMakeFiles/firmware.dir/home/igor/.pico-sdk/sdk/2.2.0/lib/lwip/src/core/inet_chksum.c.o
                0x10003d4c                inet_chksum_pseudo
 .text.ip_chksum_pseudo
                0x10003e08       0x10 CMakeFiles/firmware.dir/home/igor/.pico-sdk/sdk/2.2.0/lib/lwip/src/core/inet_chksum.c.o
                0x10003e08                ip_chksum_pseudo
 .text.inet_chksum
                0x10003e18        0xc CMakeFiles/firmware.dir/home/igor/.pico-sdk/sdk/2.2.0/lib/lwip/src/core/inet_chksum.c.o
                0x10003e18                inet_chksum
 .text.inet_chksum_pbuf
                0x10003e24       0x78 CMakeFiles/firmware.dir/home/igor/.pico-sdk/sdk/2.2.0/lib/lwip/src/core/inet_chksum.c.o
                0x10003e24                inet_chksum_pbuf
 .text.mem_init
                0x10003e9c       0x3c CMakeFiles/firmware.dir/home/igor/.pico-sdk/sdk/2.2.0/lib/lwip/src/core/mem.c.o
                0x10003e9c                mem_init
 .text.mem_free
                0x10003ed8      0x13c CMakeFiles/firmware.dir/home/igor/.pico-sdk/sdk/2.2.0/lib/lwip/src/core/mem.c.o
                0x10003ed8                mem_free
 .text.mem_trim
                0x10004014      0x104 CMakeFiles/firmware.dir/home/igor/.pico-sdk/sdk/2.2.0/lib/lwip/src/core/mem.c.o
                0x10004014                mem_trim
 .text.mem_malloc
                0x10004118      0x130 CMakeFiles/firmware.dir/home/igor/.pico-sdk/sdk/2.2.0/lib/lwip/src/core/mem.c.o
                0x10004118                mem_malloc
 .text.mem_calloc
                0x10004248       0x28 CMakeFiles/firmware.dir/home/igor/.pico-sdk/sdk/2.2.0/lib/lwip/src/core/mem.c.o
                0x10004248                mem_calloc
 .text.memp_init
                0x10004270       0x6c CMakeFiles/firmware.dir/home/igor/.pico-sdk/sdk/2.2.0/lib/lwip/src/core/memp.c.o
                0x10004270                memp_init
 .text.memp_malloc
                0x100042dc       0x40 CMakeFiles/firmware.dir/home/igor/.pico-sdk/sdk/2.2.0/lib/lwip/src/core/memp.c.o
                0x100042dc                memp_malloc
 .text.memp_free
                0x1000431c       0x38 CMakeFiles/firmware.dir/home/igor/.pico-sdk/sdk/2.2.0/lib/lwip/src/core/memp.c.o
                0x1000431c                memp_free
 .text.netif_null_output_ip4
                0x10004354        0x8 CMakeFiles/firmware.dir/home/igor/.pico-sdk/sdk/2.2.0/lib/lwip/src/core/netif.c.o
 .text.netif_do_set_ipaddr.isra.0
                0x1000435c       0x70 CMakeFiles/firmware.dir/home/igor/.pico-sdk/sdk/2.2.0/lib/lwip/src/core/netif.c.o
 .text.netif_init
                0x100043cc        0x4 CMakeFiles/firmware.dir/home/igor/.pico-sdk/sdk/2.2.0/lib/lwip/src/core/netif.c.o
                0x100043cc                netif_init
 .text.netif_add
                0x100043d0      0x174 CMakeFiles/firmware.dir/home/igor/.pico-sdk/sdk/2.2.0/lib/lwip/src/core/netif.c.o
                0x100043d0                netif_add
 .text.netif_set_addr
                0x10004544       0xb8 CMakeFiles/firmware.dir/home/igor/.pico-sdk/sdk/2.2.0/lib/lwip/src/core/netif.c.o
                0x10004544                netif_set_addr
 .text.netif_remove
                0x100045fc       0x94 CMakeFiles/firmware.dir/home/igor/.pico-sdk/sdk/2.2.0/lib/lwip/src/core/netif.c.o
                0x100045fc                netif_remove
 .text.netif_set_default
                0x10004690        0xc CMakeFiles/firmware.dir/home/igor/.pico-sdk/sdk/2.2.0/lib/lwip/src/core/netif.c.o
                0x10004690                netif_set_default
 .text.netif_set_up
                0x1000469c       0x40 CMakeFiles/firmware.dir/home/igor/.pico-sdk/sdk/2.2.0/lib/lwip/src/core/netif.c.o
                0x1000469c                netif_set_up
 .text.netif_set_link_up
                0x100046dc       0x44 CMakeFiles/firmware.dir/home/igor/.pico-sdk/sdk/2.2.0/lib/lwip/src/core/netif.c.o
                0x100046dc                netif_set_link_up
 .text.netif_set_link_down
                0x10004720       0x20 CMakeFiles/firmware.dir/home/igor/.pico-sdk/sdk/2.2.0/lib/lwip/src/core/netif.c.o
                0x10004720                netif_set_link_down
 .text.netif_get_by_index
                0x10004740       0x2c CMakeFiles/firmware.dir/home/igor/.pico-sdk/sdk/2.2.0/lib/lwip/src/core/netif.c.o
                0x10004740                netif_get_by_index
 .text.pbuf_free.part.0
                0x1000476c       0x7c CMakeFiles/firmware.dir/home/igor/.pico-sdk/sdk/2.2.0/lib/lwip/src/core/pbuf.c.o
 .text.pbuf_free_ooseq
                0x100047e8       0x34 CMakeFiles/firmware.dir/home/igor/.pico-sdk/sdk/2.2.0/lib/lwip/src/core/pbuf.c.o
                0x100047e8                pbuf_free_ooseq
 .text.pbuf_alloc
                0x1000481c      0x134 CMakeFiles/firmware.dir/home/igor/.pico-sdk/sdk/2.2.0/lib/lwip/src/core/pbuf.c.o
                0x1000481c                pbuf_alloc
 .text.pbuf_realloc
                0x10004950       0x84 CMakeFiles/firmware.dir/home/igor/.pico-sdk/sdk/2.2.0/lib/lwip/src/core/pbuf.c.o
                0x10004950                pbuf_realloc
 .text.pbuf_add_header
                0x100049d4       0x54 CMakeFiles/firmware.dir/home/igor/.pico-sdk/sdk/2.2.0/lib/lwip/src/core/pbuf.c.o
                0x100049d4                pbuf_add_header
 .text.pbuf_remove_header
                0x10004a28       0x3c CMakeFiles/firmware.dir/home/igor/.pico-sdk/sdk/2.2.0/lib/lwip/src/core/pbuf.c.o
                0x10004a28                pbuf_remove_header
 .text.pbuf_header_force
                0x10004a64       0x68 CMakeFiles/firmware.dir/home/igor/.pico-sdk/sdk/2.2.0/lib/lwip/src/core/pbuf.c.o
                0x10004a64                pbuf_header_force
 .text.pbuf_free
                0x10004acc       0x18 CMakeFiles/firmware.dir/home/igor/.pico-sdk/sdk/2.2.0/lib/lwip/src/core/pbuf.c.o
                0x10004acc                pbuf_free
 .text.pbuf_clen
                0x10004ae4       0x14 CMakeFiles/firmware.dir/home/igor/.pico-sdk/sdk/2.2.0/lib/lwip/src/core/pbuf.c.o
                0x10004ae4                pbuf_clen
 .text.pbuf_ref
                0x10004af8       0x28 CMakeFiles/firmware.dir/home/igor/.pico-sdk/sdk/2.2.0/lib/lwip/src/core/pbuf.c.o
                0x10004af8                pbuf_ref
 .text.pbuf_cat
                0x10004b20       0x54 CMakeFiles/firmware.dir/home/igor/.pico-sdk/sdk/2.2.0/lib/lwip/src/core/pbuf.c.o
                0x10004b20                pbuf_cat
 .text.pbuf_chain
                0x10004b74       0x70 CMakeFiles/firmware.dir/home/igor/.pico-sdk/sdk/2.2.0/lib/lwip/src/core/pbuf.c.o
                0x10004b74                pbuf_chain
 .text.pbuf_copy_partial_pbuf
                0x10004be4      0x158 CMakeFiles/firmware.dir/home/igor/.pico-sdk/sdk/2.2.0/lib/lwip/src/core/pbuf.c.o
                0x10004be4                pbuf_copy_partial_pbuf
 .text.pbuf_copy
                0x10004d3c       0x18 CMakeFiles/firmware.dir/home/igor/.pico-sdk/sdk/2.2.0/lib/lwip/src/core/pbuf.c.o
                0x10004d3c                pbuf_copy
 .text.pbuf_copy_partial
                0x10004d54       0x70 CMakeFiles/firmware.dir/home/igor/.pico-sdk/sdk/2.2.0/lib/lwip/src/core/pbuf.c.o
                0x10004d54                pbuf_copy_partial
 .text.pbuf_get_contiguous
                0x10004dc4       0xa8 CMakeFiles/firmware.dir/home/igor/.pico-sdk/sdk/2.2.0/lib/lwip/src/core/pbuf.c.o
                0x10004dc4                pbuf_get_contiguous
 .text.pbuf_take
                0x10004e6c       0x78 CMakeFiles/firmware.dir/home/igor/.pico-sdk/sdk/2.2.0/lib/lwip/src/core/pbuf.c.o
                0x10004e6c                pbuf_take
 .text.pbuf_take_at
                0x10004ee4       0xc0 CMakeFiles/firmware.dir/home/igor/.pico-sdk/sdk/2.2.0/lib/lwip/src/core/pbuf.c.o
                0x10004ee4                pbuf_take_at
 .text.pbuf_clone
                0x10004fa4       0x30 CMakeFiles/firmware.dir/home/igor/.pico-sdk/sdk/2.2.0/lib/lwip/src/core/pbuf.c.o
                0x10004fa4                pbuf_clone
 .text.pbuf_get_at
                0x10004fd4       0x20 CMakeFiles/firmware.dir/home/igor/.pico-sdk/sdk/2.2.0/lib/lwip/src/core/pbuf.c.o
                0x10004fd4                pbuf_get_at
 .text.pbuf_put_at
                0x10004ff4       0x1c CMakeFiles/firmware.dir/home/igor/.pico-sdk/sdk/2.2.0/lib/lwip/src/core/pbuf.c.o
                0x10004ff4                pbuf_put_at
 .text.raw_input
                0x10005010      0x164 CMakeFiles/firmware.dir/home/igor/.pico-sdk/sdk/2.2.0/lib/lwip/src/core/raw.c.o
                0x10005010                raw_input
 .text.raw_netif_ip_addr_changed
                0x10005174       0x40 CMakeFiles/firmware.dir/home/igor/.pico-sdk/sdk/2.2.0/lib/lwip/src/core/raw.c.o
                0x10005174                raw_netif_ip_addr_changed
 .text.stats_init
                0x100051b4        0x4 CMakeFiles/firmware.dir/home/igor/.pico-sdk/sdk/2.2.0/lib/lwip/src/core/stats.c.o
                0x100051b4                stats_init
 .text.tcp_close_shutdown_fin
                0x100051b8       0x54 CMakeFiles/firmware.dir/home/igor/.pico-sdk/sdk/2.2.0/lib/lwip/src/core/tcp.c.o
 .text.tcp_pcb_purge.part.0
                0x1000520c       0xc4 CMakeFiles/firmware.dir/home/igor/.pico-sdk/sdk/2.2.0/lib/lwip/src/core/tcp.c.o
 .text.tcp_init
                0x100052d0       0x20 CMakeFiles/firmware.dir/home/igor/.pico-sdk/sdk/2.2.0/lib/lwip/src/core/tcp.c.o
                0x100052d0                tcp_init
 .text.tcp_free
                0x100052f0       0x1c CMakeFiles/firmware.dir/home/igor/.pico-sdk/sdk/2.2.0/lib/lwip/src/core/tcp.c.o
                0x100052f0                tcp_free
 .text.tcp_bind
                0x1000530c       0xf4 CMakeFiles/firmware.dir/home/igor/.pico-sdk/sdk/2.2.0/lib/lwip/src/core/tcp.c.o
                0x1000530c                tcp_bind
 .text.tcp_update_rcv_ann_wnd
                0x10005400       0x58 CMakeFiles/firmware.dir/home/igor/.pico-sdk/sdk/2.2.0/lib/lwip/src/core/tcp.c.o
                0x10005400                tcp_update_rcv_ann_wnd
 .text.tcp_recved
                0x10005458       0x98 CMakeFiles/firmware.dir/home/igor/.pico-sdk/sdk/2.2.0/lib/lwip/src/core/tcp.c.o
                0x10005458                tcp_recved
 .text.tcp_connect
                0x100054f0      0x1bc CMakeFiles/firmware.dir/home/igor/.pico-sdk/sdk/2.2.0/lib/lwip/src/core/tcp.c.o
                0x100054f0                tcp_connect
 .text.tcp_slowtmr
                0x100056ac      0x514 CMakeFiles/firmware.dir/home/igor/.pico-sdk/sdk/2.2.0/lib/lwip/src/core/tcp.c.o
                0x100056ac                tcp_slowtmr
 .text.tcp_segs_free
                0x10005bc0       0x38 CMakeFiles/firmware.dir/home/igor/.pico-sdk/sdk/2.2.0/lib/lwip/src/core/tcp.c.o
                0x10005bc0                tcp_segs_free
 .text.tcp_seg_free
                0x10005bf8       0x1c CMakeFiles/firmware.dir/home/igor/.pico-sdk/sdk/2.2.0/lib/lwip/src/core/tcp.c.o
                0x10005bf8                tcp_seg_free
 .text.tcp_seg_copy
                0x10005c14       0x2c CMakeFiles/firmware.dir/home/igor/.pico-sdk/sdk/2.2.0/lib/lwip/src/core/tcp.c.o
                0x10005c14                tcp_seg_copy
 .text.tcp_arg  0x10005c40        0x8 CMakeFiles/firmware.dir/home/igor/.pico-sdk/sdk/2.2.0/lib/lwip/src/core/tcp.c.o
                0x10005c40                tcp_arg
 .text.tcp_recv
                0x10005c48       0x1c CMakeFiles/firmware.dir/home/igor/.pico-sdk/sdk/2.2.0/lib/lwip/src/core/tcp.c.o
                0x10005c48                tcp_recv
 .text.tcp_sent
                0x10005c64       0x1c CMakeFiles/firmware.dir/home/igor/.pico-sdk/sdk/2.2.0/lib/lwip/src/core/tcp.c.o
                0x10005c64                tcp_sent
 .text.tcp_err  0x10005c80       0x1c CMakeFiles/firmware.dir/home/igor/.pico-sdk/sdk/2.2.0/lib/lwip/src/core/tcp.c.o
                0x10005c80                tcp_err
 .text.tcp_poll
                0x10005c9c       0x20 CMakeFiles/firmware.dir/home/igor/.pico-sdk/sdk/2.2.0/lib/lwip/src/core/tcp.c.o
                0x10005c9c                tcp_poll
 .text.tcp_pcb_purge
                0x10005cbc       0x18 CMakeFiles/firmware.dir/home/igor/.pico-sdk/sdk/2.2.0/lib/lwip/src/core/tcp.c.o
                0x10005cbc                tcp_pcb_purge
 .text.tcp_pcb_remove
                0x10005cd4       0xc8 CMakeFiles/firmware.dir/home/igor/.pico-sdk/sdk/2.2.0/lib/lwip/src/core/tcp.c.o
                0x10005cd4                tcp_pcb_remove
 .text.tcp_abandon
                0x10005d9c      0x1a0 CMakeFiles/firmware.dir/home/igor/.pico-sdk/sdk/2.2.0/lib/lwip/src/core/tcp.c.o
                0x10005d9c                tcp_abandon
 .text.tcp_abort
                0x10005f3c        0xc CMakeFiles/firmware.dir/home/igor/.pico-sdk/sdk/2.2.0/lib/lwip/src/core/tcp.c.o
                0x10005f3c                tcp_abort
 .text.tcp_alloc
                0x10005f48      0x1d4 CMakeFiles/firmware.dir/home/igor/.pico-sdk/sdk/2.2.0/lib/lwip/src/core/tcp.c.o
                0x10005f48                tcp_alloc
 .text.tcp_new_ip_type
                0x1000611c        0xc CMakeFiles/firmware.dir/home/igor/.pico-sdk/sdk/2.2.0/lib/lwip/src/core/tcp.c.o
                0x1000611c                tcp_new_ip_type
 .text.tcp_close_shutdown
                0x10006128      0x188 CMakeFiles/firmware.dir/home/igor/.pico-sdk/sdk/2.2.0/lib/lwip/src/core/tcp.c.o
 .text.tcp_recv_null
                0x100062b0       0xcc CMakeFiles/firmware.dir/home/igor/.pico-sdk/sdk/2.2.0/lib/lwip/src/core/tcp.c.o
                0x100062b0                tcp_recv_null
 .text.tcp_process_refused_data
                0x1000637c       0x78 CMakeFiles/firmware.dir/home/igor/.pico-sdk/sdk/2.2.0/lib/lwip/src/core/tcp.c.o
                0x1000637c                tcp_process_refused_data
 .text.tcp_fasttmr
                0x100063f4       0x98 CMakeFiles/firmware.dir/home/igor/.pico-sdk/sdk/2.2.0/lib/lwip/src/core/tcp.c.o
                0x100063f4                tcp_fasttmr
 .text.tcp_tmr  0x1000648c       0x20 CMakeFiles/firmware.dir/home/igor/.pico-sdk/sdk/2.2.0/lib/lwip/src/core/tcp.c.o
                0x1000648c                tcp_tmr
 .text.tcp_close
                0x100064ac      0x170 CMakeFiles/firmware.dir/home/igor/.pico-sdk/sdk/2.2.0/lib/lwip/src/core/tcp.c.o
                0x100064ac                tcp_close
 .text.tcp_next_iss
                0x1000661c       0x28 CMakeFiles/firmware.dir/home/igor/.pico-sdk/sdk/2.2.0/lib/lwip/src/core/tcp.c.o
                0x1000661c                tcp_next_iss
 .text.tcp_eff_send_mss_netif
                0x10006644       0x34 CMakeFiles/firmware.dir/home/igor/.pico-sdk/sdk/2.2.0/lib/lwip/src/core/tcp.c.o
                0x10006644                tcp_eff_send_mss_netif
 .text.tcp_netif_ip_addr_changed
                0x10006678       0x94 CMakeFiles/firmware.dir/home/igor/.pico-sdk/sdk/2.2.0/lib/lwip/src/core/tcp.c.o
                0x10006678                tcp_netif_ip_addr_changed
 .text.tcp_free_ooseq
                0x1000670c       0x40 CMakeFiles/firmware.dir/home/igor/.pico-sdk/sdk/2.2.0/lib/lwip/src/core/tcp.c.o
                0x1000670c                tcp_free_ooseq
 .text.tcp_parseopt
                0x1000674c      0x1b0 CMakeFiles/firmware.dir/home/igor/.pico-sdk/sdk/2.2.0/lib/lwip/src/core/tcp_in.c.o
 .text.tcp_oos_insert_segment
                0x100068fc       0xcc CMakeFiles/firmware.dir/home/igor/.pico-sdk/sdk/2.2.0/lib/lwip/src/core/tcp_in.c.o
 .text.tcp_free_acked_segments.isra.0
                0x100069c8       0xdc CMakeFiles/firmware.dir/home/igor/.pico-sdk/sdk/2.2.0/lib/lwip/src/core/tcp_in.c.o
 .text.tcp_receive
                0x10006aa4      0xa34 CMakeFiles/firmware.dir/home/igor/.pico-sdk/sdk/2.2.0/lib/lwip/src/core/tcp_in.c.o
 .text.tcp_input
                0x100074d8      0xe3c CMakeFiles/firmware.dir/home/igor/.pico-sdk/sdk/2.2.0/lib/lwip/src/core/tcp_in.c.o
                0x100074d8                tcp_input
 .text.tcp_trigger_input_pcb_close
                0x10008314       0x10 CMakeFiles/firmware.dir/home/igor/.pico-sdk/sdk/2.2.0/lib/lwip/src/core/tcp_in.c.o
                0x10008314                tcp_trigger_input_pcb_close
 .text.tcp_create_segment
                0x10008324       0xe8 CMakeFiles/firmware.dir/home/igor/.pico-sdk/sdk/2.2.0/lib/lwip/src/core/tcp_out.c.o
 .text.tcp_output_control_segment
                0x1000840c       0xb4 CMakeFiles/firmware.dir/home/igor/.pico-sdk/sdk/2.2.0/lib/lwip/src/core/tcp_out.c.o
 .text.tcp_write
                0x100084c0      0x470 CMakeFiles/firmware.dir/home/igor/.pico-sdk/sdk/2.2.0/lib/lwip/src/core/tcp_out.c.o
                0x100084c0                tcp_write
 .text.tcp_split_unsent_seg
                0x10008930      0x1b4 CMakeFiles/firmware.dir/home/igor/.pico-sdk/sdk/2.2.0/lib/lwip/src/core/tcp_out.c.o
                0x10008930                tcp_split_unsent_seg
 .text.tcp_send_fin
                0x10008ae4      0x118 CMakeFiles/firmware.dir/home/igor/.pico-sdk/sdk/2.2.0/lib/lwip/src/core/tcp_out.c.o
                0x10008ae4                tcp_send_fin
 .text.tcp_enqueue_flags
                0x10008bfc      0x12c CMakeFiles/firmware.dir/home/igor/.pico-sdk/sdk/2.2.0/lib/lwip/src/core/tcp_out.c.o
                0x10008bfc                tcp_enqueue_flags
 .text.tcp_rexmit_rto_prepare
                0x10008d28       0x9c CMakeFiles/firmware.dir/home/igor/.pico-sdk/sdk/2.2.0/lib/lwip/src/core/tcp_out.c.o
                0x10008d28                tcp_rexmit_rto_prepare
 .text.tcp_rexmit
                0x10008dc4       0x9c CMakeFiles/firmware.dir/home/igor/.pico-sdk/sdk/2.2.0/lib/lwip/src/core/tcp_out.c.o
                0x10008dc4                tcp_rexmit
 .text.tcp_rexmit_fast
                0x10008e60       0x64 CMakeFiles/firmware.dir/home/igor/.pico-sdk/sdk/2.2.0/lib/lwip/src/core/tcp_out.c.o
                0x10008e60                tcp_rexmit_fast
 .text.tcp_rst  0x10008ec4       0xe8 CMakeFiles/firmware.dir/home/igor/.pico-sdk/sdk/2.2.0/lib/lwip/src/core/tcp_out.c.o
                0x10008ec4                tcp_rst
 .text.tcp_rst_netif
                0x10008fac      0x130 CMakeFiles/firmware.dir/home/igor/.pico-sdk/sdk/2.2.0/lib/lwip/src/core/tcp_out.c.o
                0x10008fac                tcp_rst_netif
 .text.tcp_send_empty_ack
                0x100090dc       0xf0 CMakeFiles/firmware.dir/home/igor/.pico-sdk/sdk/2.2.0/lib/lwip/src/core/tcp_out.c.o
                0x100090dc                tcp_send_empty_ack
 .text.tcp_output
                0x100091cc      0x44c CMakeFiles/firmware.dir/home/igor/.pico-sdk/sdk/2.2.0/lib/lwip/src/core/tcp_out.c.o
                0x100091cc                tcp_output
 .text.tcp_rexmit_rto_commit
                0x10009618       0x24 CMakeFiles/firmware.dir/home/igor/.pico-sdk/sdk/2.2.0/lib/lwip/src/core/tcp_out.c.o
                0x10009618                tcp_rexmit_rto_commit
 .text.tcp_rexmit_rto
                0x1000963c       0xa4 CMakeFiles/firmware.dir/home/igor/.pico-sdk/sdk/2.2.0/lib/lwip/src/core/tcp_out.c.o
                0x1000963c                tcp_rexmit_rto
 .text.tcp_keepalive
                0x100096e0       0xdc CMakeFiles/firmware.dir/home/igor/.pico-sdk/sdk/2.2.0/lib/lwip/src/core/tcp_out.c.o
                0x100096e0                tcp_keepalive
 .text.tcp_zero_window_probe
                0x100097bc      0x1a8 CMakeFiles/firmware.dir/home/igor/.pico-sdk/sdk/2.2.0/lib/lwip/src/core/tcp_out.c.o
                0x100097bc                tcp_zero_window_probe
 .text.tcpip_tcp_timer
                0x10009964       0x78 CMakeFiles/firmware.dir/home/igor/.pico-sdk/sdk/2.2.0/lib/lwip/src/core/timeouts.c.o
 .text.lwip_cyclic_timer
                0x100099dc       0x98 CMakeFiles/firmware.dir/home/igor/.pico-sdk/sdk/2.2.0/lib/lwip/src/core/timeouts.c.o
 .text.tcp_timer_needed
                0x10009a74       0x7c CMakeFiles/firmware.dir/home/igor/.pico-sdk/sdk/2.2.0/lib/lwip/src/core/timeouts.c.o
                0x10009a74                tcp_timer_needed
 .text.sys_timeouts_init
                0x10009af0       0x8c CMakeFiles/firmware.dir/home/igor/.pico-sdk/sdk/2.2.0/lib/lwip/src/core/timeouts.c.o
                0x10009af0                sys_timeouts_init
 .text.sys_timeout
                0x10009b7c       0x60 CMakeFiles/firmware.dir/home/igor/.pico-sdk/sdk/2.2.0/lib/lwip/src/core/timeouts.c.o
                0x10009b7c                sys_timeout
 .text.sys_untimeout
                0x10009bdc       0x40 CMakeFiles/firmware.dir/home/igor/.pico-sdk/sdk/2.2.0/lib/lwip/src/core/timeouts.c.o
                0x10009bdc                sys_untimeout
 .text.sys_check_timeouts
                0x10009c1c       0x68 CMakeFiles/firmware.dir/home/igor/.pico-sdk/sdk/2.2.0/lib/lwip/src/core/timeouts.c.o
                0x10009c1c                sys_check_timeouts
 .text.sys_timeouts_sleeptime
                0x10009c84       0x28 CMakeFiles/firmware.dir/home/igor/.pico-sdk/sdk/2.2.0/lib/lwip/src/core/timeouts.c.o
                0x10009c84                sys_timeouts_sleeptime
 .text.udp_init
                0x10009cac       0x20 CMakeFiles/firmware.dir/home/igor/.pico-sdk/sdk/2.2.0/lib/lwip/src/core/udp.c.o
                0x10009cac                udp_init
 .text.udp_input
                0x10009ccc      0x350 CMakeFiles/firmware.dir/home/igor/.pico-sdk/sdk/2.2.0/lib/lwip/src/core/udp.c.o
                0x10009ccc                udp_input
 .text.udp_bind
                0x1000a01c      0x10c CMakeFiles/firmware.dir/home/igor/.pico-sdk/sdk/2.2.0/lib/lwip/src/core/udp.c.o
                0x1000a01c                udp_bind
 .text.udp_sendto_if_src
                0x1000a128      0x130 CMakeFiles/firmware.dir/home/igor/.pico-sdk/sdk/2.2.0/lib/lwip/src/core/udp.c.o
                0x1000a128                udp_sendto_if_src
 .text.udp_sendto_if
                0x1000a258       0x48 CMakeFiles/firmware.dir/home/igor/.pico-sdk/sdk/2.2.0/lib/lwip/src/core/udp.c.o
                0x1000a258                udp_sendto_if
 .text.udp_sendto
                0x1000a2a0       0x78 CMakeFiles/firmware.dir/home/igor/.pico-sdk/sdk/2.2.0/lib/lwip/src/core/udp.c.o
                0x1000a2a0                udp_sendto
 .text.udp_connect
                0x1000a318       0x5c CMakeFiles/firmware.dir/home/igor/.pico-sdk/sdk/2.2.0/lib/lwip/src/core/udp.c.o
                0x1000a318                udp_connect
 .text.udp_recv
                0x1000a374        0xc CMakeFiles/firmware.dir/home/igor/.pico-sdk/sdk/2.2.0/lib/lwip/src/core/udp.c.o
                0x1000a374                udp_recv
 .text.udp_remove
                0x1000a380       0x3c CMakeFiles/firmware.dir/home/igor/.pico-sdk/sdk/2.2.0/lib/lwip/src/core/udp.c.o
                0x1000a380                udp_remove
 .text.udp_new  0x1000a3bc       0x1c CMakeFiles/firmware.dir/home/igor/.pico-sdk/sdk/2.2.0/lib/lwip/src/core/udp.c.o
                0x1000a3bc                udp_new
 .text.udp_netif_ip_addr_changed
                0x1000a3d8       0x40 CMakeFiles/firmware.dir/home/igor/.pico-sdk/sdk/2.2.0/lib/lwip/src/core/udp.c.o
                0x1000a3d8                udp_netif_ip_addr_changed
 .text.dhcp_create_msg
                0x1000a418      0x160 CMakeFiles/firmware.dir/home/igor/.pico-sdk/sdk/2.2.0/lib/lwip/src/core/ipv4/dhcp.c.o
 .text.dhcp_inc_pcb_refcount
                0x1000a578       0x6c CMakeFiles/firmware.dir/home/igor/.pico-sdk/sdk/2.2.0/lib/lwip/src/core/ipv4/dhcp.c.o
 .text.dhcp_bind
                0x1000a5e4      0x144 CMakeFiles/firmware.dir/home/igor/.pico-sdk/sdk/2.2.0/lib/lwip/src/core/ipv4/dhcp.c.o
 .text.dhcp_option_hostname.isra.0
                0x1000a728       0x74 CMakeFiles/firmware.dir/home/igor/.pico-sdk/sdk/2.2.0/lib/lwip/src/core/ipv4/dhcp.c.o
 .text.dhcp_handle_ack.isra.0
                0x1000a79c       0xcc CMakeFiles/firmware.dir/home/igor/.pico-sdk/sdk/2.2.0/lib/lwip/src/core/ipv4/dhcp.c.o
 .text.dhcp_reboot.isra.0
                0x1000a868      0x17c CMakeFiles/firmware.dir/home/igor/.pico-sdk/sdk/2.2.0/lib/lwip/src/core/ipv4/dhcp.c.o
 .text.dhcp_discover.isra.0
                0x1000a9e4      0x14c CMakeFiles/firmware.dir/home/igor/.pico-sdk/sdk/2.2.0/lib/lwip/src/core/ipv4/dhcp.c.o
 .text.dhcp_select.isra.0
                0x1000ab30      0x1e0 CMakeFiles/firmware.dir/home/igor/.pico-sdk/sdk/2.2.0/lib/lwip/src/core/ipv4/dhcp.c.o
 .text.dhcp_recv
                0x1000ad10      0x4a8 CMakeFiles/firmware.dir/home/igor/.pico-sdk/sdk/2.2.0/lib/lwip/src/core/ipv4/dhcp.c.o
 .text.dhcp_set_struct
                0x1000b1b8       0x44 CMakeFiles/firmware.dir/home/igor/.pico-sdk/sdk/2.2.0/lib/lwip/src/core/ipv4/dhcp.c.o
                0x1000b1b8                dhcp_set_struct
 .text.dhcp_start
                0x1000b1fc       0xa8 CMakeFiles/firmware.dir/home/igor/.pico-sdk/sdk/2.2.0/lib/lwip/src/core/ipv4/dhcp.c.o
                0x1000b1fc                dhcp_start
 .text.dhcp_network_changed_link_up
                0x1000b2a4       0x40 CMakeFiles/firmware.dir/home/igor/.pico-sdk/sdk/2.2.0/lib/lwip/src/core/ipv4/dhcp.c.o
                0x1000b2a4                dhcp_network_changed_link_up
 .text.dhcp_renew
                0x1000b2e4      0x13c CMakeFiles/firmware.dir/home/igor/.pico-sdk/sdk/2.2.0/lib/lwip/src/core/ipv4/dhcp.c.o
                0x1000b2e4                dhcp_renew
 .text.dhcp_release_and_stop
                0x1000b420      0x158 CMakeFiles/firmware.dir/home/igor/.pico-sdk/sdk/2.2.0/lib/lwip/src/core/ipv4/dhcp.c.o
                0x1000b420                dhcp_release_and_stop
 .text.dhcp_coarse_tmr
                0x1000b578      0x1e0 CMakeFiles/firmware.dir/home/igor/.pico-sdk/sdk/2.2.0/lib/lwip/src/core/ipv4/dhcp.c.o
                0x1000b578                dhcp_coarse_tmr
 .text.dhcp_fine_tmr
                0x1000b758       0x78 CMakeFiles/firmware.dir/home/igor/.pico-sdk/sdk/2.2.0/lib/lwip/src/core/ipv4/dhcp.c.o
                0x1000b758                dhcp_fine_tmr
 .text.dhcp_stop
                0x1000b7d0      0x158 CMakeFiles/firmware.dir/home/igor/.pico-sdk/sdk/2.2.0/lib/lwip/src/core/ipv4/dhcp.c.o
                0x1000b7d0                dhcp_stop
 .text.etharp_find_entry
                0x1000b928      0x3a0 CMakeFiles/firmware.dir/home/igor/.pico-sdk/sdk/2.2.0/lib/lwip/src/core/ipv4/etharp.c.o
 .text.etharp_raw
                0x1000bcc8       0xec CMakeFiles/firmware.dir/home/igor/.pico-sdk/sdk/2.2.0/lib/lwip/src/core/ipv4/etharp.c.o
 .text.etharp_output_to_arp_index
                0x1000bdb4       0xd0 CMakeFiles/firmware.dir/home/igor/.pico-sdk/sdk/2.2.0/lib/lwip/src/core/ipv4/etharp.c.o
 .text.etharp_tmr
                0x1000be84       0x94 CMakeFiles/firmware.dir/home/igor/.pico-sdk/sdk/2.2.0/lib/lwip/src/core/ipv4/etharp.c.o
                0x1000be84                etharp_tmr
 .text.etharp_cleanup_netif
                0x1000bf18      0x188 CMakeFiles/firmware.dir/home/igor/.pico-sdk/sdk/2.2.0/lib/lwip/src/core/ipv4/etharp.c.o
                0x1000bf18                etharp_cleanup_netif
 .text.etharp_input
                0x1000c0a0      0x1b8 CMakeFiles/firmware.dir/home/igor/.pico-sdk/sdk/2.2.0/lib/lwip/src/core/ipv4/etharp.c.o
                0x1000c0a0                etharp_input
 .text.etharp_query
                0x1000c258      0x190 CMakeFiles/firmware.dir/home/igor/.pico-sdk/sdk/2.2.0/lib/lwip/src/core/ipv4/etharp.c.o
                0x1000c258                etharp_query
 .text.etharp_output
                0x1000c3e8      0x24c CMakeFiles/firmware.dir/home/igor/.pico-sdk/sdk/2.2.0/lib/lwip/src/core/ipv4/etharp.c.o
                0x1000c3e8                etharp_output
 .text.etharp_request
                0x1000c634       0x2c CMakeFiles/firmware.dir/home/igor/.pico-sdk/sdk/2.2.0/lib/lwip/src/core/ipv4/etharp.c.o
                0x1000c634                etharp_request
 .text.icmp_input
                0x1000c660      0x1f0 CMakeFiles/firmware.dir/home/igor/.pico-sdk/sdk/2.2.0/lib/lwip/src/core/ipv4/icmp.c.o
                0x1000c660                icmp_input
 .text.icmp_dest_unreach
                0x1000c850       0xcc CMakeFiles/firmware.dir/home/igor/.pico-sdk/sdk/2.2.0/lib/lwip/src/core/ipv4/icmp.c.o
                0x1000c850                icmp_dest_unreach
 .text.icmp_time_exceeded
                0x1000c91c       0xcc CMakeFiles/firmware.dir/home/igor/.pico-sdk/sdk/2.2.0/lib/lwip/src/core/ipv4/icmp.c.o
                0x1000c91c                icmp_time_exceeded
 .text.ip_reass_free_complete_datagram
                0x1000c9e8      0x11c CMakeFiles/firmware.dir/home/igor/.pico-sdk/sdk/2.2.0/lib/lwip/src/core/ipv4/ip4_frag.c.o
 .text.ip_reass_remove_oldest_datagram
                0x1000cb04      0x124 CMakeFiles/firmware.dir/home/igor/.pico-sdk/sdk/2.2.0/lib/lwip/src/core/ipv4/ip4_frag.c.o
 .text.ip_reass_tmr
                0x1000cc28       0x30 CMakeFiles/firmware.dir/home/igor/.pico-sdk/sdk/2.2.0/lib/lwip/src/core/ipv4/ip4_frag.c.o
                0x1000cc28                ip_reass_tmr
 .text.ip4_reass
                0x1000cc58      0x544 CMakeFiles/firmware.dir/home/igor/.pico-sdk/sdk/2.2.0/lib/lwip/src/core/ipv4/ip4_frag.c.o
                0x1000cc58                ip4_reass
 .text.ip4_frag
                0x1000d19c      0x254 CMakeFiles/firmware.dir/home/igor/.pico-sdk/sdk/2.2.0/lib/lwip/src/core/ipv4/ip4_frag.c.o
                0x1000d19c                ip4_frag
 .text.ip4_route
                0x1000d3f0       0x7c CMakeFiles/firmware.dir/home/igor/.pico-sdk/sdk/2.2.0/lib/lwip/src/core/ipv4/ip4.c.o
                0x1000d3f0                ip4_route
 .text.ip4_input
                0x1000d46c      0x300 CMakeFiles/firmware.dir/home/igor/.pico-sdk/sdk/2.2.0/lib/lwip/src/core/ipv4/ip4.c.o
                0x1000d46c                ip4_input
 .text.ip4_output_if
                0x1000d76c      0x190 CMakeFiles/firmware.dir/home/igor/.pico-sdk/sdk/2.2.0/lib/lwip/src/core/ipv4/ip4.c.o
                0x1000d76c                ip4_output_if
 .text.ip4_output_if_src
                0x1000d8fc      0x184 CMakeFiles/firmware.dir/home/igor/.pico-sdk/sdk/2.2.0/lib/lwip/src/core/ipv4/ip4.c.o
                0x1000d8fc                ip4_output_if_src
 .text.ip4_addr_isbroadcast_u32
                0x1000da80       0x3c CMakeFiles/firmware.dir/home/igor/.pico-sdk/sdk/2.2.0/lib/lwip/src/core/ipv4/ip4_addr.c.o
                0x1000da80                ip4_addr_isbroadcast_u32
 .text.ip4addr_aton
                0x1000dabc      0x1b0 CMakeFiles/firmware.dir/home/igor/.pico-sdk/sdk/2.2.0/lib/lwip/src/core/ipv4/ip4_addr.c.o
                0x1000dabc                ip4addr_aton
 .text.ethernet_input
                0x1000dc6c       0xd0 CMakeFiles/firmware.dir/home/igor/.pico-sdk/sdk/2.2.0/lib/lwip/src/netif/ethernet.c.o
                0x1000dc6c                ethernet_input
 .text.ethernet_output
                0x1000dd3c       0x6c CMakeFiles/firmware.dir/home/igor/.pico-sdk/sdk/2.2.0/lib/lwip/src/netif/ethernet.c.o
                0x1000dd3c                ethernet_output
 .text.cyw43_arch_wifi_connect_bssid_until.part.0
                0x1000dda8      0x150 CMakeFiles/firmware.dir/home/igor/.pico-sdk/sdk/2.2.0/src/rp2_common/pico_cyw43_arch/cyw43_arch.c.o
 .text.cyw43_arch_set_async_context
                0x1000def8        0xc CMakeFiles/firmware.dir/home/igor/.pico-sdk/sdk/2.2.0/src/rp2_common/pico_cyw43_arch/cyw43_arch.c.o
                0x1000def8                cyw43_arch_set_async_context
 .text.cyw43_arch_enable_sta_mode
                0x1000df04       0x1c CMakeFiles/firmware.dir/home/igor/.pico-sdk/sdk/2.2.0/src/rp2_common/pico_cyw43_arch/cyw43_arch.c.o
                0x1000df04                cyw43_arch_enable_sta_mode
 .text.cyw43_arch_wifi_connect_timeout_ms
                0x1000df20       0x98 CMakeFiles/firmware.dir/home/igor/.pico-sdk/sdk/2.2.0/src/rp2_common/pico_cyw43_arch/cyw43_arch.c.o
                0x1000df20                cyw43_arch_wifi_connect_timeout_ms
 .text.cyw43_arch_async_context
                0x1000dfb8        0xc CMakeFiles/firmware.dir/home/igor/.pico-sdk/sdk/2.2.0/src/rp2_common/pico_cyw43_arch/cyw43_arch.c.o
                0x1000dfb8                cyw43_arch_async_context
 .text.cyw43_arch_init
                0x1000dfc4       0x74 CMakeFiles/firmware.dir/home/igor/.pico-sdk/sdk/2.2.0/src/rp2_common/pico_cyw43_arch/cyw43_arch_threadsafe_background.c.o
                0x1000dfc4                cyw43_arch_init
 .text.ns_delay.constprop.0
                0x1000e038       0x20 CMakeFiles/firmware.dir/home/igor/.pico-sdk/sdk/2.2.0/src/rp2_common/pico_cyw43_driver/cyw43_bus_pio_spi.c.o
 .text.cyw43_spi_deinit
                0x1000e058       0x6c CMakeFiles/firmware.dir/home/igor/.pico-sdk/sdk/2.2.0/src/rp2_common/pico_cyw43_driver/cyw43_bus_pio_spi.c.o
                0x1000e058                cyw43_spi_deinit
 .text.cyw43_spi_init
                0x1000e0c4      0x128 CMakeFiles/firmware.dir/home/igor/.pico-sdk/sdk/2.2.0/src/rp2_common/pico_cyw43_driver/cyw43_bus_pio_spi.c.o
                0x1000e0c4                cyw43_spi_init
 .text.cyw43_spi_transfer
                0x1000e1ec      0x448 CMakeFiles/firmware.dir/home/igor/.pico-sdk/sdk/2.2.0/src/rp2_common/pico_cyw43_driver/cyw43_bus_pio_spi.c.o
                0x1000e1ec                cyw43_spi_transfer
 .text.cyw43_spi_gpio_setup
                0x1000e634       0x3c CMakeFiles/firmware.dir/home/igor/.pico-sdk/sdk/2.2.0/src/rp2_common/pico_cyw43_driver/cyw43_bus_pio_spi.c.o
                0x1000e634                cyw43_spi_gpio_setup
 .text.cyw43_spi_reset
                0x1000e670       0x28 CMakeFiles/firmware.dir/home/igor/.pico-sdk/sdk/2.2.0/src/rp2_common/pico_cyw43_driver/cyw43_bus_pio_spi.c.o
                0x1000e670                cyw43_spi_reset
 .text.read_reg_u32_swap
                0x1000e698       0x44 CMakeFiles/firmware.dir/home/igor/.pico-sdk/sdk/2.2.0/src/rp2_common/pico_cyw43_driver/cyw43_bus_pio_spi.c.o
                0x1000e698                read_reg_u32_swap
 .text.cyw43_read_reg_u32
                0x1000e6dc       0x58 CMakeFiles/firmware.dir/home/igor/.pico-sdk/sdk/2.2.0/src/rp2_common/pico_cyw43_driver/cyw43_bus_pio_spi.c.o
                0x1000e6dc                cyw43_read_reg_u32
 .text.cyw43_read_reg_u16
                0x1000e734       0x58 CMakeFiles/firmware.dir/home/igor/.pico-sdk/sdk/2.2.0/src/rp2_common/pico_cyw43_driver/cyw43_bus_pio_spi.c.o
                0x1000e734                cyw43_read_reg_u16
 .text.cyw43_read_reg_u8
                0x1000e78c       0x58 CMakeFiles/firmware.dir/home/igor/.pico-sdk/sdk/2.2.0/src/rp2_common/pico_cyw43_driver/cyw43_bus_pio_spi.c.o
                0x1000e78c                cyw43_read_reg_u8
 .text.write_reg_u32_swap
                0x1000e7e4      0x214 CMakeFiles/firmware.dir/home/igor/.pico-sdk/sdk/2.2.0/src/rp2_common/pico_cyw43_driver/cyw43_bus_pio_spi.c.o
                0x1000e7e4                write_reg_u32_swap
 .text.cyw43_write_reg_u32
                0x1000e9f8      0x214 CMakeFiles/firmware.dir/home/igor/.pico-sdk/sdk/2.2.0/src/rp2_common/pico_cyw43_driver/cyw43_bus_pio_spi.c.o
                0x1000e9f8                cyw43_write_reg_u32
 .text.cyw43_write_reg_u16
                0x1000ec0c      0x214 CMakeFiles/firmware.dir/home/igor/.pico-sdk/sdk/2.2.0/src/rp2_common/pico_cyw43_driver/cyw43_bus_pio_spi.c.o
                0x1000ec0c                cyw43_write_reg_u16
 .text.cyw43_write_reg_u8
                0x1000ee20      0x214 CMakeFiles/firmware.dir/home/igor/.pico-sdk/sdk/2.2.0/src/rp2_common/pico_cyw43_driver/cyw43_bus_pio_spi.c.o
                0x1000ee20                cyw43_write_reg_u8
 .text.cyw43_read_bytes
                0x1000f034       0x78 CMakeFiles/firmware.dir/home/igor/.pico-sdk/sdk/2.2.0/src/rp2_common/pico_cyw43_driver/cyw43_bus_pio_spi.c.o
                0x1000f034                cyw43_read_bytes
 .text.cyw43_write_bytes
                0x1000f0ac       0xd4 CMakeFiles/firmware.dir/home/igor/.pico-sdk/sdk/2.2.0/src/rp2_common/pico_cyw43_driver/cyw43_bus_pio_spi.c.o
                0x1000f0ac                cyw43_write_bytes
 .text.cyw43_set_backplane_window
                0x1000f180       0x68 CMakeFiles/firmware.dir/home/igor/.pico-sdk/sdk/2.2.0/lib/cyw43-driver/src/cyw43_ll.c.o
 .text.cyw43_ll_parse_async_event
                0x1000f1e8      0x138 CMakeFiles/firmware.dir/home/igor/.pico-sdk/sdk/2.2.0/lib/cyw43-driver/src/cyw43_ll.c.o
 .text.cyw43_kso_set
                0x1000f320       0x80 CMakeFiles/firmware.dir/home/igor/.pico-sdk/sdk/2.2.0/lib/cyw43-driver/src/cyw43_ll.c.o
 .text.cyw43_ll_sdpcm_poll_device
                0x1000f3a0      0x238 CMakeFiles/firmware.dir/home/igor/.pico-sdk/sdk/2.2.0/lib/cyw43-driver/src/cyw43_ll.c.o
 .text.cyw43_sdpcm_send_common
                0x1000f5d8       0xfc CMakeFiles/firmware.dir/home/igor/.pico-sdk/sdk/2.2.0/lib/cyw43-driver/src/cyw43_ll.c.o
 .text.cyw43_do_ioctl.part.0
                0x1000f6d4       0xc4 CMakeFiles/firmware.dir/home/igor/.pico-sdk/sdk/2.2.0/lib/cyw43-driver/src/cyw43_ll.c.o
 .text.cyw43_write_iovar_u32.constprop.0
                0x1000f798       0x98 CMakeFiles/firmware.dir/home/igor/.pico-sdk/sdk/2.2.0/lib/cyw43-driver/src/cyw43_ll.c.o
 .text.cyw43_write_iovar_n
                0x1000f830       0x8c CMakeFiles/firmware.dir/home/igor/.pico-sdk/sdk/2.2.0/lib/cyw43-driver/src/cyw43_ll.c.o
 .text.cyw43_write_iovar_u32_u32.constprop.0
                0x1000f8bc       0xac CMakeFiles/firmware.dir/home/igor/.pico-sdk/sdk/2.2.0/lib/cyw43-driver/src/cyw43_ll.c.o
 .text.cyw43_read_backplane.constprop.0
                0x1000f968       0xe4 CMakeFiles/firmware.dir/home/igor/.pico-sdk/sdk/2.2.0/lib/cyw43-driver/src/cyw43_ll.c.o
 .text.cyw43_write_backplane
                0x1000fa4c      0x10c CMakeFiles/firmware.dir/home/igor/.pico-sdk/sdk/2.2.0/lib/cyw43-driver/src/cyw43_ll.c.o
 .text.reset_device_core.constprop.0
                0x1000fb58      0x410 CMakeFiles/firmware.dir/home/igor/.pico-sdk/sdk/2.2.0/lib/cyw43-driver/src/cyw43_ll.c.o
 .text.cyw43_ll_init
                0x1000ff68       0x1c CMakeFiles/firmware.dir/home/igor/.pico-sdk/sdk/2.2.0/lib/cyw43-driver/src/cyw43_ll.c.o
                0x1000ff68                cyw43_ll_init
 .text.cyw43_ll_deinit
                0x1000ff84        0x8 CMakeFiles/firmware.dir/home/igor/.pico-sdk/sdk/2.2.0/lib/cyw43-driver/src/cyw43_ll.c.o
                0x1000ff84                cyw43_ll_deinit
 .text.cyw43_ll_send_ethernet
                0x1000ff8c       0x60 CMakeFiles/firmware.dir/home/igor/.pico-sdk/sdk/2.2.0/lib/cyw43-driver/src/cyw43_ll.c.o
                0x1000ff8c                cyw43_ll_send_ethernet
 .text.cyw43_ll_process_packets
                0x1000ffec       0x54 CMakeFiles/firmware.dir/home/igor/.pico-sdk/sdk/2.2.0/lib/cyw43-driver/src/cyw43_ll.c.o
                0x1000ffec                cyw43_ll_process_packets
 .text.cyw43_ll_ioctl
                0x10010040       0x80 CMakeFiles/firmware.dir/home/igor/.pico-sdk/sdk/2.2.0/lib/cyw43-driver/src/cyw43_ll.c.o
                0x10010040                cyw43_ll_ioctl
 .text.cyw43_ll_bus_sleep
                0x100100c0       0x34 CMakeFiles/firmware.dir/home/igor/.pico-sdk/sdk/2.2.0/lib/cyw43-driver/src/cyw43_ll.c.o
                0x100100c0                cyw43_ll_bus_sleep
 .text.cyw43_ll_wifi_on
                0x100100f4      0x1f8 CMakeFiles/firmware.dir/home/igor/.pico-sdk/sdk/2.2.0/lib/cyw43-driver/src/cyw43_ll.c.o
                0x100100f4                cyw43_ll_wifi_on
 .text.cyw43_ll_wifi_get_mac
                0x100102ec       0x78 CMakeFiles/firmware.dir/home/igor/.pico-sdk/sdk/2.2.0/lib/cyw43-driver/src/cyw43_ll.c.o
                0x100102ec                cyw43_ll_wifi_get_mac
 .text.cyw43_ll_bus_init
                0x10010364      0x8d8 CMakeFiles/firmware.dir/home/igor/.pico-sdk/sdk/2.2.0/lib/cyw43-driver/src/cyw43_ll.c.o
                0x10010364                cyw43_ll_bus_init
 .text.cyw43_ll_wifi_pm
                0x10010c3c      0x11c CMakeFiles/firmware.dir/home/igor/.pico-sdk/sdk/2.2.0/lib/cyw43-driver/src/cyw43_ll.c.o
                0x10010c3c                cyw43_ll_wifi_pm
 .text.cyw43_ll_wifi_join
                0x10010d58      0x4c4 CMakeFiles/firmware.dir/home/igor/.pico-sdk/sdk/2.2.0/lib/cyw43-driver/src/cyw43_ll.c.o
                0x10010d58                cyw43_ll_wifi_join
 .text.cyw43_ll_wifi_set_wpa_auth
                0x1001121c       0x4c CMakeFiles/firmware.dir/home/igor/.pico-sdk/sdk/2.2.0/lib/cyw43-driver/src/cyw43_ll.c.o
                0x1001121c                cyw43_ll_wifi_set_wpa_auth
 .text.cyw43_ll_wifi_rejoin
                0x10011268       0x58 CMakeFiles/firmware.dir/home/igor/.pico-sdk/sdk/2.2.0/lib/cyw43-driver/src/cyw43_ll.c.o
                0x10011268                cyw43_ll_wifi_rejoin
 .text.cyw43_ll_wifi_ap_init
                0x100112c0      0x4dc CMakeFiles/firmware.dir/home/igor/.pico-sdk/sdk/2.2.0/lib/cyw43-driver/src/cyw43_ll.c.o
                0x100112c0                cyw43_ll_wifi_ap_init
 .text.cyw43_ll_wifi_ap_set_up
                0x1001179c       0x74 CMakeFiles/firmware.dir/home/igor/.pico-sdk/sdk/2.2.0/lib/cyw43-driver/src/cyw43_ll.c.o
                0x1001179c                cyw43_ll_wifi_ap_set_up
 .text.cyw43_ll_has_work
                0x10011810       0x14 CMakeFiles/firmware.dir/home/igor/.pico-sdk/sdk/2.2.0/lib/cyw43-driver/src/cyw43_ll.c.o
                0x10011810                cyw43_ll_has_work
 .text.cyw43_netif_init
                0x10011824       0x3c CMakeFiles/firmware.dir/home/igor/.pico-sdk/sdk/2.2.0/lib/cyw43-driver/src/cyw43_lwip.c.o
 .text.cyw43_netif_output
                0x10011860       0x34 CMakeFiles/firmware.dir/home/igor/.pico-sdk/sdk/2.2.0/lib/cyw43-driver/src/cyw43_lwip.c.o
 .text.cyw43_cb_tcpip_init
                0x10011894       0xf0 CMakeFiles/firmware.dir/home/igor/.pico-sdk/sdk/2.2.0/lib/cyw43-driver/src/cyw43_lwip.c.o
                0x10011894                cyw43_cb_tcpip_init
 .text.cyw43_cb_tcpip_deinit
                0x10011984       0x4c CMakeFiles/firmware.dir/home/igor/.pico-sdk/sdk/2.2.0/lib/cyw43-driver/src/cyw43_lwip.c.o
                0x10011984                cyw43_cb_tcpip_deinit
 .text.cyw43_cb_process_ethernet
                0x100119d0       0x6c CMakeFiles/firmware.dir/home/igor/.pico-sdk/sdk/2.2.0/lib/cyw43-driver/src/cyw43_lwip.c.o
                0x100119d0                cyw43_cb_process_ethernet
 .text.cyw43_cb_tcpip_set_link_up
                0x10011a3c       0x18 CMakeFiles/firmware.dir/home/igor/.pico-sdk/sdk/2.2.0/lib/cyw43-driver/src/cyw43_lwip.c.o
                0x10011a3c                cyw43_cb_tcpip_set_link_up
 .text.cyw43_cb_tcpip_set_link_down
                0x10011a54       0x18 CMakeFiles/firmware.dir/home/igor/.pico-sdk/sdk/2.2.0/lib/cyw43-driver/src/cyw43_lwip.c.o
                0x10011a54                cyw43_cb_tcpip_set_link_down
 .text.cyw43_tcpip_link_status
                0x10011a6c       0x34 CMakeFiles/firmware.dir/home/igor/.pico-sdk/sdk/2.2.0/lib/cyw43-driver/src/cyw43_lwip.c.o
                0x10011a6c                cyw43_tcpip_link_status
 .text.cyw43_poll_func
                0x10011aa0       0xc0 CMakeFiles/firmware.dir/home/igor/.pico-sdk/sdk/2.2.0/lib/cyw43-driver/src/cyw43_ctrl.c.o
 .text.cyw43_init
                0x10011b60       0x6c CMakeFiles/firmware.dir/home/igor/.pico-sdk/sdk/2.2.0/lib/cyw43-driver/src/cyw43_ctrl.c.o
                0x10011b60                cyw43_init
 .text.cyw43_deinit
                0x10011bcc       0x90 CMakeFiles/firmware.dir/home/igor/.pico-sdk/sdk/2.2.0/lib/cyw43-driver/src/cyw43_ctrl.c.o
                0x10011bcc                cyw43_deinit
 .text.cyw43_cb_read_host_interrupt_pin
                0x10011c5c        0xc CMakeFiles/firmware.dir/home/igor/.pico-sdk/sdk/2.2.0/lib/cyw43-driver/src/cyw43_ctrl.c.o
                0x10011c5c                cyw43_cb_read_host_interrupt_pin
 .text.cyw43_cb_ensure_awake
                0x10011c68        0xc CMakeFiles/firmware.dir/home/igor/.pico-sdk/sdk/2.2.0/lib/cyw43-driver/src/cyw43_ctrl.c.o
                0x10011c68                cyw43_cb_ensure_awake
 .text.cyw43_cb_process_async_event
                0x10011c74      0x210 CMakeFiles/firmware.dir/home/igor/.pico-sdk/sdk/2.2.0/lib/cyw43-driver/src/cyw43_ctrl.c.o
                0x10011c74                cyw43_cb_process_async_event
 .text.cyw43_send_ethernet
                0x10011e84       0xc0 CMakeFiles/firmware.dir/home/igor/.pico-sdk/sdk/2.2.0/lib/cyw43-driver/src/cyw43_ctrl.c.o
                0x10011e84                cyw43_send_ethernet
 .text.cyw43_wifi_get_mac
                0x10011f44       0x10 CMakeFiles/firmware.dir/home/igor/.pico-sdk/sdk/2.2.0/lib/cyw43-driver/src/cyw43_ctrl.c.o
                0x10011f44                cyw43_wifi_get_mac
 .text.cyw43_wifi_set_up
                0x10011f54      0x348 CMakeFiles/firmware.dir/home/igor/.pico-sdk/sdk/2.2.0/lib/cyw43-driver/src/cyw43_ctrl.c.o
                0x10011f54                cyw43_wifi_set_up
 .text.cyw43_wifi_link_status
                0x1001229c       0x40 CMakeFiles/firmware.dir/home/igor/.pico-sdk/sdk/2.2.0/lib/cyw43-driver/src/cyw43_ctrl.c.o
                0x1001229c                cyw43_wifi_link_status
 .text.cyw43_wifi_join
                0x100122dc       0xf4 CMakeFiles/firmware.dir/home/igor/.pico-sdk/sdk/2.2.0/lib/cyw43-driver/src/cyw43_ctrl.c.o
                0x100122dc                cyw43_wifi_join
 .text.pio_sm_set_pindirs_with_mask64
                0x100123d0       0xac CMakeFiles/firmware.dir/home/igor/.pico-sdk/sdk/2.2.0/src/rp2_common/hardware_pio/pio.c.o
                0x100123d0                pio_sm_set_pindirs_with_mask64
 .text.pio_sm_set_consecutive_pindirs
                0x1001247c       0xb4 CMakeFiles/firmware.dir/home/igor/.pico-sdk/sdk/2.2.0/src/rp2_common/hardware_pio/pio.c.o
                0x1001247c                pio_sm_set_consecutive_pindirs
 .text.pio_claim_free_sm_and_add_program_for_gpio_range
                0x10012530      0x184 CMakeFiles/firmware.dir/home/igor/.pico-sdk/sdk/2.2.0/src/rp2_common/hardware_pio/pio.c.o
                0x10012530                pio_claim_free_sm_and_add_program_for_gpio_range
 .text.pio_remove_program_and_unclaim_sm
                0x100126b4       0x40 CMakeFiles/firmware.dir/home/igor/.pico-sdk/sdk/2.2.0/src/rp2_common/hardware_pio/pio.c.o
                0x100126b4                pio_remove_program_and_unclaim_sm
 .text.dma_channel_unclaim
                0x100126f4       0x14 CMakeFiles/firmware.dir/home/igor/.pico-sdk/sdk/2.2.0/src/rp2_common/hardware_dma/dma.c.o
                0x100126f4                dma_channel_unclaim
 .text.dma_claim_unused_channel
                0x10012708       0x24 CMakeFiles/firmware.dir/home/igor/.pico-sdk/sdk/2.2.0/src/rp2_common/hardware_dma/dma.c.o
                0x10012708                dma_claim_unused_channel
 .text.dma_channel_cleanup
                0x1001272c       0x64 CMakeFiles/firmware.dir/home/igor/.pico-sdk/sdk/2.2.0/src/rp2_common/hardware_dma/dma.c.o
                0x1001272c                dma_channel_cleanup
 .text.cyw43_sleep_timeout_reached
                0x10012790       0x10 CMakeFiles/firmware.dir/home/igor/.pico-sdk/sdk/2.2.0/src/rp2_common/pico_cyw43_driver/cyw43_driver.c.o
 .text.cyw43_irq_init
                0x100127a0       0x28 CMakeFiles/firmware.dir/home/igor/.pico-sdk/sdk/2.2.0/src/rp2_common/pico_cyw43_driver/cyw43_driver.c.o
                0x100127a0                cyw43_irq_init
 .text.cyw43_irq_deinit
                0x100127c8       0x20 CMakeFiles/firmware.dir/home/igor/.pico-sdk/sdk/2.2.0/src/rp2_common/pico_cyw43_driver/cyw43_driver.c.o
                0x100127c8                cyw43_irq_deinit
 .text.cyw43_gpio_irq_handler
                0x100127e8       0x44 CMakeFiles/firmware.dir/home/igor/.pico-sdk/sdk/2.2.0/src/rp2_common/pico_cyw43_driver/cyw43_driver.c.o
 .text.cyw43_do_poll
                0x1001282c       0x6c CMakeFiles/firmware.dir/home/igor/.pico-sdk/sdk/2.2.0/src/rp2_common/pico_cyw43_driver/cyw43_driver.c.o
 .text.cyw43_post_poll_hook
                0x10012898       0x10 CMakeFiles/firmware.dir/home/igor/.pico-sdk/sdk/2.2.0/src/rp2_common/pico_cyw43_driver/cyw43_driver.c.o
                0x10012898                cyw43_post_poll_hook
 .text.cyw43_schedule_internal_poll_dispatch
                0x100128a8       0x18 CMakeFiles/firmware.dir/home/igor/.pico-sdk/sdk/2.2.0/src/rp2_common/pico_cyw43_driver/cyw43_driver.c.o
                0x100128a8                cyw43_schedule_internal_poll_dispatch
 .text.cyw43_driver_init
                0x100128c0       0x38 CMakeFiles/firmware.dir/home/igor/.pico-sdk/sdk/2.2.0/src/rp2_common/pico_cyw43_driver/cyw43_driver.c.o
                0x100128c0                cyw43_driver_init
 .text.cyw43_driver_deinit
                0x100128f8       0x4c CMakeFiles/firmware.dir/home/igor/.pico-sdk/sdk/2.2.0/src/rp2_common/pico_cyw43_driver/cyw43_driver.c.o
                0x100128f8                cyw43_driver_deinit
 .text.cyw43_hal_generate_laa_mac
                0x10012944       0x28 CMakeFiles/firmware.dir/home/igor/.pico-sdk/sdk/2.2.0/src/rp2_common/pico_cyw43_driver/cyw43_driver.c.o
                0x10012944                cyw43_hal_generate_laa_mac
 .text.cyw43_hal_get_mac
                0x1001296c       0x14 CMakeFiles/firmware.dir/home/igor/.pico-sdk/sdk/2.2.0/src/rp2_common/pico_cyw43_driver/cyw43_driver.c.o
                0x1001296c                cyw43_hal_get_mac
 .text.cyw43_thread_enter
                0x10012980       0x14 CMakeFiles/firmware.dir/home/igor/.pico-sdk/sdk/2.2.0/src/rp2_common/pico_cyw43_driver/cyw43_driver.c.o
                0x10012980                cyw43_thread_enter
 .text.cyw43_thread_exit
                0x10012994       0x14 CMakeFiles/firmware.dir/home/igor/.pico-sdk/sdk/2.2.0/src/rp2_common/pico_cyw43_driver/cyw43_driver.c.o
                0x10012994                cyw43_thread_exit
 .text.cyw43_await_background_or_timeout_us
                0x100129a8       0x5c CMakeFiles/firmware.dir/home/igor/.pico-sdk/sdk/2.2.0/src/rp2_common/pico_cyw43_driver/cyw43_driver.c.o
                0x100129a8                cyw43_await_background_or_timeout_us
 .text.cyw43_delay_ms
                0x10012a04       0x44 CMakeFiles/firmware.dir/home/igor/.pico-sdk/sdk/2.2.0/src/rp2_common/pico_cyw43_driver/cyw43_driver.c.o
                0x10012a04                cyw43_delay_ms
 .text.cyw43_delay_us
                0x10012a48       0x30 CMakeFiles/firmware.dir/home/igor/.pico-sdk/sdk/2.2.0/src/rp2_common/pico_cyw43_driver/cyw43_driver.c.o
                0x10012a48                cyw43_delay_us
 .text.handle_sync_func_call
                0x10012a78       0x24 CMakeFiles/firmware.dir/home/igor/.pico-sdk/sdk/2.2.0/src/rp2_common/pico_async_context/async_context_threadsafe_background.c.o
 .text.async_context_threadsafe_background_acquire_lock_blocking
                0x10012a9c        0xc CMakeFiles/firmware.dir/home/igor/.pico-sdk/sdk/2.2.0/src/rp2_common/pico_async_context/async_context_threadsafe_background.c.o
 .text.process_under_lock
                0x10012aa8       0xcc CMakeFiles/firmware.dir/home/igor/.pico-sdk/sdk/2.2.0/src/rp2_common/pico_async_context/async_context_threadsafe_background.c.o
 .text.async_context_threadsafe_background_deinit
                0x10012b74       0x64 CMakeFiles/firmware.dir/home/igor/.pico-sdk/sdk/2.2.0/src/rp2_common/pico_async_context/async_context_threadsafe_background.c.o
 .text.low_priority_irq_handler
                0x10012bd8       0x3c CMakeFiles/firmware.dir/home/igor/.pico-sdk/sdk/2.2.0/src/rp2_common/pico_async_context/async_context_threadsafe_background.c.o
 .text.async_context_threadsafe_background_wait_for_work_until
                0x10012c14        0xc CMakeFiles/firmware.dir/home/igor/.pico-sdk/sdk/2.2.0/src/rp2_common/pico_async_context/async_context_threadsafe_background.c.o
 .text.async_context_threadsafe_background_wait_until
                0x10012c20       0x1c CMakeFiles/firmware.dir/home/igor/.pico-sdk/sdk/2.2.0/src/rp2_common/pico_async_context/async_context_threadsafe_background.c.o
 .text.async_context_threadsafe_background_execute_sync
                0x10012c3c       0xe0 CMakeFiles/firmware.dir/home/igor/.pico-sdk/sdk/2.2.0/src/rp2_common/pico_async_context/async_context_threadsafe_background.c.o
                0x10012c3c                async_context_threadsafe_background_execute_sync
 .text.async_context_threadsafe_background_lock_check
                0x10012d1c       0x28 CMakeFiles/firmware.dir/home/igor/.pico-sdk/sdk/2.2.0/src/rp2_common/pico_async_context/async_context_threadsafe_background.c.o
 .text.async_context_threadsafe_background_set_work_pending
                0x10012d44       0x50 CMakeFiles/firmware.dir/home/igor/.pico-sdk/sdk/2.2.0/src/rp2_common/pico_async_context/async_context_threadsafe_background.c.o
 .text.alarm_handler
                0x10012d94       0x58 CMakeFiles/firmware.dir/home/igor/.pico-sdk/sdk/2.2.0/src/rp2_common/pico_async_context/async_context_threadsafe_background.c.o
 .text.async_context_threadsafe_background_release_lock
                0x10012dec       0x7c CMakeFiles/firmware.dir/home/igor/.pico-sdk/sdk/2.2.0/src/rp2_common/pico_async_context/async_context_threadsafe_background.c.o
 .text.async_context_threadsafe_background_add_at_time_worker
                0x10012e68       0x90 CMakeFiles/firmware.dir/home/igor/.pico-sdk/sdk/2.2.0/src/rp2_common/pico_async_context/async_context_threadsafe_background.c.o
 .text.async_context_threadsafe_background_when_pending_worker
                0x10012ef8       0x90 CMakeFiles/firmware.dir/home/igor/.pico-sdk/sdk/2.2.0/src/rp2_common/pico_async_context/async_context_threadsafe_background.c.o
 .text.async_context_threadsafe_background_add_when_pending_worker
                0x10012f88       0x90 CMakeFiles/firmware.dir/home/igor/.pico-sdk/sdk/2.2.0/src/rp2_common/pico_async_context/async_context_threadsafe_background.c.o
 .text.async_context_threadsafe_background_remove_at_time_worker
                0x10013018       0x90 CMakeFiles/firmware.dir/home/igor/.pico-sdk/sdk/2.2.0/src/rp2_common/pico_async_context/async_context_threadsafe_background.c.o
 .text.async_context_threadsafe_background_default_config
                0x100130a8        0xc CMakeFiles/firmware.dir/home/igor/.pico-sdk/sdk/2.2.0/src/rp2_common/pico_async_context/async_context_threadsafe_background.c.o
                0x100130a8                async_context_threadsafe_background_default_config
 .text.async_context_threadsafe_background_init
                0x100130b4       0xa8 CMakeFiles/firmware.dir/home/igor/.pico-sdk/sdk/2.2.0/src/rp2_common/pico_async_context/async_context_threadsafe_background.c.o
                0x100130b4                async_context_threadsafe_background_init
 .text.mqtt_close
                0x1001315c       0x80 CMakeFiles/firmware.dir/home/igor/.pico-sdk/sdk/2.2.0/lib/lwip/src/apps/mqtt/mqtt.c.o
 .text.mqtt_cyclic_timer
                0x100131dc      0x13c CMakeFiles/firmware.dir/home/igor/.pico-sdk/sdk/2.2.0/lib/lwip/src/apps/mqtt/mqtt.c.o
 .text.mqtt_output_send
                0x10013318       0xf4 CMakeFiles/firmware.dir/home/igor/.pico-sdk/sdk/2.2.0/lib/lwip/src/apps/mqtt/mqtt.c.o
 .text.mqtt_tcp_sent_cb
                0x1001340c       0x6c CMakeFiles/firmware.dir/home/igor/.pico-sdk/sdk/2.2.0/lib/lwip/src/apps/mqtt/mqtt.c.o
 .text.pub_ack_rec_rel_response.isra.0
                0x10013478       0xa0 CMakeFiles/firmware.dir/home/igor/.pico-sdk/sdk/2.2.0/lib/lwip/src/apps/mqtt/mqtt.c.o
 .text.mqtt_message_received
                0x10013518      0x268 CMakeFiles/firmware.dir/home/igor/.pico-sdk/sdk/2.2.0/lib/lwip/src/apps/mqtt/mqtt.c.o
 .text.mqtt_tcp_recv_cb
                0x10013780      0x1a8 CMakeFiles/firmware.dir/home/igor/.pico-sdk/sdk/2.2.0/lib/lwip/src/apps/mqtt/mqtt.c.o
 .text.mqtt_tcp_err_cb
                0x10013928       0x50 CMakeFiles/firmware.dir/home/igor/.pico-sdk/sdk/2.2.0/lib/lwip/src/apps/mqtt/mqtt.c.o
 .text.mqtt_tcp_connect_cb
                0x10013978      0x16c CMakeFiles/firmware.dir/home/igor/.pico-sdk/sdk/2.2.0/lib/lwip/src/apps/mqtt/mqtt.c.o
 .text.mqtt_tcp_poll_cb
                0x10013ae4      0x11c CMakeFiles/firmware.dir/home/igor/.pico-sdk/sdk/2.2.0/lib/lwip/src/apps/mqtt/mqtt.c.o
 .text.mqtt_publish
                0x10013c00      0x368 CMakeFiles/firmware.dir/home/igor/.pico-sdk/sdk/2.2.0/lib/lwip/src/apps/mqtt/mqtt.c.o
                0x10013c00                mqtt_publish
 .text.mqtt_sub_unsub
                0x10013f68      0x378 CMakeFiles/firmware.dir/home/igor/.pico-sdk/sdk/2.2.0/lib/lwip/src/apps/mqtt/mqtt.c.o
                0x10013f68                mqtt_sub_unsub
 .text.mqtt_set_inpub_callback
                0x100142e0       0x18 CMakeFiles/firmware.dir/home/igor/.pico-sdk/sdk/2.2.0/lib/lwip/src/apps/mqtt/mqtt.c.o
                0x100142e0                mqtt_set_inpub_callback
 .text.mqtt_client_new
                0x100142f8       0x10 CMakeFiles/firmware.dir/home/igor/.pico-sdk/sdk/2.2.0/lib/lwip/src/apps/mqtt/mqtt.c.o
                0x100142f8                mqtt_client_new
 .text.mqtt_client_connect
                0x10014308      0x8d8 CMakeFiles/firmware.dir/home/igor/.pico-sdk/sdk/2.2.0/lib/lwip/src/apps/mqtt/mqtt.c.o
                0x10014308                mqtt_client_connect
 .text.stdio_out_chars_no_crlf
                0x10014be0       0x10 CMakeFiles/firmware.dir/home/igor/.pico-sdk/sdk/2.2.0/src/rp2_common/pico_stdio/stdio.c.o
 .text.stdio_out_chars_crlf
                0x10014bf0       0xb0 CMakeFiles/firmware.dir/home/igor/.pico-sdk/sdk/2.2.0/src/rp2_common/pico_stdio/stdio.c.o
 .text.stdio_buffered_printer
                0x10014ca0       0x64 CMakeFiles/firmware.dir/home/igor/.pico-sdk/sdk/2.2.0/src/rp2_common/pico_stdio/stdio.c.o
 .text.stdio_put_string
                0x10014d04       0xfc CMakeFiles/firmware.dir/home/igor/.pico-sdk/sdk/2.2.0/src/rp2_common/pico_stdio/stdio.c.o
                0x10014d04                stdio_put_string
 .text.stdio_set_driver_enabled
                0x10014e00       0x30 CMakeFiles/firmware.dir/home/igor/.pico-sdk/sdk/2.2.0/src/rp2_common/pico_stdio/stdio.c.o
                0x10014e00                stdio_set_driver_enabled
 .text.stdio_init_all
                0x10014e30        0x8 CMakeFiles/firmware.dir/home/igor/.pico-sdk/sdk/2.2.0/src/rp2_common/pico_stdio/stdio.c.o
                0x10014e30                stdio_init_all
 .text.__wrap_putchar
                0x10014e38       0x94 CMakeFiles/firmware.dir/home/igor/.pico-sdk/sdk/2.2.0/src/rp2_common/pico_stdio/stdio.c.o
                0x10014e38                stdio_putchar
                0x10014e38                __wrap_putchar
 .text.__wrap_puts
                0x10014ecc       0x3c CMakeFiles/firmware.dir/home/igor/.pico-sdk/sdk/2.2.0/src/rp2_common/pico_stdio/stdio.c.o
                0x10014ecc                __wrap_puts
                0x10014ecc                stdio_puts
 .text.__wrap_vprintf
                0x10014f08       0xcc CMakeFiles/firmware.dir/home/igor/.pico-sdk/sdk/2.2.0/src/rp2_common/pico_stdio/stdio.c.o
                0x10014f08                __wrap_vprintf
                0x10014f08                stdio_vprintf
 .text.__wrap_printf
                0x10014fd4       0x18 CMakeFiles/firmware.dir/home/igor/.pico-sdk/sdk/2.2.0/src/rp2_common/pico_stdio/stdio.c.o
                0x10014fd4                stdio_printf
                0x10014fd4                __wrap_printf
 .text._out_null
                0x10014fec        0x4 CMakeFiles/firmware.dir/home/igor/.pico-sdk/sdk/2.2.0/src/rp2_common/pico_printf/printf.c.o
 .text._out_rev
                0x10014ff0       0xac CMakeFiles/firmware.dir/home/igor/.pico-sdk/sdk/2.2.0/src/rp2_common/pico_printf/printf.c.o
 .text._ntoa_format
                0x1001509c      0x1cc CMakeFiles/firmware.dir/home/igor/.pico-sdk/sdk/2.2.0/src/rp2_common/pico_printf/printf.c.o
 .text._out_char
                0x10015268       0x10 CMakeFiles/firmware.dir/home/igor/.pico-sdk/sdk/2.2.0/src/rp2_common/pico_printf/printf.c.o
 .text._out_fct
                0x10015278       0x10 CMakeFiles/firmware.dir/home/igor/.pico-sdk/sdk/2.2.0/src/rp2_common/pico_printf/printf.c.o
 .text._ftoa    0x10015288      0x4a8 CMakeFiles/firmware.dir/home/igor/.pico-sdk/sdk/2.2.0/src/rp2_common/pico_printf/printf.c.o
 .text._etoa    0x10015730      0x57c CMakeFiles/firmware.dir/home/igor/.pico-sdk/sdk/2.2.0/src/rp2_common/pico_printf/printf.c.o
 .text._vsnprintf
                0x10015cac      0xbe0 CMakeFiles/firmware.dir/home/igor/.pico-sdk/sdk/2.2.0/src/rp2_common/pico_printf/printf.c.o
 .text.vfctprintf
                0x1001688c       0x24 CMakeFiles/firmware.dir/home/igor/.pico-sdk/sdk/2.2.0/src/rp2_common/pico_printf/printf.c.o
                0x1001688c                vfctprintf
 .text.weak_raw_vprintf
                0x100168b0       0x30 CMakeFiles/firmware.dir/home/igor/.pico-sdk/sdk/2.2.0/src/rp2_common/pico_printf/printf.c.o
                0x100168b0                weak_raw_vprintf
 .text.resetd_init
                0x100168e0        0x4 CMakeFiles/firmware.dir/home/igor/.pico-sdk/sdk/2.2.0/src/rp2_common/pico_stdio_usb/reset_interface.c.o
 .text.resetd_reset
                0x100168e4        0xc CMakeFiles/firmware.dir/home/igor/.pico-sdk/sdk/2.2.0/src/rp2_common/pico_stdio_usb/reset_interface.c.o
 .text.resetd_open
                0x100168f0       0x28 CMakeFiles/firmware.dir/home/igor/.pico-sdk/sdk/2.2.0/src/rp2_common/pico_stdio_usb/reset_interface.c.o
 .text.resetd_xfer_cb
                0x10016918        0x4 CMakeFiles/firmware.dir/home/igor/.pico-sdk/sdk/2.2.0/src/rp2_common/pico_stdio_usb/reset_interface.c.o
 .text.resetd_control_xfer_cb
                0x1001691c       0x54 CMakeFiles/firmware.dir/home/igor/.pico-sdk/sdk/2.2.0/src/rp2_common/pico_stdio_usb/reset_interface.c.o
 .text.tud_descriptor_bos_cb
                0x10016970        0x8 CMakeFiles/firmware.dir/home/igor/.pico-sdk/sdk/2.2.0/src/rp2_common/pico_stdio_usb/reset_interface.c.o
                0x10016970                tud_descriptor_bos_cb
 .text.tud_vendor_control_xfer_cb
                0x10016978       0x34 CMakeFiles/firmware.dir/home/igor/.pico-sdk/sdk/2.2.0/src/rp2_common/pico_stdio_usb/reset_interface.c.o
                0x10016978                tud_vendor_control_xfer_cb
 .text.usbd_app_driver_get_cb
                0x100169ac        0xc CMakeFiles/firmware.dir/home/igor/.pico-sdk/sdk/2.2.0/src/rp2_common/pico_stdio_usb/reset_interface.c.o
                0x100169ac                usbd_app_driver_get_cb
 .text.tud_cdc_line_coding_cb
                0x100169b8       0x2c CMakeFiles/firmware.dir/home/igor/.pico-sdk/sdk/2.2.0/src/rp2_common/pico_stdio_usb/reset_interface.c.o
                0x100169b8                tud_cdc_line_coding_cb
 .text.stdio_usb_set_chars_available_callback
                0x100169e4       0x14 CMakeFiles/firmware.dir/home/igor/.pico-sdk/sdk/2.2.0/src/rp2_common/pico_stdio_usb/stdio_usb.c.o
                0x100169e4                stdio_usb_set_chars_available_callback
 .text.usb_irq  0x100169f8       0x10 CMakeFiles/firmware.dir/home/igor/.pico-sdk/sdk/2.2.0/src/rp2_common/pico_stdio_usb/stdio_usb.c.o
 .text.timer_task
                0x10016a08       0x64 CMakeFiles/firmware.dir/home/igor/.pico-sdk/sdk/2.2.0/src/rp2_common/pico_stdio_usb/stdio_usb.c.o
 .text.stdio_usb_in_chars
                0x10016a6c       0x8c CMakeFiles/firmware.dir/home/igor/.pico-sdk/sdk/2.2.0/src/rp2_common/pico_stdio_usb/stdio_usb.c.o
                0x10016a6c                stdio_usb_in_chars
 .text.stdio_usb_out_flush
                0x10016af8       0x4c CMakeFiles/firmware.dir/home/igor/.pico-sdk/sdk/2.2.0/src/rp2_common/pico_stdio_usb/stdio_usb.c.o
 .text.stdio_usb_out_chars
                0x10016b44      0x100 CMakeFiles/firmware.dir/home/igor/.pico-sdk/sdk/2.2.0/src/rp2_common/pico_stdio_usb/stdio_usb.c.o
 .text.low_priority_worker_irq
                0x10016c44       0xc8 CMakeFiles/firmware.dir/home/igor/.pico-sdk/sdk/2.2.0/src/rp2_common/pico_stdio_usb/stdio_usb.c.o
 .text.stdio_usb_init
                0x10016d0c       0xe8 CMakeFiles/firmware.dir/home/igor/.pico-sdk/sdk/2.2.0/src/rp2_common/pico_stdio_usb/stdio_usb.c.o
                0x10016d0c                stdio_usb_init
 .text.tud_descriptor_device_cb
                0x10016df4        0x8 CMakeFiles/firmware.dir/home/igor/.pico-sdk/sdk/2.2.0/src/rp2_common/pico_stdio_usb/stdio_usb_descriptors.c.o
                0x10016df4                tud_descriptor_device_cb
 .text.tud_descriptor_configuration_cb
                0x10016dfc        0x8 CMakeFiles/firmware.dir/home/igor/.pico-sdk/sdk/2.2.0/src/rp2_common/pico_stdio_usb/stdio_usb_descriptors.c.o
                0x10016dfc                tud_descriptor_configuration_cb
 .text.tud_descriptor_string_cb
                0x10016e04       0x78 CMakeFiles/firmware.dir/home/igor/.pico-sdk/sdk/2.2.0/src/rp2_common/pico_stdio_usb/stdio_usb_descriptors.c.o
                0x10016e04                tud_descriptor_string_cb
 .text.dcd_init
                0x10016e7c       0x90 CMakeFiles/firmware.dir/home/igor/.pico-sdk/sdk/2.2.0/lib/tinyusb/src/portable/raspberrypi/rp2040/dcd_rp2040.c.o
                0x10016e7c                dcd_init
 .text.dcd_int_enable
                0x10016f0c        0xc CMakeFiles/firmware.dir/home/igor/.pico-sdk/sdk/2.2.0/lib/tinyusb/src/portable/raspberrypi/rp2040/dcd_rp2040.c.o
                0x10016f0c                dcd_int_enable
 .text.dcd_set_address